Component: ARM Compiler 5.06 update 7 (build 960) Tool: armlink [4d3601]

==============================================================================

Section Cross References

    application_main.o(i.Hardware_Init) refers to misc.o(i.NVIC_PriorityGroupConfig) for NVIC_PriorityGroupConfig
    application_main.o(i.Hardware_Init) refers to stm32f4xx_rcc.o(i.RCC_AHB1PeriphClockCmd) for RCC_AHB1PeriphClockCmd
    application_main.o(i.Hardware_Init) refers to stm32f4xx_rcc.o(i.RCC_APB1PeriphClockCmd) for RCC_APB1PeriphClockCmd
    application_main.o(i.Hardware_Init) refers to stm32f4xx_rcc.o(i.RCC_APB2PeriphClockCmd) for RCC_APB2PeriphClockCmd
    application_main.o(i.Hardware_Init) refers to middle_blower.o(i.Mid_Blower_Init) for Mid_Blower_Init
    application_main.o(i.Hardware_Init) refers to middle_pressure.o(i.Mid_Pressure_Init) for Mid_Pressure_Init
    application_main.o(i.Hardware_Init) refers to add_function.o(i.udelay_1ms) for udelay_1ms
    application_main.o(i.Hardware_Init) refers to middle_blower.o(i.Mid_SendToBlower) for Mid_SendToBlower
    application_main.o(i.Hardware_Init) refers to use_struct.o(.bss) for Blower_State
    application_main.o(i.MeasureStack) refers to tasks.o(i.uxTaskGetStackHighWaterMark) for uxTaskGetStackHighWaterMark
    application_main.o(i.MeasureStack) refers to tasks.o(i.vTaskDelay) for vTaskDelay
    application_main.o(i.MeasureStack) refers to application_main.o(.data) for PRESSTaskHandle
    application_main.o(i.main) refers to application_main.o(i.Hardware_Init) for Hardware_Init
    application_main.o(i.main) refers to tasks.o(i.xTaskCreate) for xTaskCreate
    application_main.o(i.main) refers to tasks.o(i.vTaskStartScheduler) for vTaskStartScheduler
    application_main.o(i.main) refers to application_main.o(.data) for PRESSTaskHandle
    application_main.o(i.main) refers to middle_pressure.o(i.Mid_CalculatePRESS) for Mid_CalculatePRESS
    application_main.o(i.main) refers to application_main.o(i.MeasureStack) for MeasureStack
    middle_blower.o(i.Mid_Blower_Init) refers to driver_blower.o(i.Dri_BlowerHardware_Init) for Dri_BlowerHardware_Init
    middle_blower.o(i.Mid_ReciveMotor) refers to add_function.o(i.Check_BlowerCRC8) for Check_BlowerCRC8
    middle_blower.o(i.Mid_ReciveMotor) refers to use_struct.o(.bss) for Blower_UartQueue
    middle_blower.o(i.Mid_ReciveMotor) refers to middle_blower.o(.data) for flag_runcommand
    middle_blower.o(i.Mid_SendToBlower) refers to add_function.o(i.Send_BlowerCRC8) for Send_BlowerCRC8
    middle_blower.o(i.Mid_SendToBlower) refers to driver_blower.o(i.Dri_BlowerControlSend) for Dri_BlowerControlSend
    middle_blower.o(i.Mid_SendToBlower) refers to use_struct.o(.bss) for Blower_UartQueue
    middle_pressure.o(i.Mid_CalculatePRESS) refers to driver_pressure.o(i.Dri_ReadPRESS_V) for Dri_ReadPRESS_V
    middle_pressure.o(i.Mid_CalculatePRESS) refers to tasks.o(i.vTaskDelay) for vTaskDelay
    middle_pressure.o(i.Mid_CalculatePRESS) refers to use_struct.o(.data) for Run_Param
    middle_pressure.o(i.Mid_Pressure_Init) refers to driver_pressure.o(i.Dri_PHardware_Init) for Dri_PHardware_Init
    driver_blower.o(i.Dri_BlowerControlSend) refers to stm32f4xx_usart.o(i.USART_ITConfig) for USART_ITConfig
    driver_blower.o(i.Dri_BlowerHardware_Init) refers to stm32f4xx_gpio.o(i.GPIO_Init) for GPIO_Init
    driver_blower.o(i.Dri_BlowerHardware_Init) refers to stm32f4xx_gpio.o(i.GPIO_PinAFConfig) for GPIO_PinAFConfig
    driver_blower.o(i.Dri_BlowerHardware_Init) refers to stm32f4xx_usart.o(i.USART_Init) for USART_Init
    driver_blower.o(i.Dri_BlowerHardware_Init) refers to misc.o(i.NVIC_Init) for NVIC_Init
    driver_blower.o(i.Dri_BlowerHardware_Init) refers to stm32f4xx_usart.o(i.USART_ITConfig) for USART_ITConfig
    driver_blower.o(i.Dri_BlowerHardware_Init) refers to stm32f4xx_gpio.o(i.GPIO_WriteBit) for GPIO_WriteBit
    driver_blower.o(i.Dri_BlowerHardware_Init) refers to add_function.o(i.udelay_1ms) for udelay_1ms
    driver_blower.o(i.Dri_BlowerHardware_Init) refers to stm32f4xx_usart.o(i.USART_Cmd) for USART_Cmd
    driver_pressure.o(i.Dri_PHardware_Init) refers to stm32f4xx_gpio.o(i.GPIO_Init) for GPIO_Init
    driver_pressure.o(i.Dri_PHardware_Init) refers to stm32f4xx_adc.o(i.ADC_Init) for ADC_Init
    driver_pressure.o(i.Dri_PHardware_Init) refers to stm32f4xx_adc.o(i.ADC_Cmd) for ADC_Cmd
    driver_pressure.o(i.Dri_ReadPRESS_V) refers to stm32f4xx_adc.o(i.ADC_ContinuousModeCmd) for ADC_ContinuousModeCmd
    driver_pressure.o(i.Dri_ReadPRESS_V) refers to stm32f4xx_adc.o(i.ADC_RegularChannelConfig) for ADC_RegularChannelConfig
    driver_pressure.o(i.Dri_ReadPRESS_V) refers to stm32f4xx_adc.o(i.ADC_SoftwareStartConv) for ADC_SoftwareStartConv
    driver_pressure.o(i.Dri_ReadPRESS_V) refers to stm32f4xx_adc.o(i.ADC_GetFlagStatus) for ADC_GetFlagStatus
    driver_pressure.o(i.Dri_ReadPRESS_V) refers to stm32f4xx_adc.o(i.ADC_GetConversionValue) for ADC_GetConversionValue
[...]
    Removing stm32f4xx_tim.o(i.TIM_SelectHallSensor), (24 bytes).
    Removing stm32f4xx_tim.o(i.TIM_SelectInputTrigger), (18 bytes).
    Removing stm32f4xx_tim.o(i.TIM_SelectMasterSlaveMode), (18 bytes).
    Removing stm32f4xx_tim.o(i.TIM_SelectOCxM), (86 bytes).
    Removing stm32f4xx_tim.o(i.TIM_SelectOnePulseMode), (18 bytes).
    Removing stm32f4xx_tim.o(i.TIM_SelectOutputTrigger), (18 bytes).
    Removing stm32f4xx_tim.o(i.TIM_SelectSlaveMode), (18 bytes).
    Removing stm32f4xx_tim.o(i.TIM_SetAutoreload), (4 bytes).
    Removing stm32f4xx_tim.o(i.TIM_SetClockDivision), (18 bytes).
    Removing stm32f4xx_tim.o(i.TIM_SetCompare1), (4 bytes).
    Removing stm32f4xx_tim.o(i.TIM_SetCompare2), (4 bytes).
    Removing stm32f4xx_tim.o(i.TIM_SetCompare3), (4 bytes).
    Removing stm32f4xx_tim.o(i.TIM_SetCompare4), (4 bytes).
    Removing stm32f4xx_tim.o(i.TIM_SetCounter), (4 bytes).
    Removing stm32f4xx_tim.o(i.TIM_SetIC1Prescaler), (18 bytes).
    Removing stm32f4xx_tim.o(i.TIM_SetIC2Prescaler), (26 bytes).
    Removing stm32f4xx_tim.o(i.TIM_SetIC3Prescaler), (18 bytes).
    Removing stm32f4xx_tim.o(i.TIM_SetIC4Prescaler), (26 bytes).
    Removing stm32f4xx_tim.o(i.TIM_TIxExternalClockConfig), (62 bytes).
    Removing stm32f4xx_tim.o(i.TIM_TimeBaseInit), (132 bytes).
    Removing stm32f4xx_tim.o(i.TIM_TimeBaseStructInit), (18 bytes).
    Removing stm32f4xx_tim.o(i.TIM_UpdateDisableConfig), (24 bytes).
    Removing stm32f4xx_tim.o(i.TIM_UpdateRequestConfig), (24 bytes).
    Removing stm32f4xx_usart.o(.rev16_text), (4 bytes).
    Removing stm32f4xx_usart.o(.revsh_text), (4 bytes).
    Removing stm32f4xx_usart.o(.rrx_text), (6 bytes).
    Removing stm32f4xx_usart.o(i.USART_ClearFlag), (18 bytes).
    Removing stm32f4xx_usart.o(i.USART_ClockInit), (32 bytes).
    Removing stm32f4xx_usart.o(i.USART_ClockStructInit), (12 bytes).
    Removing stm32f4xx_usart.o(i.USART_DMACmd), (18 bytes).
    Removing stm32f4xx_usart.o(i.USART_DeInit), (240 bytes).
    Removing stm32f4xx_usart.o(i.USART_HalfDuplexCmd), (24 bytes).
    Removing stm32f4xx_usart.o(i.USART_IrDACmd), (24 bytes).
    Removing stm32f4xx_usart.o(i.USART_IrDAConfig), (18 bytes).
    Removing stm32f4xx_usart.o(i.USART_LINBreakDetectLengthConfig), (18 bytes).
    Removing stm32f4xx_usart.o(i.USART_LINCmd), (24 bytes).
    Removing stm32f4xx_usart.o(i.USART_OneBitMethodCmd), (24 bytes).
    Removing stm32f4xx_usart.o(i.USART_OverSampling8Cmd), (22 bytes).
    Removing stm32f4xx_usart.o(i.USART_ReceiverWakeUpCmd), (24 bytes).
    Removing stm32f4xx_usart.o(i.USART_SendBreak), (10 bytes).
    Removing stm32f4xx_usart.o(i.USART_SetAddress), (18 bytes).
    Removing stm32f4xx_usart.o(i.USART_SetGuardTime), (16 bytes).
    Removing stm32f4xx_usart.o(i.USART_SetPrescaler), (16 bytes).
    Removing stm32f4xx_usart.o(i.USART_SmartCardCmd), (24 bytes).
    Removing stm32f4xx_usart.o(i.USART_SmartCardNACKCmd), (24 bytes).
    Removing stm32f4xx_usart.o(i.USART_StructInit), (24 bytes).
    Removing stm32f4xx_usart.o(i.USART_WakeUpConfig), (18 bytes).
    Removing stm32f4xx_wwdg.o(.rev16_text), (4 bytes).
    Removing stm32f4xx_wwdg.o(.revsh_text), (4 bytes).
    Removing stm32f4xx_wwdg.o(.rrx_text), (6 bytes).
    Removing stm32f4xx_wwdg.o(i.WWDG_ClearFlag), (12 bytes).
    Removing stm32f4xx_wwdg.o(i.WWDG_DeInit), (22 bytes).
    Removing stm32f4xx_wwdg.o(i.WWDG_Enable), (16 bytes).
    Removing stm32f4xx_wwdg.o(i.WWDG_EnableIT), (12 bytes).
    Removing stm32f4xx_wwdg.o(i.WWDG_GetFlagStatus), (20 bytes).
    Removing stm32f4xx_wwdg.o(i.WWDG_SetCounter), (16 bytes).
    Removing stm32f4xx_wwdg.o(i.WWDG_SetPrescaler), (24 bytes).
    Removing stm32f4xx_wwdg.o(i.WWDG_SetWindowValue), (40 bytes).
    Removing systick.o(.rev16_text), (4 bytes).
    Removing systick.o(.revsh_text), (4 bytes).
    Removing systick.o(.rrx_text), (6 bytes).
    Removing systick.o(i.NVIC_SetPriority), (40 bytes).
    Removing systick.o(i.delay_1ms), (18 bytes).
    Removing systick.o(i.delay_1us), (20 bytes).
    Removing systick.o(i.delay_decrement), (24 bytes).
    Removing systick.o(i.systick_config), (80 bytes).
    Removing systick.o(.data), (4 bytes).
    Removing system_stm32f4xx.o(.rev16_text), (4 bytes).
    Removing system_stm32f4xx.o(.revsh_text), (4 bytes).
    Removing system_stm32f4xx.o(.rrx_text), (6 bytes).
    Removing system_stm32f4xx.o(i.SystemCoreClockUpdate), (284 bytes).
    Removing startup_stm32f446xx.o(HEAP), (512 bytes).
    Removing dadd.o(.text), (334 bytes).
    Removing dmul.o(.text), (228 bytes).
    Removing ddiv.o(.text), (222 bytes).
    Removing dfixul.o(.text), (48 bytes).
    Removing cdrcmple.o(.text), (48 bytes).
    Removing depilogue.o(.text), (186 bytes).

1092 unused section(s) (total 48672 bytes) removed from the image.

==============================================================================

Image Symbol Table

    Local Symbols

    Symbol Name                              Value     Ov Type        Size  Object(Section)

    ../clib/microlib/division.c              0x00000000   Number         0  uldiv.o ABSOLUTE
    ../clib/microlib/division.c              0x00000000   Number         0  uidiv.o ABSOLUTE
    ../clib/microlib/init/entry.s            0x00000000   Number         0  entry5.o ABSOLUTE
    ../clib/microlib/init/entry.s            0x00000000   Number         0  entry8a.o ABSOLUTE
    ../clib/microlib/init/entry.s            0x00000000   Number         0  entry12b.o ABSOLUTE
    ../clib/microlib/init/entry.s            0x00000000   Number         0  entry7b.o ABSOLUTE
    ../clib/microlib/init/entry.s            0x00000000   Number         0  entry12a.o ABSOLUTE
    ../clib/microlib/init/entry.s            0x00000000   Number         0  entry2.o ABSOLUTE
    ../clib/microlib/init/entry.s            0x00000000   Number         0  entry9b.o ABSOLUTE
    ../clib/microlib/init/entry.s            0x00000000   Number         0  entry11b.o ABSOLUTE
    ../clib/microlib/init/entry.s            0x00000000   Number         0  entry9a.o ABSOLUTE
    ../clib/microlib/init/entry.s            0x00000000   Number         0  entry8b.o ABSOLUTE
    ../clib/microlib/init/entry.s            0x00000000   Number         0  entry11a.o ABSOLUTE
    ../clib/microlib/init/entry.s            0x00000000   Number         0  entry10b.o ABSOLUTE
    ../clib/microlib/init/entry.s            0x00000000   Number         0  entry10a.o ABSOLUTE
    ../clib/microlib/init/entry.s            0x00000000   Number         0  entry.o ABSOLUTE
    ../clib/microlib/init/entry.s            0x00000000   Number         0  entry7a.o ABSOLUTE
    ../clib/microlib/longlong.c              0x00000000   Number         0  llushr.o ABSOLUTE
    ../clib/microlib/longlong.c              0x00000000   Number         0  llsshr.o ABSOLUTE
    ../clib/microlib/longlong.c              0x00000000   Number         0  llshl.o ABSOLUTE
    ../clib/microlib/printf/printf.c         0x00000000   Number         0  printf2.o ABSOLUTE
    ../clib/microlib/printf/printf.c         0x00000000   Number         0  printf7.o ABSOLUTE
    ../clib/microlib/printf/printf.c         0x00000000   Number         0  printf0.o ABSOLUTE
    ../clib/microlib/printf/printf.c         0x00000000   Number         0  printfb.o ABSOLUTE
    ../clib/microlib/printf/printf.c         0x00000000   Number         0  printf4.o ABSOLUTE
    ../clib/microlib/printf/printf.c         0x00000000   Number         0  printfa.o ABSOLUTE
    ../clib/microlib/printf/printf.c         0x00000000   Number         0  printf8.o ABSOLUTE
    ../clib/microlib/printf/printf.c         0x00000000   Number         0  printf1.o ABSOLUTE
    ../clib/microlib/printf/printf.c         0x00000000   Number         0  printf3.o ABSOLUTE
    ../clib/microlib/printf/printf.c         0x00000000   Number         0  printf5.o ABSOLUTE
    ../clib/microlib/printf/printf.c         0x00000000   Number         0  printf6.o ABSOLUTE
    ../clib/microlib/printf/stubs.s          0x00000000   Number         0  stubs.o ABSOLUTE
    ../clib/microlib/stdio/fputc.c           0x00000000   Number         0  fputc.o ABSOLUTE
    ../clib/microlib/stdio/semi.s            0x00000000   Number         0  semi.o ABSOLUTE
    ../clib/microlib/stdio/streams.c         0x00000000   Number         0  stdout.o ABSOLUTE
    ../clib/microlib/string/memcpy.c         0x00000000   Number         0  memcpya.o ABSOLUTE
    ../clib/microlib/string/memcpy.c         0x00000000   Number         0  memcpyb.o ABSOLUTE
    ../clib/microlib/string/memset.c         0x00000000   Number         0  memseta.o ABSOLUTE
    ../clib/microlib/string/strcpy.c         0x00000000   Number         0  strcpy.o ABSOLUTE
    ../clib/microlib/string/strlen.c         0x00000000   Number         0  strlen.o ABSOLUTE
    ../clib/microlib/stubs.s                 0x00000000   Number         0  iusefp.o ABSOLUTE
    ../clib/microlib/stubs.s                 0x00000000   Number         0  iusesemip.o ABSOLUTE
    ../fplib/microlib/fpadd.c                0x00000000   Number         0  dadd.o ABSOLUTE
    ../fplib/microlib/fpdiv.c                0x00000000   Number         0  ddiv.o ABSOLUTE
    ../fplib/microlib/fpepilogue.c           0x00000000   Number         0  depilogue.o ABSOLUTE
    ../fplib/microlib/fpfix.c                0x00000000   Number         0  dfixul.o ABSOLUTE
    ../fplib/microlib/fpmul.c                0x00000000   Number         0  dmul.o ABSOLUTE
    ..\1.Application\Application_Main.c      0x00000000   Number         0  application_main.o ABSOLUTE
    ..\10.FreeRTOS\Source\croutine.c         0x00000000   Number         0  croutine.o ABSOLUTE
    ..\10.FreeRTOS\Source\event_groups.c     0x00000000   Number         0  event_groups.o ABSOLUTE
    ..\10.FreeRTOS\Source\list.c             0x00000000   Number         0  list.o ABSOLUTE
    ..\10.FreeRTOS\Source\portable\MemMang\heap_4.c 0x00000000   Number         0  heap_4.o ABSOLUTE
    ..\10.FreeRTOS\Source\portable\RVDS\ARM_CM4F\port.c 0x00000000   Number         0  port.o ABSOLUTE
    ..\10.FreeRTOS\Source\queue.c            0x00000000   Number         0  queue.o ABSOLUTE
    ..\10.FreeRTOS\Source\stream_buffer.c    0x00000000   Number         0  stream_buffer.o ABSOLUTE
    ..\10.FreeRTOS\Source\tasks.c            0x00000000   Number         0  tasks.o ABSOLUTE
    ..\10.FreeRTOS\Source\timers.c           0x00000000   Number         0  timers.o ABSOLUTE
    ..\2.Middle\Middle_Blower.c              0x00000000   Number         0  middle_blower.o ABSOLUTE
    ..\2.Middle\Middle_ControlBlower.c       0x00000000   Number         0  middle_controlblower.o ABSOLUTE
    ..\2.Middle\Middle_Pressure.c            0x00000000   Number         0  middle_pressure.o ABSOLUTE
    ..\3.Driver\Driver_Blower.c              0x00000000   Number         0  driver_blower.o ABSOLUTE
    ..\3.Driver\Driver_Pressure.c            0x00000000   Number         0  driver_pressure.o ABSOLUTE
    ..\3.Driver\Driver_RGB.c                 0x00000000   Number         0  driver_rgb.o ABSOLUTE
    ..\4.Common\Add_Function.c               0x00000000   Number         0  add_function.o ABSOLUTE
    ..\4.Common\Use_Struct.c                 0x00000000   Number         0  use_struct.o ABSOLUTE
    ..\6.Library\src\misc.c                  0x00000000   Number         0  misc.o ABSOLUTE
    ..\6.Library\src\stm32f4xx_adc.c         0x00000000   Number         0  stm32f4xx_adc.o ABSOLUTE
    ..\6.Library\src\stm32f4xx_can.c         0x00000000   Number         0  stm32f4xx_can.o ABSOLUTE
    ..\6.Library\src\stm32f4xx_cec.c         0x00000000   Number         0  stm32f4xx_cec.o ABSOLUTE
    ..\6.Library\src\stm32f4xx_crc.c         0x00000000   Number         0  stm32f4xx_crc.o ABSOLUTE
    ..\6.Library\src\stm32f4xx_cryp.c        0x00000000   Number         0  stm32f4xx_cryp.o ABSOLUTE
    ..\6.Library\src\stm32f4xx_cryp_aes.c    0x00000000   Number         0  stm32f4xx_cryp_aes.o ABSOLUTE
    ..\6.Library\src\stm32f4xx_cryp_des.c    0x00000000   Number         0  stm32f4xx_cryp_des.o ABSOLUTE
    ..\6.Library\src\stm32f4xx_cryp_tdes.c   0x00000000   Number         0  stm32f4xx_cryp_tdes.o ABSOLUTE
    ..\6.Library\src\stm32f4xx_dac.c         0x00000000   Number         0  stm32f4xx_dac.o ABSOLUTE
    ..\6.Library\src\stm32f4xx_dbgmcu.c      0x00000000   Number         0  stm32f4xx_dbgmcu.o ABSOLUTE
    ..\6.Library\src\stm32f4xx_dcmi.c        0x00000000   Number         0  stm32f4xx_dcmi.o ABSOLUTE
    ..\6.Library\src\stm32f4xx_dfsdm.c       0x00000000   Number         0  stm32f4xx_dfsdm.o ABSOLUTE
    ..\6.Library\src\stm32f4xx_dma.c         0x00000000   Number         0  stm32f4xx_dma.o ABSOLUTE
    ..\6.Library\src\stm32f4xx_dma2d.c       0x00000000   Number         0  stm32f4xx_dma2d.o ABSOLUTE
    ..\6.Library\src\stm32f4xx_dsi.c         0x00000000   Number         0  stm32f4xx_dsi.o ABSOLUTE
    ..\6.Library\src\stm32f4xx_exti.c        0x00000000   Number         0  stm32f4xx_exti.o ABSOLUTE
    ..\6.Library\src\stm32f4xx_flash.c       0x00000000   Number         0  stm32f4xx_flash.o ABSOLUTE
    ..\6.Library\src\stm32f4xx_flash_ramfunc.c 0x00000000   Number         0  stm32f4xx_flash_ramfunc.o ABSOLUTE
    ..\6.Library\src\stm32f4xx_fmpi2c.c      0x00000000   Number         0  stm32f4xx_fmpi2c.o ABSOLUTE
    ..\6.Library\src\stm32f4xx_gpio.c        0x00000000   Number         0  stm32f4xx_gpio.o ABSOLUTE
    ..\6.Library\src\stm32f4xx_hash.c        0x00000000   Number         0  stm32f4xx_hash.o ABSOLUTE
    ..\6.Library\src\stm32f4xx_hash_md5.c    0x00000000   Number         0  stm32f4xx_hash_md5.o ABSOLUTE
    ..\6.Library\src\stm32f4xx_hash_sha1.c   0x00000000   Number         0  stm32f4xx_hash_sha1.o ABSOLUTE
    ..\6.Library\src\stm32f4xx_i2c.c         0x00000000   Number         0  stm32f4xx_i2c.o ABSOLUTE
    ..\6.Library\src\stm32f4xx_it.c          0x00000000   Number         0  stm32f4xx_it.o ABSOLUTE
    ..\6.Library\src\stm32f4xx_iwdg.c        0x00000000   Number         0  stm32f4xx_iwdg.o ABSOLUTE
    ..\6.Library\src\stm32f4xx_lptim.c       0x00000000   Number         0  stm32f4xx_lptim.o ABSOLUTE
    ..\6.Library\src\stm32f4xx_ltdc.c        0x00000000   Number         0  stm32f4xx_ltdc.o ABSOLUTE
    ..\6.Library\src\stm32f4xx_pwr.c         0x00000000   Number         0  stm32f4xx_pwr.o ABSOLUTE
    ..\6.Library\src\stm32f4xx_qspi.c        0x00000000   Number         0  stm32f4xx_qspi.o ABSOLUTE
    ..\6.Library\src\stm32f4xx_rcc.c         0x00000000   Number         0  stm32f4xx_rcc.o ABSOLUTE
    ..\6.Library\src\stm32f4xx_rng.c         0x00000000   Number         0  stm32f4xx_rng.o ABSOLUTE
    ..\6.Library\src\stm32f4xx_rtc.c         0x00000000   Number         0  stm32f4xx_rtc.o ABSOLUTE
    ..\6.Library\src\stm32f4xx_sai.c         0x00000000   Number         0  stm32f4xx_sai.o ABSOLUTE
    ..\6.Library\src\stm32f4xx_sdio.c        0x00000000   Number         0  stm32f4xx_sdio.o ABSOLUTE
    ..\6.Library\src\stm32f4xx_spdifrx.c     0x00000000   Number         0  stm32f4xx_spdifrx.o ABSOLUTE
    ..\6.Library\src\stm32f4xx_spi.c         0x00000000   Number         0  stm32f4xx_spi.o ABSOLUTE
    ..\6.Library\src\stm32f4xx_syscfg.c      0x00000000   Number         0  stm32f4xx_syscfg.o ABSOLUTE
    ..\6.Library\src\stm32f4xx_tim.c         0x00000000   Number         0  stm32f4xx_tim.o ABSOLUTE
    ..\6.Library\src\stm32f4xx_usart.c       0x00000000   Number         0  stm32f4xx_usart.o ABSOLUTE
    ..\6.Library\src\stm32f4xx_wwdg.c        0x00000000   Number         0  stm32f4xx_wwdg.o ABSOLUTE
    ..\6.Library\src\systick.c               0x00000000   Number         0  systick.o ABSOLUTE
    ..\7.CMSIS\system_stm32f4xx.c            0x00000000   Number         0  system_stm32f4xx.o ABSOLUTE
    ..\9.Start_Up\startup_stm32f446xx.s      0x00000000   Number         0  startup_stm32f446xx.o ABSOLUTE
    ..\\1.Application\\Application_Main.c    0x00000000   Number         0  application_main.o ABSOLUTE
    ..\\10.FreeRTOS\\Source\\croutine.c      0x00000000   Number         0  croutine.o ABSOLUTE
    ..\\10.FreeRTOS\\Source\\event_groups.c  0x00000000   Number         0  event_groups.o ABSOLUTE
    ..\\10.FreeRTOS\\Source\\list.c          0x00000000   Number         0  list.o ABSOLUTE
    ..\\10.FreeRTOS\\Source\\portable\\MemMang\\heap_4.c 0x00000000   Number         0  heap_4.o ABSOLUTE
    ..\\10.FreeRTOS\\Source\\portable\\RVDS\\ARM_CM4F\\port.c 0x00000000   Number         0  port.o ABSOLUTE
    ..\\10.FreeRTOS\\Source\\queue.c         0x00000000   Number         0  queue.o ABSOLUTE
    ..\\10.FreeRTOS\\Source\\stream_buffer.c 0x00000000   Number         0  stream_buffer.o ABSOLUTE
    ..\\10.FreeRTOS\\Source\\tasks.c         0x00000000   Number         0  tasks.o ABSOLUTE
    ..\\10.FreeRTOS\\Source\\timers.c        0x00000000   Number         0  timers.o ABSOLUTE
    ..\\2.Middle\\Middle_Blower.c            0x00000000   Number         0  middle_blower.o ABSOLUTE
    ..\\2.Middle\\Middle_Pressure.c          0x00000000   Number         0  middle_pressure.o ABSOLUTE
    ..\\3.Driver\\Driver_Blower.c            0x00000000   Number         0  driver_blower.o ABSOLUTE
    ..\\3.Driver\\Driver_Pressure.c          0x00000000   Number         0  driver_pressure.o ABSOLUTE
    ..\\3.Driver\\Driver_RGB.c               0x00000000   Number         0  driver_rgb.o ABSOLUTE
    ..\\4.Common\\Add_Function.c             0x00000000   Number         0  add_function.o ABSOLUTE
    ..\\4.Common\\Use_Struct.c               0x00000000   Number         0  use_struct.o ABSOLUTE
    ..\\6.Library\\src\\misc.c               0x00000000   Number         0  misc.o ABSOLUTE
    ..\\6.Library\\src\\stm32f4xx_adc.c      0x00000000   Number         0  stm32f4xx_adc.o ABSOLUTE
    ..\\6.Library\\src\\stm32f4xx_can.c      0x00000000   Number         0  stm32f4xx_can.o ABSOLUTE
    ..\\6.Library\\src\\stm32f4xx_cec.c      0x00000000   Number         0  stm32f4xx_cec.o ABSOLUTE
    ..\\6.Library\\src\\stm32f4xx_crc.c      0x00000000   Number         0  stm32f4xx_crc.o ABSOLUTE
    ..\\6.Library\\src\\stm32f4xx_cryp.c     0x00000000   Number         0  stm32f4xx_cryp.o ABSOLUTE
    ..\\6.Library\\src\\stm32f4xx_cryp_aes.c 0x00000000   Number         0  stm32f4xx_cryp_aes.o ABSOLUTE
    ..\\6.Library\\src\\stm32f4xx_cryp_des.c 0x00000000   Number         0  stm32f4xx_cryp_des.o ABSOLUTE
    ..\\6.Library\\src\\stm32f4xx_cryp_tdes.c 0x00000000   Number         0  stm32f4xx_cryp_tdes.o ABSOLUTE
    ..\\6.Library\\src\\stm32f4xx_dac.c      0x00000000   Number         0  stm32f4xx_dac.o ABSOLUTE
    ..\\6.Library\\src\\stm32f4xx_dbgmcu.c   0x00000000   Number         0  stm32f4xx_dbgmcu.o ABSOLUTE
    ..\\6.Library\\src\\stm32f4xx_dcmi.c     0x00000000   Number         0  stm32f4xx_dcmi.o ABSOLUTE
    ..\\6.Library\\src\\stm32f4xx_dfsdm.c    0x00000000   Number         0  stm32f4xx_dfsdm.o ABSOLUTE
    ..\\6.Library\\src\\stm32f4xx_dma.c      0x00000000   Number         0  stm32f4xx_dma.o ABSOLUTE
    ..\\6.Library\\src\\stm32f4xx_dma2d.c    0x00000000   Number         0  stm32f4xx_dma2d.o ABSOLUTE
    ..\\6.Library\\src\\stm32f4xx_dsi.c      0x00000000   Number         0  stm32f4xx_dsi.o ABSOLUTE
    ..\\6.Library\\src\\stm32f4xx_exti.c     0x00000000   Number         0  stm32f4xx_exti.o ABSOLUTE
    ..\\6.Library\\src\\stm32f4xx_flash.c    0x00000000   Number         0  stm32f4xx_flash.o ABSOLUTE
    ..\\6.Library\\src\\stm32f4xx_flash_ramfunc.c 0x00000000   Number         0  stm32f4xx_flash_ramfunc.o ABSOLUTE
    ..\\6.Library\\src\\stm32f4xx_fmpi2c.c   0x00000000   Number         0  stm32f4xx_fmpi2c.o ABSOLUTE
    ..\\6.Library\\src\\stm32f4xx_gpio.c     0x00000000   Number         0  stm32f4xx_gpio.o ABSOLUTE
    ..\\6.Library\\src\\stm32f4xx_hash.c     0x00000000   Number         0  stm32f4xx_hash.o ABSOLUTE
    ..\\6.Library\\src\\stm32f4xx_hash_md5.c 0x00000000   Number         0  stm32f4xx_hash_md5.o ABSOLUTE
    ..\\6.Library\\src\\stm32f4xx_hash_sha1.c 0x00000000   Number         0  stm32f4xx_hash_sha1.o ABSOLUTE
    ..\\6.Library\\src\\stm32f4xx_i2c.c      0x00000000   Number         0  stm32f4xx_i2c.o ABSOLUTE
    ..\\6.Library\\src\\stm32f4xx_it.c       0x00000000   Number         0  stm32f4xx_it.o ABSOLUTE
    ..\\6.Library\\src\\stm32f4xx_iwdg.c     0x00000000   Number         0  stm32f4xx_iwdg.o ABSOLUTE
    ..\\6.Library\\src\\stm32f4xx_lptim.c    0x00000000   Number         0  stm32f4xx_lptim.o ABSOLUTE
    ..\\6.Library\\src\\stm32f4xx_ltdc.c     0x00000000   Number         0  stm32f4xx_ltdc.o ABSOLUTE
    ..\\6.Library\\src\\stm32f4xx_pwr.c      0x00000000   Number         0  stm32f4xx_pwr.o ABSOLUTE
    ..\\6.Library\\src\\stm32f4xx_qspi.c     0x00000000   Number         0  stm32f4xx_qspi.o ABSOLUTE
    ..\\6.Library\\src\\stm32f4xx_rcc.c      0x00000000   Number         0  stm32f4xx_rcc.o ABSOLUTE
    ..\\6.Library\\src\\stm32f4xx_rng.c      0x00000000   Number         0  stm32f4xx_rng.o ABSOLUTE
    ..\\6.Library\\src\\stm32f4xx_rtc.c      0x00000000   Number         0  stm32f4xx_rtc.o ABSOLUTE
    ..\\6.Library\\src\\stm32f4xx_sai.c      0x00000000   Number         0  stm32f4xx_sai.o ABSOLUTE
    ..\\6.Library\\src\\stm32f4xx_sdio.c     0x00000000   Number         0  stm32f4xx_sdio.o ABSOLUTE
    ..\\6.Library\\src\\stm32f4xx_spdifrx.c  0x00000000   Number         0  stm32f4xx_spdifrx.o ABSOLUTE
    ..\\6.Library\\src\\stm32f4xx_spi.c      0x00000000   Number         0  stm32f4xx_spi.o ABSOLUTE
    ..\\6.Library\\src\\stm32f4xx_syscfg.c   0x00000000   Number         0  stm32f4xx_syscfg.o ABSOLUTE
    ..\\6.Library\\src\\stm32f4xx_tim.c      0x00000000   Number         0  stm32f4xx_tim.o ABSOLUTE
    ..\\6.Library\\src\\stm32f4xx_usart.c    0x00000000   Number         0  stm32f4xx_usart.o ABSOLUTE
    ..\\6.Library\\src\\stm32f4xx_wwdg.c     0x00000000   Number         0  stm32f4xx_wwdg.o ABSOLUTE
    ..\\6.Library\\src\\systick.c            0x00000000   Number         0  systick.o ABSOLUTE
    ..\\7.CMSIS\\system_stm32f4xx.c          0x00000000   Number         0  system_stm32f4xx.o ABSOLUTE
    cdrcmple.s                               0x00000000   Number         0  cdrcmple.o ABSOLUTE
    dc.s                                     0x00000000   Number         0  dc.o ABSOLUTE
    handlers.s                               0x00000000   Number         0  handlers.o ABSOLUTE
    init.s                                   0x00000000   Number         0  init.o ABSOLUTE
    RESET                                    0x08000000   Section      452  startup_stm32f446xx.o(RESET)
    .ARM.Collect$$$$00000000                 0x080001c4   Section        0  entry.o(.ARM.Collect$$$$00000000)
    .ARM.Collect$$$$00000001                 0x080001c4   Section        4  entry2.o(.ARM.Collect$$$$00000001)
    .ARM.Collect$$$$00000004                 0x080001c8   Section        4  entry5.o(.ARM.Collect$$$$00000004)
    .ARM.Collect$$$$00000008                 0x080001cc   Section        0  entry7b.o(.ARM.Collect$$$$00000008)
    .ARM.Collect$$$$0000000A                 0x080001cc   Section        0  entry8b.o(.ARM.Collect$$$$0000000A)
    .ARM.Collect$$$$0000000B                 0x080001cc   Section        8  entry9a.o(.ARM.Collect$$$$0000000B)
    .ARM.Collect$$$$0000000E                 0x080001d4   Section        4  entry12b.o(.ARM.Collect$$$$0000000E)
    .ARM.Collect$$$$0000000F                 0x080001d8   Section        0  entry10a.o(.ARM.Collect$$$$0000000F)
    .ARM.Collect$$$$00000011                 0x080001d8   Section        0  entry11a.o(.ARM.Collect$$$$00000011)
    .ARM.Collect$$$$00002712                 0x080001d8   Section        4  entry2.o(.ARM.Collect$$$$00002712)
    __lit__00000000                          0x080001d8   Data           4  entry2.o(.ARM.Collect$$$$00002712)
    .emb_text                                0x080001dc   Section      190  port.o(.emb_text)
    $v0                                      0x080001dc   Number         0  port.o(.emb_text)
    .text                                    0x0800029c   Section       36  startup_stm32f446xx.o(.text)
    $v0                                      0x0800029c   Number         0  startup_stm32f446xx.o(.text)
    .text                                    0x080002c0   Section        0  memcpya.o(.text)
    .text                                    0x080002e4   Section        0  memseta.o(.text)
    .text                                    0x08000308   Section       36  init.o(.text)
    i.ADC_ClearFlag                          0x0800032c   Section        0  stm32f4xx_adc.o(i.ADC_ClearFlag)
    i.ADC_Cmd                                0x08000332   Section        0  stm32f4xx_adc.o(i.ADC_Cmd)
    i.ADC_ContinuousModeCmd                  0x08000348   Section        0  stm32f4xx_adc.o(i.ADC_ContinuousModeCmd)
    i.ADC_GetConversionValue                 0x0800035e   Section        0  stm32f4xx_adc.o(i.ADC_GetConversionValue)
    i.ADC_GetFlagStatus                      0x08000366   Section        0  stm32f4xx_adc.o(i.ADC_GetFlagStatus)
    i.ADC_Init                               0x08000378   Section        0  stm32f4xx_adc.o(i.ADC_Init)
    i.ADC_RegularChannelConfig               0x080003cc   Section        0  stm32f4xx_adc.o(i.ADC_RegularChannelConfig)
    i.ADC_SoftwareStartConv                  0x08000484   Section        0  stm32f4xx_adc.o(i.ADC_SoftwareStartConv)
    i.Average_Filter_Int                     0x0800048e   Section        0  add_function.o(i.Average_Filter_Int)
    i.BusFault_Handler                       0x080004e0   Section        0  stm32f4xx_it.o(i.BusFault_Handler)
    i.Check_BlowerCRC8                       0x080004e4   Section        0  add_function.o(i.Check_BlowerCRC8)
    i.DebugMon_Handler                       0x0800051e   Section        0  stm32f4xx_it.o(i.DebugMon_Handler)
    i.Dri_BlowerControlSend                  0x08000520   Section        0  driver_blower.o(i.Dri_BlowerControlSend)
    i.Dri_BlowerHardware_Init                0x08000538   Section        0  driver_blower.o(i.Dri_BlowerHardware_Init)
    i.Dri_PHardware_Init                     0x0800064c   Section        0  driver_pressure.o(i.Dri_PHardware_Init)
    i.Dri_ReadPRESS_V                        0x080006a0   Section        0  driver_pressure.o(i.Dri_ReadPRESS_V)
    i.EXTI15_10_IRQHandler                   0x08000704   Section        0  stm32f4xx_it.o(i.EXTI15_10_IRQHandler)
    i.GPIO_Init                              0x08000706   Section        0  stm32f4xx_gpio.o(i.GPIO_Init)
    i.GPIO_PinAFConfig                       0x08000796   Section        0  stm32f4xx_gpio.o(i.GPIO_PinAFConfig)
    i.GPIO_WriteBit                          0x080007dc   Section        0  stm32f4xx_gpio.o(i.GPIO_WriteBit)
    i.HardFault_Handler                      0x080007e8   Section        0  stm32f4xx_it.o(i.HardFault_Handler)
    i.Hardware_Init                          0x080007ec   Section        0  application_main.o(i.Hardware_Init)
    i.MeasureStack                           0x08000870   Section        0  application_main.o(i.MeasureStack)
    i.MemManage_Handler                      0x08000890   Section        0  stm32f4xx_it.o(i.MemManage_Handler)
    i.Mid_Blower_Init                        0x08000894   Section        0  middle_blower.o(i.Mid_Blower_Init)
    i.Mid_CalculatePRESS                     0x0800089c   Section        0  middle_pressure.o(i.Mid_CalculatePRESS)
    i.Mid_Pressure_Init                      0x0800092c   Section        0  middle_pressure.o(i.Mid_Pressure_Init)
    i.Mid_ReciveMotor                        0x08000934   Section        0  middle_blower.o(i.Mid_ReciveMotor)
    i.Mid_SendToBlower                       0x08000a2c   Section        0  middle_blower.o(i.Mid_SendToBlower)
    i.NMI_Handler                            0x08000ac0   Section        0  stm32f4xx_it.o(i.NMI_Handler)
    i.NVIC_Init                              0x08000ac4   Section        0  misc.o(i.NVIC_Init)
    i.NVIC_PriorityGroupConfig               0x08000b3c   Section        0  misc.o(i.NVIC_PriorityGroupConfig)
    i.RCC_AHB1PeriphClockCmd                 0x08000b50   Section        0  stm32f4xx_rcc.o(i.RCC_AHB1PeriphClockCmd)
    i.RCC_APB1PeriphClockCmd                 0x08000b70   Section        0  stm32f4xx_rcc.o(i.RCC_APB1PeriphClockCmd)
    i.RCC_APB2PeriphClockCmd                 0x08000b90   Section        0  stm32f4xx_rcc.o(i.RCC_APB2PeriphClockCmd)
    i.RCC_GetClocksFreq                      0x08000bb0   Section        0  stm32f4xx_rcc.o(i.RCC_GetClocksFreq)
    i.Send_BlowerCRC8                        0x08000d78   Section        0  add_function.o(i.Send_BlowerCRC8)
    i.SetSysClock                            0x08000db4   Section        0  system_stm32f4xx.o(i.SetSysClock)
    SetSysClock                              0x08000db5   Thumb Code   272  system_stm32f4xx.o(i.SetSysClock)
    i.SysTick_Handler                        0x08000ed4   Section        0  stm32f4xx_it.o(i.SysTick_Handler)
    i.SystemInit                             0x08000ee4   Section        0  system_stm32f4xx.o(i.SystemInit)
    i.TIM6_DAC_IRQHandler                    0x08000f4c   Section        0  stm32f4xx_it.o(i.TIM6_DAC_IRQHandler)
    i.USART2_IRQHandler                      0x08000f50   Section        0  stm32f4xx_it.o(i.USART2_IRQHandler)
    i.USART_ClearITPendingBit                0x08001034   Section        0  stm32f4xx_usart.o(i.USART_ClearITPendingBit)
    i.USART_Cmd                              0x08001052   Section        0  stm32f4xx_usart.o(i.USART_Cmd)
    i.USART_GetFlagStatus                    0x0800106a   Section        0  stm32f4xx_usart.o(i.USART_GetFlagStatus)
    i.USART_GetITStatus                      0x08001084   Section        0  stm32f4xx_usart.o(i.USART_GetITStatus)
    i.USART_ITConfig                         0x080010d8   Section        0  stm32f4xx_usart.o(i.USART_ITConfig)
    i.USART_Init                             0x08001124   Section        0  stm32f4xx_usart.o(i.USART_Init)
    i.USART_ReceiveData                      0x080011f8   Section        0  stm32f4xx_usart.o(i.USART_ReceiveData)
    i.USART_SendData                         0x08001202   Section        0  stm32f4xx_usart.o(i.USART_SendData)
    i.UsageFault_Handler                     0x0800120a   Section        0  stm32f4xx_it.o(i.UsageFault_Handler)
    i.__scatterload_copy                     0x0800120e   Section       14  handlers.o(i.__scatterload_copy)
    i.__scatterload_null                     0x0800121c   Section        2  handlers.o(i.__scatterload_null)
    i.__scatterload_zeroinit                 0x0800121e   Section       14  handlers.o(i.__scatterload_zeroinit)
    i.main                                   0x0800122c   Section        0  application_main.o(i.main)
    i.prvAddCurrentTaskToDelayedList         0x08001298   Section        0  tasks.o(i.prvAddCurrentTaskToDelayedList)
    prvAddCurrentTaskToDelayedList           0x08001299   Thumb Code   184  tasks.o(i.prvAddCurrentTaskToDelayedList)
    i.prvAddNewTaskToReadyList               0x0800136c   Section        0  tasks.o(i.prvAddNewTaskToReadyList)
    prvAddNewTaskToReadyList                 0x0800136d   Thumb Code   218  tasks.o(i.prvAddNewTaskToReadyList)
    i.prvCheckForValidListAndQueue           0x08001464   Section        0  timers.o(i.prvCheckForValidListAndQueue)
    prvCheckForValidListAndQueue             0x08001465   Thumb Code    72  timers.o(i.prvCheckForValidListAndQueue)
    i.prvCheckTasksWaitingTermination        0x080014c8   Section        0  tasks.o(i.prvCheckTasksWaitingTermination)
    prvCheckTasksWaitingTermination          0x080014c9   Thumb Code    60  tasks.o(i.prvCheckTasksWaitingTermination)
    i.prvCopyDataFromQueue                   0x08001510   Section        0  queue.o(i.prvCopyDataFromQueue)
    prvCopyDataFromQueue                     0x08001511   Thumb Code    42  queue.o(i.prvCopyDataFromQueue)
    i.prvCreateIdleTasks                     0x0800153c   Section        0  tasks.o(i.prvCreateIdleTasks)
    prvCreateIdleTasks                       0x0800153d   Thumb Code    86  tasks.o(i.prvCreateIdleTasks)
    i.prvCreateTask                          0x080015a4   Section        0  tasks.o(i.prvCreateTask)
    prvCreateTask                            0x080015a5   Thumb Code    90  tasks.o(i.prvCreateTask)
    i.prvDeleteTCB                           0x080015fe   Section        0  tasks.o(i.prvDeleteTCB)
    prvDeleteTCB                             0x080015ff   Thumb Code    18  tasks.o(i.prvDeleteTCB)
    i.prvGetNextExpireTime                   0x08001610   Section        0  timers.o(i.prvGetNextExpireTime)
    prvGetNextExpireTime                     0x08001611   Thumb Code    36  timers.o(i.prvGetNextExpireTime)
    i.prvHeapInit                            0x08001638   Section        0  heap_4.o(i.prvHeapInit)
    prvHeapInit                              0x08001639   Thumb Code    88  heap_4.o(i.prvHeapInit)
    i.prvIdleTask                            0x080016a4   Section        0  tasks.o(i.prvIdleTask)
    prvIdleTask                              0x080016a5   Thumb Code    32  tasks.o(i.prvIdleTask)
    i.prvInitialiseNewQueue                  0x080016cc   Section        0  queue.o(i.prvInitialiseNewQueue)
    prvInitialiseNewQueue                    0x080016cd   Thumb Code    42  queue.o(i.prvInitialiseNewQueue)
    i.prvInitialiseNewTask                   0x080016f6   Section        0  tasks.o(i.prvInitialiseNewTask)
    prvInitialiseNewTask                     0x080016f7   Thumb Code   136  tasks.o(i.prvInitialiseNewTask)
    i.prvInitialiseTaskLists                 0x08001780   Section        0  tasks.o(i.prvInitialiseTaskLists)
    prvInitialiseTaskLists                   0x08001781   Thumb Code    70  tasks.o(i.prvInitialiseTaskLists)
    i.prvInsertBlockIntoFreeList             0x080017e8   Section        0  heap_4.o(i.prvInsertBlockIntoFreeList)
    prvInsertBlockIntoFreeList               0x080017e9   Thumb Code    96  heap_4.o(i.prvInsertBlockIntoFreeList)
    i.prvInsertTimerInActiveList             0x08001850   Section        0  timers.o(i.prvInsertTimerInActiveList)
    prvInsertTimerInActiveList               0x08001851   Thumb Code    80  timers.o(i.prvInsertTimerInActiveList)
    i.prvIsQueueEmpty                        0x080018a8   Section        0  queue.o(i.prvIsQueueEmpty)
    prvIsQueueEmpty                          0x080018a9   Thumb Code    26  queue.o(i.prvIsQueueEmpty)
    i.prvProcessExpiredTimer                 0x080018c4   Section        0  timers.o(i.prvProcessExpiredTimer)
    prvProcessExpiredTimer                   0x080018c5   Thumb Code    62  timers.o(i.prvProcessExpiredTimer)
    i.prvProcessReceivedCommands             0x08001908   Section        0  timers.o(i.prvProcessReceivedCommands)
    prvProcessReceivedCommands               0x08001909   Thumb Code   278  timers.o(i.prvProcessReceivedCommands)
    i.prvProcessTimerOrBlockTask             0x08001a24   Section        0  timers.o(i.prvProcessTimerOrBlockTask)
    prvProcessTimerOrBlockTask               0x08001a25   Thumb Code   102  timers.o(i.prvProcessTimerOrBlockTask)
    i.prvReloadTimer                         0x08001a98   Section        0  timers.o(i.prvReloadTimer)
    prvReloadTimer                           0x08001a99   Thumb Code    40  timers.o(i.prvReloadTimer)
    i.prvResetNextTaskUnblockTime            0x08001ac0   Section        0  tasks.o(i.prvResetNextTaskUnblockTime)
    prvResetNextTaskUnblockTime              0x08001ac1   Thumb Code    40  tasks.o(i.prvResetNextTaskUnblockTime)
    i.prvSampleTimeNow                       0x08001af0   Section        0  timers.o(i.prvSampleTimeNow)
    prvSampleTimeNow                         0x08001af1   Thumb Code    40  timers.o(i.prvSampleTimeNow)
    i.prvSwitchTimerLists                    0x08001b1c   Section        0  timers.o(i.prvSwitchTimerLists)
    prvSwitchTimerLists                      0x08001b1d   Thumb Code    58  timers.o(i.prvSwitchTimerLists)
    i.prvTaskCheckFreeStackSpace             0x08001b60   Section        0  tasks.o(i.prvTaskCheckFreeStackSpace)
    prvTaskCheckFreeStackSpace               0x08001b61   Thumb Code    32  tasks.o(i.prvTaskCheckFreeStackSpace)
    i.prvTaskExitError                       0x08001b80   Section        0  port.o(i.prvTaskExitError)
    prvTaskExitError                         0x08001b81   Thumb Code    22  port.o(i.prvTaskExitError)
    i.prvTimerTask                           0x08001b96   Section        0  timers.o(i.prvTimerTask)
    prvTimerTask                             0x08001b97   Thumb Code    26  timers.o(i.prvTimerTask)
    i.prvUnlockQueue                         0x08001bb0   Section        0  queue.o(i.prvUnlockQueue)
    prvUnlockQueue                           0x08001bb1   Thumb Code   126  queue.o(i.prvUnlockQueue)
    i.pvPortMalloc                           0x08001c30   Section        0  heap_4.o(i.pvPortMalloc)
    i.pxPortInitialiseStack                  0x08001d30   Section        0  port.o(i.pxPortInitialiseStack)
    i.udelay_1ms                             0x08001d5c   Section        0  add_function.o(i.udelay_1ms)
    i.uxListRemove                           0x08001d7c   Section        0  list.o(i.uxListRemove)
    i.uxTaskGetStackHighWaterMark            0x08001da4   Section        0  tasks.o(i.uxTaskGetStackHighWaterMark)
    i.vListInitialise                        0x08001dcc   Section        0  list.o(i.vListInitialise)
    i.vListInitialiseItem                    0x08001de6   Section        0  list.o(i.vListInitialiseItem)
    i.vListInsert                            0x08001dec   Section        0  list.o(i.vListInsert)
    i.vPortEnterCritical                     0x08001e20   Section        0  port.o(i.vPortEnterCritical)
    i.vPortExitCritical                      0x08001e44   Section        0  port.o(i.vPortExitCritical)
    i.vPortFree                              0x08001e64   Section        0  heap_4.o(i.vPortFree)
    i.vPortSetupTimerInterrupt               0x08001ecc   Section        0  port.o(i.vPortSetupTimerInterrupt)
    i.vQueueAddToRegistry                    0x08001ef4   Section        0  queue.o(i.vQueueAddToRegistry)
    i.vQueueWaitForMessageRestricted         0x08001f3c   Section        0  queue.o(i.vQueueWaitForMessageRestricted)
    i.vTaskDelay                             0x08001f88   Section        0  tasks.o(i.vTaskDelay)
    i.vTaskInternalSetTimeOutState           0x08001fbc   Section        0  tasks.o(i.vTaskInternalSetTimeOutState)
    i.vTaskMissedYield                       0x08001fd4   Section        0  tasks.o(i.vTaskMissedYield)
    i.vTaskPlaceOnEventList                  0x08001fe0   Section        0  tasks.o(i.vTaskPlaceOnEventList)
    i.vTaskPlaceOnEventListRestricted        0x08002000   Section        0  tasks.o(i.vTaskPlaceOnEventListRestricted)
    i.vTaskStartScheduler                    0x08002050   Section        0  tasks.o(i.vTaskStartScheduler)
    i.vTaskSuspendAll                        0x080020a8   Section        0  tasks.o(i.vTaskSuspendAll)
    i.vTaskSwitchContext                     0x080020b8   Section        0  tasks.o(i.vTaskSwitchContext)
    i.xPortStartScheduler                    0x08002120   Section        0  port.o(i.xPortStartScheduler)
    i.xPortSysTickHandler                    0x08002168   Section        0  port.o(i.xPortSysTickHandler)
    i.xQueueGenericCreate                    0x0800219c   Section        0  queue.o(i.xQueueGenericCreate)
    i.xQueueGenericReset                     0x080021e8   Section        0  queue.o(i.xQueueGenericReset)
    i.xQueueReceive                          0x08002288   Section        0  queue.o(i.xQueueReceive)
    i.xTaskCheckForTimeOut                   0x0800238c   Section        0  tasks.o(i.xTaskCheckForTimeOut)
    i.xTaskCreate                            0x08002408   Section        0  tasks.o(i.xTaskCreate)
    i.xTaskGetSchedulerState                 0x08002440   Section        0  tasks.o(i.xTaskGetSchedulerState)
    i.xTaskGetTickCount                      0x08002460   Section        0  tasks.o(i.xTaskGetTickCount)
    i.xTaskIncrementTick                     0x0800246c   Section        0  tasks.o(i.xTaskIncrementTick)
    i.xTaskRemoveFromEventList               0x0800260c   Section        0  tasks.o(i.xTaskRemoveFromEventList)
    i.xTaskResumeAll                         0x08002724   Section        0  tasks.o(i.xTaskResumeAll)
    i.xTimerCreateTimerTask                  0x080028a0   Section        0  timers.o(i.xTimerCreateTimerTask)
    .data                                    0x20000000   Section       16  application_main.o(.data)
    .data                                    0x20000010   Section        1  middle_blower.o(.data)
    flag_runcommand                          0x20000010   Data           1  middle_blower.o(.data)
    .data                                    0x20000014   Section        4  use_struct.o(.data)
    .data                                    0x20000018   Section       64  tasks.o(.data)
    pxDelayedTaskList                        0x2000001c   Data           4  tasks.o(.data)
    pxOverflowDelayedTaskList                0x20000020   Data           4  tasks.o(.data)
    uxDeletedTasksWaitingCleanUp             0x20000024   Data           4  tasks.o(.data)
    uxCurrentNumberOfTasks                   0x20000028   Data           4  tasks.o(.data)
    xTickCount                               0x2000002c   Data           4  tasks.o(.data)
    uxTopReadyPriority                       0x20000030   Data           4  tasks.o(.data)
    xSchedulerRunning                        0x20000034   Data           4  tasks.o(.data)
    xPendedTicks                             0x20000038   Data           4  tasks.o(.data)
    xYieldPendings                           0x2000003c   Data           4  tasks.o(.data)
    xNumOfOverflows                          0x20000040   Data           4  tasks.o(.data)
    uxTaskNumber                             0x20000044   Data           4  tasks.o(.data)
    xNextTaskUnblockTime                     0x20000048   Data           4  tasks.o(.data)
    xIdleTaskHandles                         0x2000004c   Data           4  tasks.o(.data)
    uxTopUsedPriority                        0x20000050   Data           4  tasks.o(.data)
    uxSchedulerSuspended                     0x20000054   Data           4  tasks.o(.data)
    .data                                    0x20000058   Section       20  timers.o(.data)
    pxCurrentTimerList                       0x20000058   Data           4  timers.o(.data)
    pxOverflowTimerList                      0x2000005c   Data           4  timers.o(.data)
    xTimerQueue                              0x20000060   Data           4  timers.o(.data)
    xTimerTaskHandle                         0x20000064   Data           4  timers.o(.data)
    xLastTime                                0x20000068   Data           4  timers.o(.data)
    .data                                    0x2000006c   Section       28  heap_4.o(.data)
    xStart                                   0x2000006c   Data           8  heap_4.o(.data)
    pxEnd                                    0x20000074   Data           4  heap_4.o(.data)
    xFreeBytesRemaining                      0x20000078   Data           4  heap_4.o(.data)
    xMinimumEverFreeBytesRemaining           0x2000007c   Data           4  heap_4.o(.data)
    xNumberOfSuccessfulAllocations           0x20000080   Data           4  heap_4.o(.data)
    xNumberOfSuccessfulFrees                 0x20000084   Data           4  heap_4.o(.data)
    .data                                    0x20000088   Section        4  port.o(.data)
    uxCriticalNesting                        0x20000088   Data           4  port.o(.data)
    .data                                    0x2000008c   Section       16  stm32f4xx_rcc.o(.data)
    APBAHBPrescTable                         0x2000008c   Data          16  stm32f4xx_rcc.o(.data)
    .data                                    0x2000009c   Section       20  system_stm32f4xx.o(.data)
    .bss                                     0x200000b0   Section      416  use_struct.o(.bss)
    .bss                                     0x20000250   Section       80  queue.o(.bss)
    .bss                                     0x200002a0   Section      740  tasks.o(.bss)
    pxReadyTasksLists                        0x200002a0   Data         640  tasks.o(.bss)
    xDelayedTaskList1                        0x20000520   Data          20  tasks.o(.bss)
    xDelayedTaskList2                        0x20000534   Data          20  tasks.o(.bss)
    xPendingReadyList                        0x20000548   Data          20  tasks.o(.bss)
    xTasksWaitingTermination                 0x2000055c   Data          20  tasks.o(.bss)
    xSuspendedTaskList                       0x20000570   Data          20  tasks.o(.bss)
    .bss                                     0x20000584   Section       40  timers.o(.bss)
    xActiveTimerList1                        0x20000584   Data          20  timers.o(.bss)
    xActiveTimerList2                        0x20000598   Data          20  timers.o(.bss)
    .bss                                     0x200005ac   Section    20480  heap_4.o(.bss)
    ucHeap                                   0x200005ac   Data       20480  heap_4.o(.bss)
    STACK                                    0x200055b0   Section     1024  startup_stm32f446xx.o(STACK)

    Global Symbols

    Symbol Name                              Value     Ov Type        Size  Object(Section)

    BuildAttributes$$THM_ISAv4$E$P$D$K$B$S$7EM$VFPi3$EXTD16$VFPS$VFMA$PE$A:L22UL41UL21$X:L11$S22US41US21$IEEE1$IW$USESV6$~STKCKD$USESV7$~SHL$OSPACE$ROPI$EBA8$MICROLIB$REQ8$PRES8$EABIv2 0x00000000   Number         0  anon$$obj.o ABSOLUTE
    __ARM_use_no_argv                        0x00000000   Number         0  application_main.o ABSOLUTE
    _printf_a                                0x00000000   Number         0  stubs.o ABSOLUTE
    _printf_c                                0x00000000   Number         0  stubs.o ABSOLUTE
    _printf_charcount                        0x00000000   Number         0  stubs.o ABSOLUTE
    _printf_d                                0x00000000   Number         0  stubs.o ABSOLUTE
    _printf_e                                0x00000000   Number         0  stubs.o ABSOLUTE
    _printf_f                                0x00000000   Number         0  stubs.o ABSOLUTE
    _printf_flags                            0x00000000   Number         0  stubs.o ABSOLUTE
    _printf_fp_dec                           0x00000000   Number         0  stubs.o ABSOLUTE
    _printf_fp_hex                           0x00000000   Number         0  stubs.o ABSOLUTE
    _printf_g                                0x00000000   Number         0  stubs.o ABSOLUTE
    _printf_i                                0x00000000   Number         0  stubs.o ABSOLUTE
    _printf_int_dec                          0x00000000   Number         0  stubs.o ABSOLUTE
    _printf_l                                0x00000000   Number         0  stubs.o ABSOLUTE
    _printf_lc                               0x00000000   Number         0  stubs.o ABSOLUTE
    _printf_ll                               0x00000000   Number         0  stubs.o ABSOLUTE
    _printf_lld                              0x00000000   Number         0  stubs.o ABSOLUTE
    _printf_lli                              0x00000000   Number         0  stubs.o ABSOLUTE
    _printf_llo                              0x00000000   Number         0  stubs.o ABSOLUTE
    _printf_llu                              0x00000000   Number         0  stubs.o ABSOLUTE
    _printf_llx                              0x00000000   Number         0  stubs.o ABSOLUTE
    _printf_longlong_dec                     0x00000000   Number         0  stubs.o ABSOLUTE
    _printf_longlong_hex                     0x00000000   Number         0  stubs.o ABSOLUTE
    _printf_longlong_oct                     0x00000000   Number         0  stubs.o ABSOLUTE
    _printf_ls                               0x00000000   Number         0  stubs.o ABSOLUTE
    _printf_mbtowc                           0x00000000   Number         0  stubs.o ABSOLUTE
    _printf_n                                0x00000000   Number         0  stubs.o ABSOLUTE
    _printf_o                                0x00000000   Number         0  stubs.o ABSOLUTE
    _printf_p                                0x00000000   Number         0  stubs.o ABSOLUTE
    _printf_percent                          0x00000000   Number         0  stubs.o ABSOLUTE
    _printf_pre_padding                      0x00000000   Number         0  stubs.o ABSOLUTE
    _printf_return_value                     0x00000000   Number         0  stubs.o ABSOLUTE
    _printf_s                                0x00000000   Number         0  stubs.o ABSOLUTE
    _printf_sizespec                         0x00000000   Number         0  stubs.o ABSOLUTE
    _printf_str                              0x00000000   Number         0  stubs.o ABSOLUTE
    _printf_truncate_signed                  0x00000000   Number         0  stubs.o ABSOLUTE
    _printf_truncate_unsigned                0x00000000   Number         0  stubs.o ABSOLUTE
    _printf_u                                0x00000000   Number         0  stubs.o ABSOLUTE
    _printf_wc                               0x00000000   Number         0  stubs.o ABSOLUTE
    _printf_wctomb                           0x00000000   Number         0  stubs.o ABSOLUTE
    _printf_widthprec                        0x00000000   Number         0  stubs.o ABSOLUTE
    _printf_x                                0x00000000   Number         0  stubs.o ABSOLUTE
    __arm_fini_                               - Undefined Weak Reference
    __cpp_initialize__aeabi_                  - Undefined Weak Reference
    __cxa_finalize                            - Undefined Weak Reference
    __decompress                              - Undefined Weak Reference
    _clock_init                               - Undefined Weak Reference
    _microlib_exit                            - Undefined Weak Reference
    __Vectors_Size                           0x000001c4   Number         0  startup_stm32f446xx.o ABSOLUTE
    __Vectors                                0x08000000   Data           4  startup_stm32f446xx.o(RESET)
    __Vectors_End                            0x080001c4   Data           0  startup_stm32f446xx.o(RESET)
    __main                                   0x080001c5   Thumb Code     0  entry.o(.ARM.Collect$$$$00000000)
    _main_stk                                0x080001c5   Thumb Code     0  entry2.o(.ARM.Collect$$$$00000001)
    _main_scatterload                        0x080001c9   Thumb Code     0  entry5.o(.ARM.Collect$$$$00000004)
    __main_after_scatterload                 0x080001cd   Thumb Code     0  entry5.o(.ARM.Collect$$$$00000004)
    _main_clock                              0x080001cd   Thumb Code     0  entry7b.o(.ARM.Collect$$$$00000008)
    _main_cpp_init                           0x080001cd   Thumb Code     0  entry8b.o(.ARM.Collect$$$$0000000A)
    _main_init                               0x080001cd   Thumb Code     0  entry9a.o(.ARM.Collect$$$$0000000B)
    __rt_lib_shutdown_fini                   0x080001d5   Thumb Code     0  entry12b.o(.ARM.Collect$$$$0000000E)
    __rt_final_cpp                           0x080001d9   Thumb Code     0  entry10a.o(.ARM.Collect$$$$0000000F)
    __rt_final_exit                          0x080001d9   Thumb Code     0  entry11a.o(.ARM.Collect$$$$00000011)
    SVC_Handler                              0x080001dd   Thumb Code    28  port.o(.emb_text)
    __asm___6_port_c_39a90d8d__prvStartFirstTask 0x080001fd   Thumb Code    36  port.o(.emb_text)
    __asm___6_port_c_39a90d8d__prvEnableVFP  0x08000225   Thumb Code    16  port.o(.emb_text)
    PendSV_Handler                           0x08000239   Thumb Code    88  port.o(.emb_text)
    vPortGetIPSR                             0x08000295   Thumb Code     6  port.o(.emb_text)
    Reset_Handler                            0x0800029d   Thumb Code     8  startup_stm32f446xx.o(.text)
    ADC_IRQHandler                           0x080002b7   Thumb Code     0  startup_stm32f446xx.o(.text)
    CAN1_RX0_IRQHandler                      0x080002b7   Thumb Code     0  startup_stm32f446xx.o(.text)
    CAN1_RX1_IRQHandler                      0x080002b7   Thumb Code     0  startup_stm32f446xx.o(.text)
    CAN1_SCE_IRQHandler                      0x080002b7   Thumb Code     0  startup_stm32f446xx.o(.text)
    CAN1_TX_IRQHandler                       0x080002b7   Thumb Code     0  startup_stm32f446xx.o(.text)
    CAN2_RX0_IRQHandler                      0x080002b7   Thumb Code     0  startup_stm32f446xx.o(.text)
    CAN2_RX1_IRQHandler                      0x080002b7   Thumb Code     0  startup_stm32f446xx.o(.text)
    CAN2_SCE_IRQHandler                      0x080002b7   Thumb Code     0  startup_stm32f446xx.o(.text)
    CAN2_TX_IRQHandler                       0x080002b7   Thumb Code     0  startup_stm32f446xx.o(.text)
    CEC_IRQHandler                           0x080002b7   Thumb Code     0  startup_stm32f446xx.o(.text)
    DCMI_IRQHandler                          0x080002b7   Thumb Code     0  startup_stm32f446xx.o(.text)
    DMA1_Stream0_IRQHandler                  0x080002b7   Thumb Code     0  startup_stm32f446xx.o(.text)
    DMA1_Stream1_IRQHandler                  0x080002b7   Thumb Code     0  startup_stm32f446xx.o(.text)
    DMA1_Stream2_IRQHandler                  0x080002b7   Thumb Code     0  startup_stm32f446xx.o(.text)
    DMA1_Stream3_IRQHandler                  0x080002b7   Thumb Code     0  startup_stm32f446xx.o(.text)
    DMA1_Stream4_IRQHandler                  0x080002b7   Thumb Code     0  startup_stm32f446xx.o(.text)
    DMA1_Stream5_IRQHandler                  0x080002b7   Thumb Code     0  startup_stm32f446xx.o(.text)
    DMA1_Stream6_IRQHandler                  0x080002b7   Thumb Code     0  startup_stm32f446xx.o(.text)
    DMA1_Stream7_IRQHandler                  0x080002b7   Thumb Code     0  startup_stm32f446xx.o(.text)
    DMA2_Stream0_IRQHandler                  0x080002b7   Thumb Code     0  startup_stm32f446xx.o(.text)
    DMA2_Stream1_IRQHandler                  0x080002b7   Thumb Code     0  startup_stm32f446xx.o(.text)
    DMA2_Stream2_IRQHandler                  0x080002b7   Thumb Code     0  startup_stm32f446xx.o(.text)
    DMA2_Stream3_IRQHandler                  0x080002b7   Thumb Code     0  startup_stm32f446xx.o(.text)
    DMA2_Stream4_IRQHandler                  0x080002b7   Thumb Code     0  startup_stm32f446xx.o(.text)
    DMA2_Stream5_IRQHandler                  0x080002b7   Thumb Code     0  startup_stm32f446xx.o(.text)
    DMA2_Stream6_IRQHandler                  0x080002b7   Thumb Code     0  startup_stm32f446xx.o(.text)
    DMA2_Stream7_IRQHandler                  0x080002b7   Thumb Code     0  startup_stm32f446xx.o(.text)
    EXTI0_IRQHandler                         0x080002b7   Thumb Code     0  startup_stm32f446xx.o(.text)
    EXTI1_IRQHandler                         0x080002b7   Thumb Code     0  startup_stm32f446xx.o(.text)
    EXTI2_IRQHandler                         0x080002b7   Thumb Code     0  startup_stm32f446xx.o(.text)
    EXTI3_IRQHandler                         0x080002b7   Thumb Code     0  startup_stm32f446xx.o(.text)
    EXTI4_IRQHandler                         0x080002b7   Thumb Code     0  startup_stm32f446xx.o(.text)
    EXTI9_5_IRQHandler                       0x080002b7   Thumb Code     0  startup_stm32f446xx.o(.text)
    FLASH_IRQHandler                         0x080002b7   Thumb Code     0  startup_stm32f446xx.o(.text)
    FMC_IRQHandler                           0x080002b7   Thumb Code     0  startup_stm32f446xx.o(.text)
    FMPI2C1_Error_IRQHandler                 0x080002b7   Thumb Code     0  startup_stm32f446xx.o(.text)
    FMPI2C1_Event_IRQHandler                 0x080002b7   Thumb Code     0  startup_stm32f446xx.o(.text)
    FPU_IRQHandler                           0x080002b7   Thumb Code     0  startup_stm32f446xx.o(.text)
    I2C1_ER_IRQHandler                       0x080002b7   Thumb Code     0  startup_stm32f446xx.o(.text)
    I2C1_EV_IRQHandler                       0x080002b7   Thumb Code     0  startup_stm32f446xx.o(.text)
    I2C2_ER_IRQHandler                       0x080002b7   Thumb Code     0  startup_stm32f446xx.o(.text)
    I2C2_EV_IRQHandler                       0x080002b7   Thumb Code     0  startup_stm32f446xx.o(.text)
    I2C3_ER_IRQHandler                       0x080002b7   Thumb Code     0  startup_stm32f446xx.o(.text)
    I2C3_EV_IRQHandler                       0x080002b7   Thumb Code     0  startup_stm32f446xx.o(.text)
    OTG_FS_IRQHandler                        0x080002b7   Thumb Code     0  startup_stm32f446xx.o(.text)
    OTG_FS_WKUP_IRQHandler                   0x080002b7   Thumb Code     0  startup_stm32f446xx.o(.text)
    OTG_HS_EP1_IN_IRQHandler                 0x080002b7   Thumb Code     0  startup_stm32f446xx.o(.text)
    OTG_HS_EP1_OUT_IRQHandler                0x080002b7   Thumb Code     0  startup_stm32f446xx.o(.text)
    OTG_HS_IRQHandler                        0x080002b7   Thumb Code     0  startup_stm32f446xx.o(.text)
    OTG_HS_WKUP_IRQHandler                   0x080002b7   Thumb Code     0  startup_stm32f446xx.o(.text)
    PVD_IRQHandler                           0x080002b7   Thumb Code     0  startup_stm32f446xx.o(.text)
    QuadSPI_IRQHandler                       0x080002b7   Thumb Code     0  startup_stm32f446xx.o(.text)
    RCC_IRQHandler                           0x080002b7   Thumb Code     0  startup_stm32f446xx.o(.text)
    RTC_Alarm_IRQHandler                     0x080002b7   Thumb Code     0  startup_stm32f446xx.o(.text)
    RTC_WKUP_IRQHandler                      0x080002b7   Thumb Code     0  startup_stm32f446xx.o(.text)
    SAI1_IRQHandler                          0x080002b7   Thumb Code     0  startup_stm32f446xx.o(.text)
    SAI2_IRQHandler                          0x080002b7   Thumb Code     0  startup_stm32f446xx.o(.text)
    SDIO_IRQHandler                          0x080002b7   Thumb Code     0  startup_stm32f446xx.o(.text)
    SPDIF_RX_IRQHandler                      0x080002b7   Thumb Code     0  startup_stm32f446xx.o(.text)
    SPI1_IRQHandler                          0x080002b7   Thumb Code     0  startup_stm32f446xx.o(.text)
    SPI2_IRQHandler                          0x080002b7   Thumb Code     0  startup_stm32f446xx.o(.text)
    SPI3_IRQHandler                          0x080002b7   Thumb Code     0  startup_stm32f446xx.o(.text)
    SPI4_IRQHandler                          0x080002b7   Thumb Code     0  startup_stm32f446xx.o(.text)
    TAMP_STAMP_IRQHandler                    0x080002b7   Thumb Code     0  startup_stm32f446xx.o(.text)
    TIM1_BRK_TIM9_IRQHandler                 0x080002b7   Thumb Code     0  startup_stm32f446xx.o(.text)
    TIM1_CC_IRQHandler                       0x080002b7   Thumb Code     0  startup_stm32f446xx.o(.text)
    TIM1_TRG_COM_TIM11_IRQHandler            0x080002b7   Thumb Code     0  startup_stm32f446xx.o(.text)
    TIM1_UP_TIM10_IRQHandler                 0x080002b7   Thumb Code     0  startup_stm32f446xx.o(.text)
    TIM2_IRQHandler                          0x080002b7   Thumb Code     0  startup_stm32f446xx.o(.text)
    TIM3_IRQHandler                          0x080002b7   Thumb Code     0  startup_stm32f446xx.o(.text)
    TIM4_IRQHandler                          0x080002b7   Thumb Code     0  startup_stm32f446xx.o(.text)
    TIM5_IRQHandler                          0x080002b7   Thumb Code     0  startup_stm32f446xx.o(.text)
    TIM7_IRQHandler                          0x080002b7   Thumb Code     0  startup_stm32f446xx.o(.text)
    TIM8_BRK_TIM12_IRQHandler                0x080002b7   Thumb Code     0  startup_stm32f446xx.o(.text)
    TIM8_CC_IRQHandler                       0x080002b7   Thumb Code     0  startup_stm32f446xx.o(.text)
    TIM8_TRG_COM_TIM14_IRQHandler            0x080002b7   Thumb Code     0  startup_stm32f446xx.o(.text)
    TIM8_UP_TIM13_IRQHandler                 0x080002b7   Thumb Code     0  startup_stm32f446xx.o(.text)
    UART4_IRQHandler                         0x080002b7   Thumb Code     0  startup_stm32f446xx.o(.text)
    UART5_IRQHandler                         0x080002b7   Thumb Code     0  startup_stm32f446xx.o(.text)
    USART1_IRQHandler                        0x080002b7   Thumb Code     0  startup_stm32f446xx.o(.text)
    USART3_IRQHandler                        0x080002b7   Thumb Code     0  startup_stm32f446xx.o(.text)
    USART6_IRQHandler                        0x080002b7   Thumb Code     0  startup_stm32f446xx.o(.text)
    WWDG_IRQHandler                          0x080002b7   Thumb Code     0  startup_stm32f446xx.o(.text)
    __aeabi_memcpy                           0x080002c1   Thumb Code    36  memcpya.o(.text)
    __aeabi_memcpy4                          0x080002c1   Thumb Code     0  memcpya.o(.text)
    __aeabi_memcpy8                          0x080002c1   Thumb Code     0  memcpya.o(.text)
    __aeabi_memset                           0x080002e5   Thumb Code    14  memseta.o(.text)
    __aeabi_memset4                          0x080002e5   Thumb Code     0  memseta.o(.text)
    __aeabi_memset8                          0x080002e5   Thumb Code     0  memseta.o(.text)
    __aeabi_memclr                           0x080002f3   Thumb Code     4  memseta.o(.text)
    __aeabi_memclr4                          0x080002f3   Thumb Code     0  memseta.o(.text)
    __aeabi_memclr8                          0x080002f3   Thumb Code     0  memseta.o(.text)
    _memset$wrapper                          0x080002f7   Thumb Code    18  memseta.o(.text)
    __scatterload                            0x08000309   Thumb Code    28  init.o(.text)
    __scatterload_rt2                        0x08000309   Thumb Code     0  init.o(.text)
    ADC_ClearFlag                            0x0800032d   Thumb Code     6  stm32f4xx_adc.o(i.ADC_ClearFlag)
    ADC_Cmd                                  0x08000333   Thumb Code    22  stm32f4xx_adc.o(i.ADC_Cmd)
    ADC_ContinuousModeCmd                    0x08000349   Thumb Code    22  stm32f4xx_adc.o(i.ADC_ContinuousModeCmd)
    ADC_GetConversionValue                   0x0800035f   Thumb Code     8  stm32f4xx_adc.o(i.ADC_GetConversionValue)
    ADC_GetFlagStatus                        0x08000367   Thumb Code    18  stm32f4xx_adc.o(i.ADC_GetFlagStatus)
    ADC_Init                                 0x08000379   Thumb Code    74  stm32f4xx_adc.o(i.ADC_Init)
    ADC_RegularChannelConfig                 0x080003cd   Thumb Code   184  stm32f4xx_adc.o(i.ADC_RegularChannelConfig)
    ADC_SoftwareStartConv                    0x08000485   Thumb Code    10  stm32f4xx_adc.o(i.ADC_SoftwareStartConv)
    Average_Filter_Int                       0x0800048f   Thumb Code    82  add_function.o(i.Average_Filter_Int)
    BusFault_Handler                         0x080004e1   Thumb Code     4  stm32f4xx_it.o(i.BusFault_Handler)
    Check_BlowerCRC8                         0x080004e5   Thumb Code    58  add_function.o(i.Check_BlowerCRC8)
    DebugMon_Handler                         0x0800051f   Thumb Code     2  stm32f4xx_it.o(i.DebugMon_Handler)
    Dri_BlowerControlSend                    0x08000521   Thumb Code    18  driver_blower.o(i.Dri_BlowerControlSend)
    Dri_BlowerHardware_Init                  0x08000539   Thumb Code   264  driver_blower.o(i.Dri_BlowerHardware_Init)
    Dri_PHardware_Init                       0x0800064d   Thumb Code    76  driver_pressure.o(i.Dri_PHardware_Init)
    Dri_ReadPRESS_V                          0x080006a1   Thumb Code    96  driver_pressure.o(i.Dri_ReadPRESS_V)
    EXTI15_10_IRQHandler                     0x08000705   Thumb Code     2  stm32f4xx_it.o(i.EXTI15_10_IRQHandler)
    GPIO_Init                                0x08000707   Thumb Code   144  stm32f4xx_gpio.o(i.GPIO_Init)
    GPIO_PinAFConfig                         0x08000797   Thumb Code    70  stm32f4xx_gpio.o(i.GPIO_PinAFConfig)
    GPIO_WriteBit                            0x080007dd   Thumb Code    12  stm32f4xx_gpio.o(i.GPIO_WriteBit)
    HardFault_Handler                        0x080007e9   Thumb Code     4  stm32f4xx_it.o(i.HardFault_Handler)
    Hardware_Init                            0x080007ed   Thumb Code   126  application_main.o(i.Hardware_Init)
    MeasureStack                             0x08000871   Thumb Code    22  application_main.o(i.MeasureStack)
    MemManage_Handler                        0x08000891   Thumb Code     4  stm32f4xx_it.o(i.MemManage_Handler)
    Mid_Blower_Init                          0x08000895   Thumb Code     8  middle_blower.o(i.Mid_Blower_Init)
    Mid_CalculatePRESS                       0x0800089d   Thumb Code   114  middle_pressure.o(i.Mid_CalculatePRESS)
    Mid_Pressure_Init                        0x0800092d   Thumb Code     8  middle_pressure.o(i.Mid_Pressure_Init)
    Mid_ReciveMotor                          0x08000935   Thumb Code   234  middle_blower.o(i.Mid_ReciveMotor)
    Mid_SendToBlower                         0x08000a2d   Thumb Code   142  middle_blower.o(i.Mid_SendToBlower)
    NMI_Handler                              0x08000ac1   Thumb Code     2  stm32f4xx_it.o(i.NMI_Handler)
    NVIC_Init                                0x08000ac5   Thumb Code   106  misc.o(i.NVIC_Init)
    NVIC_PriorityGroupConfig                 0x08000b3d   Thumb Code    10  misc.o(i.NVIC_PriorityGroupConfig)
    RCC_AHB1PeriphClockCmd                   0x08000b51   Thumb Code    26  stm32f4xx_rcc.o(i.RCC_AHB1PeriphClockCmd)
    RCC_APB1PeriphClockCmd                   0x08000b71   Thumb Code    26  stm32f4xx_rcc.o(i.RCC_APB1PeriphClockCmd)
    RCC_APB2PeriphClockCmd                   0x08000b91   Thumb Code    26  stm32f4xx_rcc.o(i.RCC_APB2PeriphClockCmd)
    RCC_GetClocksFreq                        0x08000bb1   Thumb Code   440  stm32f4xx_rcc.o(i.RCC_GetClocksFreq)
    Send_BlowerCRC8                          0x08000d79   Thumb Code    58  add_function.o(i.Send_BlowerCRC8)
    SysTick_Handler                          0x08000ed5   Thumb Code    16  stm32f4xx_it.o(i.SysTick_Handler)
    SystemInit                               0x08000ee5   Thumb Code    88  system_stm32f4xx.o(i.SystemInit)
    TIM6_DAC_IRQHandler                      0x08000f4d   Thumb Code     2  stm32f4xx_it.o(i.TIM6_DAC_IRQHandler)
    USART2_IRQHandler                        0x08000f51   Thumb Code   218  stm32f4xx_it.o(i.USART2_IRQHandler)
    USART_ClearITPendingBit                  0x08001035   Thumb Code    30  stm32f4xx_usart.o(i.USART_ClearITPendingBit)
    USART_Cmd                                0x08001053   Thumb Code    24  stm32f4xx_usart.o(i.USART_Cmd)
    USART_GetFlagStatus                      0x0800106b   Thumb Code    26  stm32f4xx_usart.o(i.USART_GetFlagStatus)
    USART_GetITStatus                        0x08001085   Thumb Code    84  stm32f4xx_usart.o(i.USART_GetITStatus)
    USART_ITConfig                           0x080010d9   Thumb Code    74  stm32f4xx_usart.o(i.USART_ITConfig)
    USART_Init                               0x08001125   Thumb Code   204  stm32f4xx_usart.o(i.USART_Init)
    USART_ReceiveData                        0x080011f9   Thumb Code    10  stm32f4xx_usart.o(i.USART_ReceiveData)
    USART_SendData                           0x08001203   Thumb Code     8  stm32f4xx_usart.o(i.USART_SendData)
    UsageFault_Handler                       0x0800120b   Thumb Code     4  stm32f4xx_it.o(i.UsageFault_Handler)
    __scatterload_copy                       0x0800120f   Thumb Code    14  handlers.o(i.__scatterload_copy)
    __scatterload_null                       0x0800121d   Thumb Code     2  handlers.o(i.__scatterload_null)
    __scatterload_zeroinit                   0x0800121f   Thumb Code    14  handlers.o(i.__scatterload_zeroinit)
    main                                     0x0800122d   Thumb Code    54  application_main.o(i.main)
    pvPortMalloc                             0x08001c31   Thumb Code   234  heap_4.o(i.pvPortMalloc)
    pxPortInitialiseStack                    0x08001d31   Thumb Code    38  port.o(i.pxPortInitialiseStack)
    udelay_1ms                               0x08001d5d   Thumb Code    32  add_function.o(i.udelay_1ms)
    uxListRemove                             0x08001d7d   Thumb Code    40  list.o(i.uxListRemove)
    uxTaskGetStackHighWaterMark              0x08001da5   Thumb Code    34  tasks.o(i.uxTaskGetStackHighWaterMark)
    vListInitialise                          0x08001dcd   Thumb Code    26  list.o(i.vListInitialise)
    vListInitialiseItem                      0x08001de7   Thumb Code     6  list.o(i.vListInitialiseItem)
    vListInsert                              0x08001ded   Thumb Code    52  list.o(i.vListInsert)
    vPortEnterCritical                       0x08001e21   Thumb Code    30  port.o(i.vPortEnterCritical)
    vPortExitCritical                        0x08001e45   Thumb Code    28  port.o(i.vPortExitCritical)
    vPortFree                                0x08001e65   Thumb Code    96  heap_4.o(i.vPortFree)
    vPortSetupTimerInterrupt                 0x08001ecd   Thumb Code    36  port.o(i.vPortSetupTimerInterrupt)
    vQueueAddToRegistry                      0x08001ef5   Thumb Code    66  queue.o(i.vQueueAddToRegistry)
    vQueueWaitForMessageRestricted           0x08001f3d   Thumb Code    74  queue.o(i.vQueueWaitForMessageRestricted)
    vTaskDelay                               0x08001f89   Thumb Code    46  tasks.o(i.vTaskDelay)
    vTaskInternalSetTimeOutState             0x08001fbd   Thumb Code    14  tasks.o(i.vTaskInternalSetTimeOutState)
    vTaskMissedYield                         0x08001fd5   Thumb Code     8  tasks.o(i.vTaskMissedYield)
    vTaskPlaceOnEventList                    0x08001fe1   Thumb Code    28  tasks.o(i.vTaskPlaceOnEventList)
    vTaskPlaceOnEventListRestricted          0x08002001   Thumb Code    74  tasks.o(i.vTaskPlaceOnEventListRestricted)
    vTaskStartScheduler                      0x08002051   Thumb Code    70  tasks.o(i.vTaskStartScheduler)
    vTaskSuspendAll                          0x080020a9   Thumb Code    12  tasks.o(i.vTaskSuspendAll)
    vTaskSwitchContext                       0x080020b9   Thumb Code    84  tasks.o(i.vTaskSwitchContext)
    xPortStartScheduler                      0x08002121   Thumb Code    58  port.o(i.xPortStartScheduler)
    xPortSysTickHandler                      0x08002169   Thumb Code    46  port.o(i.xPortSysTickHandler)
    xQueueGenericCreate                      0x0800219d   Thumb Code    76  queue.o(i.xQueueGenericCreate)
    xQueueGenericReset                       0x080021e9   Thumb Code   156  queue.o(i.xQueueGenericReset)
    xQueueReceive                            0x08002289   Thumb Code   256  queue.o(i.xQueueReceive)
    xTaskCheckForTimeOut                     0x0800238d   Thumb Code   112  tasks.o(i.xTaskCheckForTimeOut)
    xTaskCreate                              0x08002409   Thumb Code    56  tasks.o(i.xTaskCreate)
    xTaskGetSchedulerState                   0x08002441   Thumb Code    24  tasks.o(i.xTaskGetSchedulerState)
    xTaskGetTickCount                        0x08002461   Thumb Code     6  tasks.o(i.xTaskGetTickCount)
    xTaskIncrementTick                       0x0800246d   Thumb Code   372  tasks.o(i.xTaskIncrementTick)
    xTaskRemoveFromEventList                 0x0800260d   Thumb Code   256  tasks.o(i.xTaskRemoveFromEventList)
    xTaskResumeAll                           0x08002725   Thumb Code   344  tasks.o(i.xTaskResumeAll)
    xTimerCreateTimerTask                    0x080028a1   Thumb Code    42  timers.o(i.xTimerCreateTimerTask)
    Region$$Table$$Base                      0x080028e0   Number         0  anon$$obj.o(Region$$Table)
    Region$$Table$$Limit                     0x08002900   Number         0  anon$$obj.o(Region$$Table)
    PRESSTaskHandle                          0x20000000   Data           4  application_main.o(.data)
    MeasureTaskHandle                        0x20000004   Data           4  application_main.o(.data)
    PRESSQueue_Handle                        0x20000008   Data           4  application_main.o(.data)
    ii                                       0x2000000c   Data           4  application_main.o(.data)
    Run_Param                                0x20000014   Data           4  use_struct.o(.data)
    pxCurrentTCB                             0x20000018   Data           4  tasks.o(.data)
    SystemCoreClock                          0x2000009c   Data           4  system_stm32f4xx.o(.data)
    AHBPrescTable                            0x200000a0   Data          16  system_stm32f4xx.o(.data)
    Blower_UartQueue                         0x200000b0   Data         404  use_struct.o(.bss)
    Blower_State                             0x20000244   Data          12  use_struct.o(.bss)
    xQueueRegistry                           0x20000250   Data          80  queue.o(.bss)
    __initial_sp                             0x200059b0   Data           0  startup_stm32f446xx.o(STACK)



==============================================================================

Memory Map of the image

  Image Entry point : 0x080001c5

  Load Region LR_IROM1 (Base: 0x08000000, Size: 0x000029b0, Max: 0x00080000, ABSOLUTE)

    Execution Region ER_IROM1 (Exec base: 0x08000000, Load base: 0x08000000, Size: 0x00002900, Max: 0x00080000, ABSOLUTE)

    Exec Addr    Load Addr    Size         Type   Attr      Idx    E Section Name        Object

    0x08000000   0x08000000   0x000001c4   Data   RO         7496    RESET               startup_stm32f446xx.o
    0x080001c4   0x080001c4   0x00000000   Code   RO         7501  * .ARM.Collect$$$$00000000  mc_w.l(entry.o)
    0x080001c4   0x080001c4   0x00000004   Code   RO         7775    .ARM.Collect$$$$00000001  mc_w.l(entry2.o)
    0x080001c8   0x080001c8   0x00000004   Code   RO         7778    .ARM.Collect$$$$00000004  mc_w.l(entry5.o)
    0x080001cc   0x080001cc   0x00000000   Code   RO         7780    .ARM.Collect$$$$00000008  mc_w.l(entry7b.o)
    0x080001cc   0x080001cc   0x00000000   Code   RO         7782    .ARM.Collect$$$$0000000A  mc_w.l(entry8b.o)
    0x080001cc   0x080001cc   0x00000008   Code   RO         7783    .ARM.Collect$$$$0000000B  mc_w.l(entry9a.o)
    0x080001d4   0x080001d4   0x00000004   Code   RO         7790    .ARM.Collect$$$$0000000E  mc_w.l(entry12b.o)
    0x080001d8   0x080001d8   0x00000000   Code   RO         7785    .ARM.Collect$$$$0000000F  mc_w.l(entry10a.o)
    0x080001d8   0x080001d8   0x00000000   Code   RO         7787    .ARM.Collect$$$$00000011  mc_w.l(entry11a.o)
    0x080001d8   0x080001d8   0x00000004   Code   RO         7776    .ARM.Collect$$$$00002712  mc_w.l(entry2.o)
    0x080001dc   0x080001dc   0x000000be   Code   RO         1751    .emb_text           port.o
    0x0800029a   0x0800029a   0x00000002   PAD
    0x0800029c   0x0800029c   0x00000024   Code   RO         7497    .text               startup_stm32f446xx.o
    0x080002c0   0x080002c0   0x00000024   Code   RO         7504    .text               mc_w.l(memcpya.o)
    0x080002e4   0x080002e4   0x00000024   Code   RO         7506    .text               mc_w.l(memseta.o)
    0x08000308   0x08000308   0x00000024   Code   RO         7809    .text               mc_w.l(init.o)
    0x0800032c   0x0800032c   0x00000006   Code   RO         1976    i.ADC_ClearFlag     stm32f4xx_adc.o
    0x08000332   0x08000332   0x00000016   Code   RO         1978    i.ADC_Cmd           stm32f4xx_adc.o
    0x08000348   0x08000348   0x00000016   Code   RO         1981    i.ADC_ContinuousModeCmd  stm32f4xx_adc.o
    0x0800035e   0x0800035e   0x00000008   Code   RO         1990    i.ADC_GetConversionValue  stm32f4xx_adc.o
    0x08000366   0x08000366   0x00000012   Code   RO         1991    i.ADC_GetFlagStatus  stm32f4xx_adc.o
    0x08000378   0x08000378   0x00000054   Code   RO         1998    i.ADC_Init          stm32f4xx_adc.o
    0x080003cc   0x080003cc   0x000000b8   Code   RO         2003    i.ADC_RegularChannelConfig  stm32f4xx_adc.o
    0x08000484   0x08000484   0x0000000a   Code   RO         2005    i.ADC_SoftwareStartConv  stm32f4xx_adc.o
    0x0800048e   0x0800048e   0x00000052   Code   RO          377    i.Average_Filter_Int  add_function.o
    0x080004e0   0x080004e0   0x00000004   Code   RO         1834    i.BusFault_Handler  stm32f4xx_it.o
    0x080004e4   0x080004e4   0x0000003a   Code   RO          378    i.Check_BlowerCRC8  add_function.o
    0x0800051e   0x0800051e   0x00000002   Code   RO         1835    i.DebugMon_Handler  stm32f4xx_it.o
    0x08000520   0x08000520   0x00000018   Code   RO          317    i.Dri_BlowerControlSend  driver_blower.o
    0x08000538   0x08000538   0x00000114   Code   RO          318    i.Dri_BlowerHardware_Init  driver_blower.o
    0x0800064c   0x0800064c   0x00000054   Code   RO          347    i.Dri_PHardware_Init  driver_pressure.o
    0x080006a0   0x080006a0   0x00000064   Code   RO          348    i.Dri_ReadPRESS_V   driver_pressure.o
    0x08000704   0x08000704   0x00000002   Code   RO         1836    i.EXTI15_10_IRQHandler  stm32f4xx_it.o
    0x08000706   0x08000706   0x00000090   Code   RO         4003    i.GPIO_Init         stm32f4xx_gpio.o
    0x08000796   0x08000796   0x00000046   Code   RO         4004    i.GPIO_PinAFConfig  stm32f4xx_gpio.o
    0x080007dc   0x080007dc   0x0000000c   Code   RO         4015    i.GPIO_WriteBit     stm32f4xx_gpio.o
    0x080007e8   0x080007e8   0x00000004   Code   RO         1837    i.HardFault_Handler  stm32f4xx_it.o
    0x080007ec   0x080007ec   0x00000084   Code   RO            4    i.Hardware_Init     application_main.o
    0x08000870   0x08000870   0x00000020   Code   RO            5    i.MeasureStack      application_main.o
    0x08000890   0x08000890   0x00000004   Code   RO         1838    i.MemManage_Handler  stm32f4xx_it.o
    0x08000894   0x08000894   0x00000008   Code   RO          220    i.Mid_Blower_Init   middle_blower.o
    0x0800089c   0x0800089c   0x00000090   Code   RO          266    i.Mid_CalculatePRESS  middle_pressure.o
    0x0800092c   0x0800092c   0x00000008   Code   RO          267    i.Mid_Pressure_Init  middle_pressure.o
    0x08000934   0x08000934   0x000000f8   Code   RO          221    i.Mid_ReciveMotor   middle_blower.o
    0x08000a2c   0x08000a2c   0x00000094   Code   RO          222    i.Mid_SendToBlower  middle_blower.o
    0x08000ac0   0x08000ac0   0x00000002   Code   RO         1839    i.NMI_Handler       stm32f4xx_it.o
    0x08000ac2   0x08000ac2   0x00000002   PAD
    0x08000ac4   0x08000ac4   0x00000078   Code   RO         1924    i.NVIC_Init         misc.o
    0x08000b3c   0x08000b3c   0x00000014   Code   RO         1925    i.NVIC_PriorityGroupConfig  misc.o
    0x08000b50   0x08000b50   0x00000020   Code   RO         5126    i.RCC_AHB1PeriphClockCmd  stm32f4xx_rcc.o
    0x08000b70   0x08000b70   0x00000020   Code   RO         5135    i.RCC_APB1PeriphClockCmd  stm32f4xx_rcc.o
    0x08000b90   0x08000b90   0x00000020   Code   RO         5138    i.RCC_APB2PeriphClockCmd  stm32f4xx_rcc.o
    0x08000bb0   0x08000bb0   0x000001c8   Code   RO         5149    i.RCC_GetClocksFreq  stm32f4xx_rcc.o
    0x08000d78   0x08000d78   0x0000003a   Code   RO          379    i.Send_BlowerCRC8   add_function.o
    0x08000db2   0x08000db2   0x00000002   PAD
    0x08000db4   0x08000db4   0x00000120   Code   RO         7456    i.SetSysClock       system_stm32f4xx.o
    0x08000ed4   0x08000ed4   0x00000010   Code   RO         1840    i.SysTick_Handler   stm32f4xx_it.o
    0x08000ee4   0x08000ee4   0x00000068   Code   RO         7458    i.SystemInit        system_stm32f4xx.o
    0x08000f4c   0x08000f4c   0x00000002   Code   RO         1841    i.TIM6_DAC_IRQHandler  stm32f4xx_it.o
    0x08000f4e   0x08000f4e   0x00000002   PAD
    0x08000f50   0x08000f50   0x000000e4   Code   RO         1843    i.USART2_IRQHandler  stm32f4xx_it.o
    0x08001034   0x08001034   0x0000001e   Code   RO         7146    i.USART_ClearITPendingBit  stm32f4xx_usart.o
    0x08001052   0x08001052   0x00000018   Code   RO         7149    i.USART_Cmd         stm32f4xx_usart.o
    0x0800106a   0x0800106a   0x0000001a   Code   RO         7152    i.USART_GetFlagStatus  stm32f4xx_usart.o
    0x08001084   0x08001084   0x00000054   Code   RO         7153    i.USART_GetITStatus  stm32f4xx_usart.o
    0x080010d8   0x080010d8   0x0000004a   Code   RO         7155    i.USART_ITConfig    stm32f4xx_usart.o
    0x08001122   0x08001122   0x00000002   PAD
    0x08001124   0x08001124   0x000000d4   Code   RO         7156    i.USART_Init        stm32f4xx_usart.o
    0x080011f8   0x080011f8   0x0000000a   Code   RO         7163    i.USART_ReceiveData  stm32f4xx_usart.o
    0x08001202   0x08001202   0x00000008   Code   RO         7166    i.USART_SendData    stm32f4xx_usart.o
    0x0800120a   0x0800120a   0x00000004   Code   RO         1844    i.UsageFault_Handler  stm32f4xx_it.o
    0x0800120e   0x0800120e   0x0000000e   Code   RO         7823    i.__scatterload_copy  mc_w.l(handlers.o)
    0x0800121c   0x0800121c   0x00000002   Code   RO         7824    i.__scatterload_null  mc_w.l(handlers.o)
    0x0800121e   0x0800121e   0x0000000e   Code   RO         7825    i.__scatterload_zeroinit  mc_w.l(handlers.o)
    0x0800122c   0x0800122c   0x0000006c   Code   RO            6    i.main              application_main.o
    0x08001298   0x08001298   0x000000d4   Code   RO         1042    i.prvAddCurrentTaskToDelayedList  tasks.o
    0x0800136c   0x0800136c   0x000000f8   Code   RO         1043    i.prvAddNewTaskToReadyList  tasks.o
    0x08001464   0x08001464   0x00000064   Code   RO         1480    i.prvCheckForValidListAndQueue  timers.o
    0x080014c8   0x080014c8   0x00000048   Code   RO         1044    i.prvCheckTasksWaitingTermination  tasks.o
    0x08001510   0x08001510   0x0000002a   Code   RO          651    i.prvCopyDataFromQueue  queue.o
    0x0800153a   0x0800153a   0x00000002   PAD
    0x0800153c   0x0800153c   0x00000068   Code   RO         1045    i.prvCreateIdleTasks  tasks.o
    0x080015a4   0x080015a4   0x0000005a   Code   RO         1046    i.prvCreateTask     tasks.o
    0x080015fe   0x080015fe   0x00000012   Code   RO         1047    i.prvDeleteTCB      tasks.o
    0x08001610   0x08001610   0x00000028   Code   RO         1481    i.prvGetNextExpireTime  timers.o
    0x08001638   0x08001638   0x0000006c   Code   RO         1672    i.prvHeapInit       heap_4.o
    0x080016a4   0x080016a4   0x00000028   Code   RO         1048    i.prvIdleTask       tasks.o
    0x080016cc   0x080016cc   0x0000002a   Code   RO          653    i.prvInitialiseNewQueue  queue.o
    0x080016f6   0x080016f6   0x00000088   Code   RO         1049    i.prvInitialiseNewTask  tasks.o
    0x0800177e   0x0800177e   0x00000002   PAD
    0x08001780   0x08001780   0x00000068   Code   RO         1050    i.prvInitialiseTaskLists  tasks.o
    0x080017e8   0x080017e8   0x00000068   Code   RO         1673    i.prvInsertBlockIntoFreeList  heap_4.o
    0x08001850   0x08001850   0x00000058   Code   RO         1483    i.prvInsertTimerInActiveList  timers.o
    0x080018a8   0x080018a8   0x0000001a   Code   RO          654    i.prvIsQueueEmpty   queue.o
    0x080018c2   0x080018c2   0x00000002   PAD
    0x080018c4   0x080018c4   0x00000044   Code   RO         1484    i.prvProcessExpiredTimer  timers.o
    0x08001908   0x08001908   0x0000011c   Code   RO         1485    i.prvProcessReceivedCommands  timers.o
    0x08001a24   0x08001a24   0x00000074   Code   RO         1486    i.prvProcessTimerOrBlockTask  timers.o
    0x08001a98   0x08001a98   0x00000028   Code   RO         1487    i.prvReloadTimer    timers.o
    0x08001ac0   0x08001ac0   0x00000030   Code   RO         1052    i.prvResetNextTaskUnblockTime  tasks.o
    0x08001af0   0x08001af0   0x0000002c   Code   RO         1488    i.prvSampleTimeNow  timers.o
    0x08001b1c   0x08001b1c   0x00000044   Code   RO         1489    i.prvSwitchTimerLists  timers.o
    0x08001b60   0x08001b60   0x00000020   Code   RO         1055    i.prvTaskCheckFreeStackSpace  tasks.o
    0x08001b80   0x08001b80   0x00000016   Code   RO         1752    i.prvTaskExitError  port.o
    0x08001b96   0x08001b96   0x0000001a   Code   RO         1490    i.prvTimerTask      timers.o
    0x08001bb0   0x08001bb0   0x0000007e   Code   RO          656    i.prvUnlockQueue    queue.o
    0x08001c2e   0x08001c2e   0x00000002   PAD
    0x08001c30   0x08001c30   0x00000100   Code   RO         1675    i.pvPortMalloc      heap_4.o
    0x08001d30   0x08001d30   0x0000002c   Code   RO         1753    i.pxPortInitialiseStack  port.o
    0x08001d5c   0x08001d5c   0x00000020   Code   RO          380    i.udelay_1ms        add_function.o
    0x08001d7c   0x08001d7c   0x00000028   Code   RO          599    i.uxListRemove      list.o
    0x08001da4   0x08001da4   0x00000028   Code   RO         1061    i.uxTaskGetStackHighWaterMark  tasks.o
    0x08001dcc   0x08001dcc   0x0000001a   Code   RO          600    i.vListInitialise   list.o
    0x08001de6   0x08001de6   0x00000006   Code   RO          601    i.vListInitialiseItem  list.o
    0x08001dec   0x08001dec   0x00000034   Code   RO          602    i.vListInsert       list.o
    0x08001e20   0x08001e20   0x00000024   Code   RO         1755    i.vPortEnterCritical  port.o
    0x08001e44   0x08001e44   0x00000020   Code   RO         1756    i.vPortExitCritical  port.o
    0x08001e64   0x08001e64   0x00000068   Code   RO         1676    i.vPortFree         heap_4.o
    0x08001ecc   0x08001ecc   0x00000028   Code   RO         1757    i.vPortSetupTimerInterrupt  port.o
    0x08001ef4   0x08001ef4   0x00000048   Code   RO          664    i.vQueueAddToRegistry  queue.o
    0x08001f3c   0x08001f3c   0x0000004a   Code   RO          668    i.vQueueWaitForMessageRestricted  queue.o
    0x08001f86   0x08001f86   0x00000002   PAD
    0x08001f88   0x08001f88   0x00000034   Code   RO         1067    i.vTaskDelay        tasks.o
    0x08001fbc   0x08001fbc   0x00000018   Code   RO         1072    i.vTaskInternalSetTimeOutState  tasks.o
    0x08001fd4   0x08001fd4   0x0000000c   Code   RO         1074    i.vTaskMissedYield  tasks.o
    0x08001fe0   0x08001fe0   0x00000020   Code   RO         1075    i.vTaskPlaceOnEventList  tasks.o
    0x08002000   0x08002000   0x00000050   Code   RO         1076    i.vTaskPlaceOnEventListRestricted  tasks.o
    0x08002050   0x08002050   0x00000058   Code   RO         1084    i.vTaskStartScheduler  tasks.o
    0x080020a8   0x080020a8   0x00000010   Code   RO         1086    i.vTaskSuspendAll   tasks.o
    0x080020b8   0x080020b8   0x00000068   Code   RO         1087    i.vTaskSwitchContext  tasks.o
    0x08002120   0x08002120   0x00000048   Code   RO         1758    i.xPortStartScheduler  port.o
    0x08002168   0x08002168   0x00000034   Code   RO         1759    i.xPortSysTickHandler  port.o
    0x0800219c   0x0800219c   0x0000004c   Code   RO          669    i.xQueueGenericCreate  queue.o
    0x080021e8   0x080021e8   0x000000a0   Code   RO          670    i.xQueueGenericReset  queue.o
    0x08002288   0x08002288   0x00000104   Code   RO          678    i.xQueueReceive     queue.o
    0x0800238c   0x0800238c   0x0000007c   Code   RO         1090    i.xTaskCheckForTimeOut  tasks.o
    0x08002408   0x08002408   0x00000038   Code   RO         1091    i.xTaskCreate       tasks.o
    0x08002440   0x08002440   0x00000020   Code   RO         1102    i.xTaskGetSchedulerState  tasks.o
    0x08002460   0x08002460   0x0000000c   Code   RO         1103    i.xTaskGetTickCount  tasks.o
    0x0800246c   0x0800246c   0x000001a0   Code   RO         1105    i.xTaskIncrementTick  tasks.o
    0x0800260c   0x0800260c   0x00000118   Code   RO         1106    i.xTaskRemoveFromEventList  tasks.o
    0x08002724   0x08002724   0x0000017c   Code   RO         1107    i.xTaskResumeAll    tasks.o
    0x080028a0   0x080028a0   0x00000040   Code   RO         1499    i.xTimerCreateTimerTask  timers.o
    0x080028e0   0x080028e0   0x00000020   Data   RO         7821    Region$$Table       anon$$obj.o


    Execution Region RW_IRAM1 (Exec base: 0x20000000, Load base: 0x08002900, Size: 0x000059b0, Max: 0x00020000, ABSOLUTE)

    Exec Addr    Load Addr    Size         Type   Attr      Idx    E Section Name        Object

    0x20000000   0x08002900   0x00000010   Data   RW            7    .data               application_main.o
    0x20000010   0x08002910   0x00000001   Data   RW          223    .data               middle_blower.o
    0x20000011   0x08002911   0x00000003   PAD
    0x20000014   0x08002914   0x00000004   Data   RW          426    .data               use_struct.o
    0x20000018   0x08002918   0x00000040   Data   RW         1110    .data               tasks.o
    0x20000058   0x08002958   0x00000014   Data   RW         1510    .data               timers.o
    0x2000006c   0x0800296c   0x0000001c   Data   RW         1683    .data               heap_4.o
    0x20000088   0x08002988   0x00000004   Data   RW         1760    .data               port.o
    0x2000008c   0x0800298c   0x00000010   Data   RW         5182    .data               stm32f4xx_rcc.o
    0x2000009c   0x0800299c   0x00000014   Data   RW         7459    .data               system_stm32f4xx.o
    0x200000b0        -       0x000001a0   Zero   RW          425    .bss                use_struct.o
    0x20000250        -       0x00000050   Zero   RW          681    .bss                queue.o
    0x200002a0        -       0x000002e4   Zero   RW         1109    .bss                tasks.o
    0x20000584        -       0x00000028   Zero   RW         1509    .bss                timers.o
    0x200005ac        -       0x00005000   Zero   RW         1682    .bss                heap_4.o
    0x200055ac   0x080029b0   0x00000004   PAD
    0x200055b0        -       0x00000400   Zero   RW         7494    STACK               startup_stm32f446xx.o


==============================================================================

Image component sizes


      Code (inc. data)   RO Data    RW Data    ZI Data      Debug   Object Name

       230          0          0          0          0       3283   add_function.o
       272         70          0         16          0     330467   application_main.o
       300         18          0          0          0       1438   driver_blower.o
       184         12          0          0          0       1415   driver_pressure.o
         0          0          0          0          0      15412   event_groups.o
       572         58          0         28      20480       5371   heap_4.o
       124          0          0          0          0       3005   list.o
       404         20          0          1          0       2127   middle_blower.o
       152         30          0          0          0       1225   middle_pressure.o
       140         24          0          0          0       1659   misc.o
       488         56          0          4          0      10460   port.o
       878         14          0          0         80      12279   queue.o
        36          8        452          0       1024        876   startup_stm32f446xx.o
       354         10          0          0          0       6465   stm32f4xx_adc.o
       226          0          0          0          0       2527   stm32f4xx_gpio.o
       268         10          0          0          0       5344   stm32f4xx_it.o
       552         34          0         16          0       4943   stm32f4xx_rcc.o
       468          8          0          0          0       6487   stm32f4xx_usart.o
       392         32          0         20          0       2009   system_stm32f4xx.o
      2852        346          0         64        740      37866   tasks.o
       938        112          0         20         40      12156   timers.o
         0          0          0          4        416       1030   use_struct.o

    ----------------------------------------------------------------------
      9850        862        484        176      22784     467844   Object Totals
         0          0         32          0          0          0   (incl. Generated)
        20          0          0          3          4          0   (incl. Padding)

    ----------------------------------------------------------------------

      Code (inc. data)   RO Data    RW Data    ZI Data      Debug   Library Member Name

         0          0          0          0          0          0   entry.o
         0          0          0          0          0          0   entry10a.o
         0          0          0          0          0          0   entry11a.o
         4          0          0          0          0          0   entry12b.o
         8          4          0          0          0          0   entry2.o
         4          0          0          0          0          0   entry5.o
         0          0          0          0          0          0   entry7b.o
         0          0          0          0          0          0   entry8b.o
         8          4          0          0          0          0   entry9a.o
        30          0          0          0          0          0   handlers.o
        36          8          0          0          0         68   init.o
        36          0          0          0          0         68   memcpya.o
        36          0          0          0          0        108   memseta.o

    ----------------------------------------------------------------------
       162         16          0          0          0        244   Library Totals
         0          0          0          0          0          0   (incl. Padding)

    ----------------------------------------------------------------------

      Code (inc. data)   RO Data    RW Data    ZI Data      Debug   Library Name

       162         16          0          0          0        244   mc_w.l

    ----------------------------------------------------------------------
       162         16          0          0          0        244   Library Totals

    ----------------------------------------------------------------------

==============================================================================


      Code (inc. data)   RO Data    RW Data    ZI Data      Debug   

     10012        878        484        176      22784     457140   Grand Totals
     10012        878        484        176      22784     457140   ELF Image Totals
     10012        878        484        176          0          0   ROM Totals

==============================================================================

    Total RO  Size (Code + RO Data)                10496 (  10.25kB)
    Total RW  Size (RW Data + ZI Data)             22960 (  22.42kB)
    Total ROM Size (Code + RO Data + RW Data)      10672 (  10.42kB)

==============================================================================

