Component: ARM Compiler 5.06 update 7 (build 960) Tool: armlink [4d3601]

==============================================================================

Section Cross References

    application_main.o(i.CreateTask_Task) refers to middle_watchdog.o(i.Mid_Feed_IWDG) for Mid_Feed_IWDG
    application_main.o(i.CreateTask_Task) refers to tasks.o(i.xTaskCreate) for xTaskCreate
    application_main.o(i.CreateTask_Task) refers to tasks.o(i.vTaskDelete) for vTaskDelete
    application_main.o(i.CreateTask_Task) refers to freertos_define.o(.data) for RECMotorTaskHandle
    application_main.o(i.CreateTask_Task) refers to application_receiveblower.o(i.App_ReceiveBlower_Task) for App_ReceiveBlower_Task
    application_main.o(i.CreateTask_Task) refers to application_controlblower.o(i.App_ControlBlower_Task) for App_ControlBlower_Task
    application_main.o(i.CreateTask_Task) refers to application_calibration.o(i.App_Calibration_Task) for App_Calibration_Task
    application_main.o(i.CreateTask_Task) refers to application_machine_onoff.o(i.App_Machine_OnOff_Task) for App_Machine_OnOff_Task
    application_main.o(i.CreateTask_Task) refers to application_main.o(i.MeasureStack) for MeasureStack
    application_main.o(i.CreateTask_Task) refers to application_calibration.o(i.App_Cali_Debug_Function) for App_Cali_Debug_Function
    application_main.o(i.Hardware_Init) refers to misc.o(i.NVIC_PriorityGroupConfig) for NVIC_PriorityGroupConfig
    application_main.o(i.Hardware_Init) refers to stm32f4xx_rcc.o(i.RCC_AHB1PeriphClockCmd) for RCC_AHB1PeriphClockCmd
    application_main.o(i.Hardware_Init) refers to stm32f4xx_rcc.o(i.RCC_APB1PeriphClockCmd) for RCC_APB1PeriphClockCmd
    application_main.o(i.Hardware_Init) refers to stm32f4xx_rcc.o(i.RCC_APB2PeriphClockCmd) for RCC_APB2PeriphClockCmd
    application_main.o(i.Hardware_Init) refers to middle_testpower.o(i.Mid_TestPower_Init) for Mid_TestPower_Init
    application_main.o(i.Hardware_Init) refers to middle_testpower.o(i.Mid_TestPower) for Mid_TestPower
    application_main.o(i.Hardware_Init) refers to middle_blower.o(i.Mid_Blower_Init) for Mid_Blower_Init
    application_main.o(i.Hardware_Init) refers to middle_pressure.o(i.Mid_Pressure_Init) for Mid_Pressure_Init
    application_main.o(i.Hardware_Init) refers to middle_flow.o(i.Mid_Flow_Init) for Mid_Flow_Init
    application_main.o(i.Hardware_Init) refers to middle_rgb.o(i.Mid_RGB_Init) for Mid_RGB_Init
    application_main.o(i.Hardware_Init) refers to middle_flash.o(i.Mid_Flash_Init) for Mid_Flash_Init
    application_main.o(i.Hardware_Init) refers to middle_key.o(i.Mid_Key_Init) for Mid_Key_Init
    application_main.o(i.Hardware_Init) refers to middle_timer.o(i.Mid_Timer6_Init) for Mid_Timer6_Init
    application_main.o(i.Hardware_Init) refers to middle_voice.o(i.Mid_Voice_Init) for Mid_Voice_Init
    application_main.o(i.Hardware_Init) refers to middle_eeprom.o(i.Mid_EEPROM_Init) for Mid_EEPROM_Init
    application_main.o(i.Hardware_Init) refers to application_main.o(i.PowerOn_ValueInit) for PowerOn_ValueInit
    application_main.o(i.Hardware_Init) refers to middle_rtc.o(i.Mid_RTC_Init) for Mid_RTC_Init
    application_main.o(i.Hardware_Init) refers to tasks.o(i.xTaskCreate) for xTaskCreate
    application_main.o(i.Hardware_Init) refers to tasks.o(i.vTaskDelete) for vTaskDelete
    application_main.o(i.Hardware_Init) refers to use_struct.o(.bss) for CalibrationData
    application_main.o(i.Hardware_Init) refers to application_main.o(i.PowerOnCheck_Task) for PowerOnCheck_Task
    application_main.o(i.MeasureStack) refers to tasks.o(i.uxTaskGetStackHighWaterMark) for uxTaskGetStackHighWaterMark
    application_main.o(i.MeasureStack) refers to tasks.o(i.vTaskDelay) for vTaskDelay
    application_main.o(i.MeasureStack) refers to freertos_define.o(.data) for CONBlowerTaskHandle
    application_main.o(i.MeasureStack) refers to application_main.o(.bss) for depth
    application_main.o(i.PowerOnCheck_Task) refers to tasks.o(i.xTaskCreate) for xTaskCreate
    application_main.o(i.PowerOnCheck_Task) refers to middle_watchdog.o(i.Mid_Feed_IWDG) for Mid_Feed_IWDG
    application_main.o(i.PowerOnCheck_Task) refers to middle_blower.o(i.Mid_SendToBlower) for Mid_SendToBlower
    application_main.o(i.PowerOnCheck_Task) refers to tasks.o(i.vTaskDelete) for vTaskDelete
    application_main.o(i.PowerOnCheck_Task) refers to tasks.o(i.vTaskDelay) for vTaskDelay
    application_main.o(i.PowerOnCheck_Task) refers to freertos_define.o(.data) for RECMotorTaskHandle
    application_main.o(i.PowerOnCheck_Task) refers to application_receiveblower.o(i.App_ReceiveBlower_Task) for App_ReceiveBlower_Task
    application_main.o(i.PowerOnCheck_Task) refers to use_struct.o(.bss) for Blower_State
    application_main.o(i.PowerOnCheck_Task) refers to application_main.o(i.CreateTask_Task) for CreateTask_Task
    application_main.o(i.PowerOn_ValueInit) refers to middle_pid.o(i.Mid_IncreasePID_Init) for Mid_IncreasePID_Init
[...]
    .data                                    0x2000003c   Section       52  freertos_define.o(.data)
    .data                                    0x20000070   Section       64  tasks.o(.data)
    pxDelayedTaskList                        0x20000074   Data           4  tasks.o(.data)
    pxOverflowDelayedTaskList                0x20000078   Data           4  tasks.o(.data)
    uxDeletedTasksWaitingCleanUp             0x2000007c   Data           4  tasks.o(.data)
    uxCurrentNumberOfTasks                   0x20000080   Data           4  tasks.o(.data)
    xTickCount                               0x20000084   Data           4  tasks.o(.data)
    uxTopReadyPriority                       0x20000088   Data           4  tasks.o(.data)
    xSchedulerRunning                        0x2000008c   Data           4  tasks.o(.data)
    xPendedTicks                             0x20000090   Data           4  tasks.o(.data)
    xYieldPendings                           0x20000094   Data           4  tasks.o(.data)
    xNumOfOverflows                          0x20000098   Data           4  tasks.o(.data)
    uxTaskNumber                             0x2000009c   Data           4  tasks.o(.data)
    xNextTaskUnblockTime                     0x200000a0   Data           4  tasks.o(.data)
    xIdleTaskHandles                         0x200000a4   Data           4  tasks.o(.data)
    uxTopUsedPriority                        0x200000a8   Data           4  tasks.o(.data)
    uxSchedulerSuspended                     0x200000ac   Data           4  tasks.o(.data)
    .data                                    0x200000b0   Section       20  timers.o(.data)
    pxCurrentTimerList                       0x200000b0   Data           4  timers.o(.data)
    pxOverflowTimerList                      0x200000b4   Data           4  timers.o(.data)
    xTimerQueue                              0x200000b8   Data           4  timers.o(.data)
    xTimerTaskHandle                         0x200000bc   Data           4  timers.o(.data)
    xLastTime                                0x200000c0   Data           4  timers.o(.data)
    .data                                    0x200000c4   Section       28  heap_4.o(.data)
    xStart                                   0x200000c4   Data           8  heap_4.o(.data)
    pxEnd                                    0x200000cc   Data           4  heap_4.o(.data)
    xFreeBytesRemaining                      0x200000d0   Data           4  heap_4.o(.data)
    xMinimumEverFreeBytesRemaining           0x200000d4   Data           4  heap_4.o(.data)
    xNumberOfSuccessfulAllocations           0x200000d8   Data           4  heap_4.o(.data)
    xNumberOfSuccessfulFrees                 0x200000dc   Data           4  heap_4.o(.data)
    .data                                    0x200000e0   Section        4  port.o(.data)
    uxCriticalNesting                        0x200000e0   Data           4  port.o(.data)
    .data                                    0x200000e4   Section        9  stm32f4xx_it.o(.data)
    .data                                    0x200000ed   Section       16  stm32f4xx_rcc.o(.data)
    APBAHBPrescTable                         0x200000ed   Data          16  stm32f4xx_rcc.o(.data)
    .data                                    0x20000100   Section       20  system_stm32f4xx.o(.data)
    .data                                    0x20000114   Section        4  errno.o(.data)
    _errno                                   0x20000114   Data           4  errno.o(.data)
    .bss                                     0x20000118   Section       20  application_main.o(.bss)
    .bss                                     0x2000012c   Section       24  application_calibration.o(.bss)
    press_compensation_buff                  0x2000012c   Data          24  application_calibration.o(.bss)
    .bss                                     0x20000144   Section      337  use_struct.o(.bss)
    .bss                                     0x20000298   Section       80  queue.o(.bss)
    .bss                                     0x200002e8   Section      740  tasks.o(.bss)
    pxReadyTasksLists                        0x200002e8   Data         640  tasks.o(.bss)
    xDelayedTaskList1                        0x20000568   Data          20  tasks.o(.bss)
    xDelayedTaskList2                        0x2000057c   Data          20  tasks.o(.bss)
    xPendingReadyList                        0x20000590   Data          20  tasks.o(.bss)
    xTasksWaitingTermination                 0x200005a4   Data          20  tasks.o(.bss)
    xSuspendedTaskList                       0x200005b8   Data          20  tasks.o(.bss)
    .bss                                     0x200005cc   Section       40  timers.o(.bss)
    xActiveTimerList1                        0x200005cc   Data          20  timers.o(.bss)
    xActiveTimerList2                        0x200005e0   Data          20  timers.o(.bss)
    .bss                                     0x200005f4   Section    102400  heap_4.o(.bss)
    ucHeap                                   0x200005f4   Data       102400  heap_4.o(.bss)
    STACK                                    0x200195f8   Section     1024  startup_stm32f446xx.o(STACK)

    Global Symbols

    Symbol Name                              Value     Ov Type        Size  Object(Section)

    BuildAttributes$$THM_ISAv4$E$P$D$K$B$S$7EM$VFPi3$EXTD16$VFPS$VFMA$PE$A:L22UL41UL21$X:L11$S22US41US21$IEEE1$IW$USESV6$~STKCKD$USESV7$~SHL$OTIME$ROPI$IEEEJ$EBA8$MICROLIB$REQ8$PRES8$EABIv2 0x00000000   Number         0  anon$$obj.o ABSOLUTE
    __ARM_use_no_argv                        0x00000000   Number         0  application_main.o ABSOLUTE
    _printf_a                                0x00000000   Number         0  stubs.o ABSOLUTE
    _printf_c                                0x00000000   Number         0  stubs.o ABSOLUTE
    _printf_charcount                        0x00000000   Number         0  stubs.o ABSOLUTE
    _printf_d                                0x00000000   Number         0  stubs.o ABSOLUTE
    _printf_e                                0x00000000   Number         0  stubs.o ABSOLUTE
    _printf_f                                0x00000000   Number         0  stubs.o ABSOLUTE
    _printf_flags                            0x00000000   Number         0  stubs.o ABSOLUTE
    _printf_fp_dec                           0x00000000   Number         0  stubs.o ABSOLUTE
    _printf_fp_hex                           0x00000000   Number         0  stubs.o ABSOLUTE
    _printf_g                                0x00000000   Number         0  stubs.o ABSOLUTE
    _printf_i                                0x00000000   Number         0  stubs.o ABSOLUTE
    _printf_int_dec                          0x00000000   Number         0  stubs.o ABSOLUTE
    _printf_l                                0x00000000   Number         0  stubs.o ABSOLUTE
    _printf_lc                               0x00000000   Number         0  stubs.o ABSOLUTE
    _printf_ll                               0x00000000   Number         0  stubs.o ABSOLUTE
    _printf_lld                              0x00000000   Number         0  stubs.o ABSOLUTE
    _printf_lli                              0x00000000   Number         0  stubs.o ABSOLUTE
    _printf_llo                              0x00000000   Number         0  stubs.o ABSOLUTE
    _printf_llu                              0x00000000   Number         0  stubs.o ABSOLUTE
    _printf_llx                              0x00000000   Number         0  stubs.o ABSOLUTE
    _printf_longlong_dec                     0x00000000   Number         0  stubs.o ABSOLUTE
    _printf_longlong_hex                     0x00000000   Number         0  stubs.o ABSOLUTE
    _printf_longlong_oct                     0x00000000   Number         0  stubs.o ABSOLUTE
    _printf_ls                               0x00000000   Number         0  stubs.o ABSOLUTE
    _printf_mbtowc                           0x00000000   Number         0  stubs.o ABSOLUTE
    _printf_n                                0x00000000   Number         0  stubs.o ABSOLUTE
    _printf_o                                0x00000000   Number         0  stubs.o ABSOLUTE
    _printf_p                                0x00000000   Number         0  stubs.o ABSOLUTE
    _printf_percent                          0x00000000   Number         0  stubs.o ABSOLUTE
    _printf_pre_padding                      0x00000000   Number         0  stubs.o ABSOLUTE
    _printf_return_value                     0x00000000   Number         0  stubs.o ABSOLUTE
    _printf_s                                0x00000000   Number         0  stubs.o ABSOLUTE
    _printf_sizespec                         0x00000000   Number         0  stubs.o ABSOLUTE
    _printf_str                              0x00000000   Number         0  stubs.o ABSOLUTE
    _printf_truncate_signed                  0x00000000   Number         0  stubs.o ABSOLUTE
    _printf_truncate_unsigned                0x00000000   Number         0  stubs.o ABSOLUTE
    _printf_u                                0x00000000   Number         0  stubs.o ABSOLUTE
    _printf_wc                               0x00000000   Number         0  stubs.o ABSOLUTE
    _printf_wctomb                           0x00000000   Number         0  stubs.o ABSOLUTE
    _printf_widthprec                        0x00000000   Number         0  stubs.o ABSOLUTE
    _printf_x                                0x00000000   Number         0  stubs.o ABSOLUTE
    __arm_fini_                               - Undefined Weak Reference
    __cpp_initialize__aeabi_                  - Undefined Weak Reference
    __cxa_finalize                            - Undefined Weak Reference
    __decompress                              - Undefined Weak Reference
    _clock_init                               - Undefined Weak Reference
    _microlib_exit                            - Undefined Weak Reference
    __Vectors_Size                           0x000001c4   Number         0  startup_stm32f446xx.o ABSOLUTE
    __Vectors                                0x08000000   Data           4  startup_stm32f446xx.o(RESET)
    __Vectors_End                            0x080001c4   Data           0  startup_stm32f446xx.o(RESET)
    __main                                   0x080001c5   Thumb Code     0  entry.o(.ARM.Collect$$$$00000000)
    _main_stk                                0x080001c5   Thumb Code     0  entry2.o(.ARM.Collect$$$$00000001)
    _main_scatterload                        0x080001c9   Thumb Code     0  entry5.o(.ARM.Collect$$$$00000004)
    __main_after_scatterload                 0x080001cd   Thumb Code     0  entry5.o(.ARM.Collect$$$$00000004)
    _main_clock                              0x080001cd   Thumb Code     0  entry7b.o(.ARM.Collect$$$$00000008)
    _main_cpp_init                           0x080001cd   Thumb Code     0  entry8b.o(.ARM.Collect$$$$0000000A)
    _main_init                               0x080001cd   Thumb Code     0  entry9a.o(.ARM.Collect$$$$0000000B)
    __rt_lib_shutdown_fini                   0x080001d5   Thumb Code     0  entry12b.o(.ARM.Collect$$$$0000000E)
    __rt_final_cpp                           0x080001d9   Thumb Code     0  entry10a.o(.ARM.Collect$$$$0000000F)
    __rt_final_exit                          0x080001d9   Thumb Code     0  entry11a.o(.ARM.Collect$$$$00000011)
    SVC_Handler                              0x080001dd   Thumb Code    28  port.o(.emb_text)
    __asm___6_port_c_39a90d8d__prvStartFirstTask 0x080001fd   Thumb Code    36  port.o(.emb_text)
    __asm___6_port_c_39a90d8d__prvEnableVFP  0x08000225   Thumb Code    16  port.o(.emb_text)
    PendSV_Handler                           0x08000239   Thumb Code    88  port.o(.emb_text)
    vPortGetIPSR                             0x08000295   Thumb Code     6  port.o(.emb_text)
    Reset_Handler                            0x0800029d   Thumb Code     8  startup_stm32f446xx.o(.text)
    ADC_IRQHandler                           0x080002b7   Thumb Code     0  startup_stm32f446xx.o(.text)
    CAN1_RX0_IRQHandler                      0x080002b7   Thumb Code     0  startup_stm32f446xx.o(.text)
    CAN1_RX1_IRQHandler                      0x080002b7   Thumb Code     0  startup_stm32f446xx.o(.text)
    CAN1_SCE_IRQHandler                      0x080002b7   Thumb Code     0  startup_stm32f446xx.o(.text)
    CAN1_TX_IRQHandler                       0x080002b7   Thumb Code     0  startup_stm32f446xx.o(.text)
    CAN2_RX0_IRQHandler                      0x080002b7   Thumb Code     0  startup_stm32f446xx.o(.text)
    CAN2_RX1_IRQHandler                      0x080002b7   Thumb Code     0  startup_stm32f446xx.o(.text)
    CAN2_SCE_IRQHandler                      0x080002b7   Thumb Code     0  startup_stm32f446xx.o(.text)
    CAN2_TX_IRQHandler                       0x080002b7   Thumb Code     0  startup_stm32f446xx.o(.text)
    CEC_IRQHandler                           0x080002b7   Thumb Code     0  startup_stm32f446xx.o(.text)
    DCMI_IRQHandler                          0x080002b7   Thumb Code     0  startup_stm32f446xx.o(.text)
    DMA1_Stream0_IRQHandler                  0x080002b7   Thumb Code     0  startup_stm32f446xx.o(.text)
    DMA1_Stream1_IRQHandler                  0x080002b7   Thumb Code     0  startup_stm32f446xx.o(.text)
    DMA1_Stream2_IRQHandler                  0x080002b7   Thumb Code     0  startup_stm32f446xx.o(.text)
    DMA1_Stream3_IRQHandler                  0x080002b7   Thumb Code     0  startup_stm32f446xx.o(.text)
    DMA1_Stream4_IRQHandler                  0x080002b7   Thumb Code     0  startup_stm32f446xx.o(.text)
    DMA1_Stream5_IRQHandler                  0x080002b7   Thumb Code     0  startup_stm32f446xx.o(.text)
    DMA1_Stream6_IRQHandler                  0x080002b7   Thumb Code     0  startup_stm32f446xx.o(.text)
    DMA1_Stream7_IRQHandler                  0x080002b7   Thumb Code     0  startup_stm32f446xx.o(.text)
    DMA2_Stream0_IRQHandler                  0x080002b7   Thumb Code     0  startup_stm32f446xx.o(.text)
    DMA2_Stream1_IRQHandler                  0x080002b7   Thumb Code     0  startup_stm32f446xx.o(.text)
    DMA2_Stream2_IRQHandler                  0x080002b7   Thumb Code     0  startup_stm32f446xx.o(.text)
    DMA2_Stream3_IRQHandler                  0x080002b7   Thumb Code     0  startup_stm32f446xx.o(.text)
    DMA2_Stream4_IRQHandler                  0x080002b7   Thumb Code     0  startup_stm32f446xx.o(.text)
    DMA2_Stream5_IRQHandler                  0x080002b7   Thumb Code     0  startup_stm32f446xx.o(.text)
    DMA2_Stream6_IRQHandler                  0x080002b7   Thumb Code     0  startup_stm32f446xx.o(.text)
    DMA2_Stream7_IRQHandler                  0x080002b7   Thumb Code     0  startup_stm32f446xx.o(.text)
    EXTI0_IRQHandler                         0x080002b7   Thumb Code     0  startup_stm32f446xx.o(.text)
    EXTI15_10_IRQHandler                     0x080002b7   Thumb Code     0  startup_stm32f446xx.o(.text)
    EXTI2_IRQHandler                         0x080002b7   Thumb Code     0  startup_stm32f446xx.o(.text)
    EXTI3_IRQHandler                         0x080002b7   Thumb Code     0  startup_stm32f446xx.o(.text)
    EXTI4_IRQHandler                         0x080002b7   Thumb Code     0  startup_stm32f446xx.o(.text)
    FLASH_IRQHandler                         0x080002b7   Thumb Code     0  startup_stm32f446xx.o(.text)
    FMC_IRQHandler                           0x080002b7   Thumb Code     0  startup_stm32f446xx.o(.text)
    FMPI2C1_Error_IRQHandler                 0x080002b7   Thumb Code     0  startup_stm32f446xx.o(.text)
    FMPI2C1_Event_IRQHandler                 0x080002b7   Thumb Code     0  startup_stm32f446xx.o(.text)
    FPU_IRQHandler                           0x080002b7   Thumb Code     0  startup_stm32f446xx.o(.text)
    I2C1_ER_IRQHandler                       0x080002b7   Thumb Code     0  startup_stm32f446xx.o(.text)
    I2C1_EV_IRQHandler                       0x080002b7   Thumb Code     0  startup_stm32f446xx.o(.text)
    I2C2_ER_IRQHandler                       0x080002b7   Thumb Code     0  startup_stm32f446xx.o(.text)
    I2C2_EV_IRQHandler                       0x080002b7   Thumb Code     0  startup_stm32f446xx.o(.text)
    I2C3_ER_IRQHandler                       0x080002b7   Thumb Code     0  startup_stm32f446xx.o(.text)
    I2C3_EV_IRQHandler                       0x080002b7   Thumb Code     0  startup_stm32f446xx.o(.text)
    OTG_FS_IRQHandler                        0x080002b7   Thumb Code     0  startup_stm32f446xx.o(.text)
    OTG_FS_WKUP_IRQHandler                   0x080002b7   Thumb Code     0  startup_stm32f446xx.o(.text)
    OTG_HS_EP1_IN_IRQHandler                 0x080002b7   Thumb Code     0  startup_stm32f446xx.o(.text)
    OTG_HS_EP1_OUT_IRQHandler                0x080002b7   Thumb Code     0  startup_stm32f446xx.o(.text)
    OTG_HS_IRQHandler                        0x080002b7   Thumb Code     0  startup_stm32f446xx.o(.text)
    OTG_HS_WKUP_IRQHandler                   0x080002b7   Thumb Code     0  startup_stm32f446xx.o(.text)
    PVD_IRQHandler                           0x080002b7   Thumb Code     0  startup_stm32f446xx.o(.text)
    QuadSPI_IRQHandler                       0x080002b7   Thumb Code     0  startup_stm32f446xx.o(.text)
    RCC_IRQHandler                           0x080002b7   Thumb Code     0  startup_stm32f446xx.o(.text)
    RTC_Alarm_IRQHandler                     0x080002b7   Thumb Code     0  startup_stm32f446xx.o(.text)
    RTC_WKUP_IRQHandler                      0x080002b7   Thumb Code     0  startup_stm32f446xx.o(.text)
    SAI1_IRQHandler                          0x080002b7   Thumb Code     0  startup_stm32f446xx.o(.text)
    SAI2_IRQHandler                          0x080002b7   Thumb Code     0  startup_stm32f446xx.o(.text)
    SDIO_IRQHandler                          0x080002b7   Thumb Code     0  startup_stm32f446xx.o(.text)
    SPDIF_RX_IRQHandler                      0x080002b7   Thumb Code     0  startup_stm32f446xx.o(.text)
    SPI1_IRQHandler                          0x080002b7   Thumb Code     0  startup_stm32f446xx.o(.text)
    SPI2_IRQHandler                          0x080002b7   Thumb Code     0  startup_stm32f446xx.o(.text)
    SPI3_IRQHandler                          0x080002b7   Thumb Code     0  startup_stm32f446xx.o(.text)
    SPI4_IRQHandler                          0x080002b7   Thumb Code     0  startup_stm32f446xx.o(.text)
    TAMP_STAMP_IRQHandler                    0x080002b7   Thumb Code     0  startup_stm32f446xx.o(.text)
    TIM1_BRK_TIM9_IRQHandler                 0x080002b7   Thumb Code     0  startup_stm32f446xx.o(.text)
    TIM1_CC_IRQHandler                       0x080002b7   Thumb Code     0  startup_stm32f446xx.o(.text)
    TIM1_TRG_COM_TIM11_IRQHandler            0x080002b7   Thumb Code     0  startup_stm32f446xx.o(.text)
    TIM1_UP_TIM10_IRQHandler                 0x080002b7   Thumb Code     0  startup_stm32f446xx.o(.text)
    TIM2_IRQHandler                          0x080002b7   Thumb Code     0  startup_stm32f446xx.o(.text)
    TIM3_IRQHandler                          0x080002b7   Thumb Code     0  startup_stm32f446xx.o(.text)
    TIM4_IRQHandler                          0x080002b7   Thumb Code     0  startup_stm32f446xx.o(.text)
    TIM5_IRQHandler                          0x080002b7   Thumb Code     0  startup_stm32f446xx.o(.text)
    TIM7_IRQHandler                          0x080002b7   Thumb Code     0  startup_stm32f446xx.o(.text)
    TIM8_BRK_TIM12_IRQHandler                0x080002b7   Thumb Code     0  startup_stm32f446xx.o(.text)
    TIM8_CC_IRQHandler                       0x080002b7   Thumb Code     0  startup_stm32f446xx.o(.text)
    TIM8_TRG_COM_TIM14_IRQHandler            0x080002b7   Thumb Code     0  startup_stm32f446xx.o(.text)
    TIM8_UP_TIM13_IRQHandler                 0x080002b7   Thumb Code     0  startup_stm32f446xx.o(.text)
    UART4_IRQHandler                         0x080002b7   Thumb Code     0  startup_stm32f446xx.o(.text)
    UART5_IRQHandler                         0x080002b7   Thumb Code     0  startup_stm32f446xx.o(.text)
    USART1_IRQHandler                        0x080002b7   Thumb Code     0  startup_stm32f446xx.o(.text)
    USART3_IRQHandler                        0x080002b7   Thumb Code     0  startup_stm32f446xx.o(.text)
    USART6_IRQHandler                        0x080002b7   Thumb Code     0  startup_stm32f446xx.o(.text)
    WWDG_IRQHandler                          0x080002b7   Thumb Code     0  startup_stm32f446xx.o(.text)
    __aeabi_memcpy                           0x080002c1   Thumb Code    36  memcpya.o(.text)
    __aeabi_memcpy4                          0x080002c1   Thumb Code     0  memcpya.o(.text)
    __aeabi_memcpy8                          0x080002c1   Thumb Code     0  memcpya.o(.text)
    __aeabi_memset                           0x080002e5   Thumb Code    14  memseta.o(.text)
    __aeabi_memset4                          0x080002e5   Thumb Code     0  memseta.o(.text)
    __aeabi_memset8                          0x080002e5   Thumb Code     0  memseta.o(.text)
    __aeabi_memclr                           0x080002f3   Thumb Code     4  memseta.o(.text)
    __aeabi_memclr4                          0x080002f3   Thumb Code     0  memseta.o(.text)
    __aeabi_memclr8                          0x080002f3   Thumb Code     0  memseta.o(.text)
    _memset$wrapper                          0x080002f7   Thumb Code    18  memseta.o(.text)
    __aeabi_dadd                             0x08000309   Thumb Code   322  dadd.o(.text)
    __aeabi_dsub                             0x0800044b   Thumb Code     6  dadd.o(.text)
    __aeabi_drsub                            0x08000451   Thumb Code     6  dadd.o(.text)
    __aeabi_dmul                             0x08000457   Thumb Code   228  dmul.o(.text)
    __aeabi_ddiv                             0x0800053b   Thumb Code   222  ddiv.o(.text)
    __aeabi_ui2d                             0x08000619   Thumb Code    26  dfltui.o(.text)
    __aeabi_d2iz                             0x08000633   Thumb Code    62  dfixi.o(.text)
    __aeabi_d2uiz                            0x08000671   Thumb Code    50  dfixui.o(.text)
    __aeabi_f2d                              0x080006a3   Thumb Code    38  f2d.o(.text)
    __aeabi_cdcmpeq                          0x080006c9   Thumb Code     0  cdcmple.o(.text)
    __aeabi_cdcmple                          0x080006c9   Thumb Code    48  cdcmple.o(.text)
    __aeabi_d2f                              0x080006f9   Thumb Code    56  d2f.o(.text)
    __aeabi_llsl                             0x08000731   Thumb Code    30  llshl.o(.text)
    _ll_shift_l                              0x08000731   Thumb Code     0  llshl.o(.text)
    __aeabi_llsr                             0x0800074f   Thumb Code    32  llushr.o(.text)
    _ll_ushift_r                             0x0800074f   Thumb Code     0  llushr.o(.text)
    __aeabi_lasr                             0x0800076f   Thumb Code    36  llsshr.o(.text)
    _ll_sshift_r                             0x0800076f   Thumb Code     0  llsshr.o(.text)
    __I$use$fp                               0x08000793   Thumb Code     0  iusefp.o(.text)
    _float_round                             0x08000793   Thumb Code    18  fepilogue.o(.text)
    _float_epilogue                          0x080007a5   Thumb Code    92  fepilogue.o(.text)
    _double_round                            0x08000801   Thumb Code    30  depilogue.o(.text)
    _double_epilogue                         0x0800081f   Thumb Code   156  depilogue.o(.text)
    _dsqrt                                   0x080008bb   Thumb Code   162  dsqrt.o(.text)
    __scatterload                            0x0800095d   Thumb Code    28  init.o(.text)
    __scatterload_rt2                        0x0800095d   Thumb Code     0  init.o(.text)
    ADC_ClearFlag                            0x08000981   Thumb Code     6  stm32f4xx_adc.o(i.ADC_ClearFlag)
    ADC_Cmd                                  0x08000987   Thumb Code    22  stm32f4xx_adc.o(i.ADC_Cmd)
    ADC_ContinuousModeCmd                    0x0800099d   Thumb Code    22  stm32f4xx_adc.o(i.ADC_ContinuousModeCmd)
    ADC_GetConversionValue                   0x080009b3   Thumb Code     8  stm32f4xx_adc.o(i.ADC_GetConversionValue)
    ADC_GetFlagStatus                        0x080009bb   Thumb Code    18  stm32f4xx_adc.o(i.ADC_GetFlagStatus)
    ADC_Init                                 0x080009cd   Thumb Code    74  stm32f4xx_adc.o(i.ADC_Init)
    ADC_RegularChannelConfig                 0x08000a21   Thumb Code   184  stm32f4xx_adc.o(i.ADC_RegularChannelConfig)
    ADC_SoftwareStartConv                    0x08000ad9   Thumb Code    10  stm32f4xx_adc.o(i.ADC_SoftwareStartConv)
    App_Cali_Debug_Function                  0x08000ae5   Thumb Code   336  application_calibration.o(i.App_Cali_Debug_Function)
    App_Calibration_Task                     0x08000c5d   Thumb Code   528  application_calibration.o(i.App_Calibration_Task)
    App_ControlBlower_Task                   0x08000e85   Thumb Code   386  application_controlblower.o(i.App_ControlBlower_Task)
    App_MachineOff_ClearParam                0x08001015   Thumb Code    56  application_machine_onoff.o(i.App_MachineOff_ClearParam)
    App_MachineOn_SetParam                   0x08001059   Thumb Code   126  application_machine_onoff.o(i.App_MachineOn_SetParam)
    App_Machine_OnOff_Task                   0x080010e9   Thumb Code   294  application_machine_onoff.o(i.App_Machine_OnOff_Task)
    App_ReceiveBlower_Task                   0x08001229   Thumb Code   170  application_receiveblower.o(i.App_ReceiveBlower_Task)
    Average_Filter_Int                       0x080012e5   Thumb Code    82  add_function.o(i.Average_Filter_Int)
    BusFault_Handler                         0x08001337   Thumb Code     4  stm32f4xx_it.o(i.BusFault_Handler)
    Calculate_DataComplement                 0x0800133b   Thumb Code    14  add_function.o(i.Calculate_DataComplement)
    Check_BlowerCRC8                         0x08001349   Thumb Code    58  add_function.o(i.Check_BlowerCRC8)
    Check_SensorCRC8                         0x08001383   Thumb Code    58  add_function.o(i.Check_SensorCRC8)
    CreateTask_Task                          0x080013bd   Thumb Code   138  application_main.o(i.CreateTask_Task)
    DebugMon_Handler                         0x080014f5   Thumb Code     2  stm32f4xx_it.o(i.DebugMon_Handler)
    Dri_BlowerControlSend                    0x080014f9   Thumb Code    18  driver_blower.o(i.Dri_BlowerControlSend)
    Dri_BlowerHardware_Init                  0x08001511   Thumb Code   264  driver_blower.o(i.Dri_BlowerHardware_Init)
    Dri_EEPROM_SCLENWC_Init                  0x08001625   Thumb Code    88  driver_eeprom.o(i.Dri_EEPROM_SCLENWC_Init)
    Dri_EEPROM_SDA_State                     0x08001685   Thumb Code    56  driver_eeprom.o(i.Dri_EEPROM_SDA_State)
    Dri_FlashHardware_Init                   0x080016c1   Thumb Code    28  driver_flash.o(i.Dri_FlashHardware_Init)
    Dri_Flash_Read                           0x080016dd   Thumb Code     6  driver_flash.o(i.Dri_Flash_Read)
    Dri_Flash_Write                          0x080016e5   Thumb Code   454  driver_flash.o(i.Dri_Flash_Write)
    Dri_Flow_SCL_Init                        0x080018b5   Thumb Code    40  driver_sdp31.o(i.Dri_Flow_SCL_Init)
    Dri_Flow_SDA_State                       0x080018e1   Thumb Code    58  driver_sdp31.o(i.Dri_Flow_SDA_State)
    Dri_KeyHardware_Init                     0x08001921   Thumb Code   190  driver_key.o(i.Dri_KeyHardware_Init)
    Dri_PHardware_Init                       0x080019e9   Thumb Code    76  driver_pressure.o(i.Dri_PHardware_Init)
    Dri_RGBHardware_Init                     0x08001a3d   Thumb Code   128  driver_rgb.o(i.Dri_RGBHardware_Init)
    Dri_RTCHardware_Init                     0x08001ac5   Thumb Code    64  driver_rtc.o(i.Dri_RTCHardware_Init)
    Dri_ReadPRESS_V                          0x08001b05   Thumb Code    96  driver_pressure.o(i.Dri_ReadPRESS_V)
    Dri_Set_CAP                              0x08001b69   Thumb Code    16  driver_voice.o(i.Dri_Set_CAP)
    Dri_Set_Data                             0x08001b7d   Thumb Code    16  driver_voice.o(i.Dri_Set_Data)
    Dri_Set_Power                            0x08001b91   Thumb Code    18  driver_voice.o(i.Dri_Set_Power)
    Dri_Set_RTCTime                          0x08001ba9   Thumb Code    96  driver_rtc.o(i.Dri_Set_RTCTime)
    Dri_TestPB1_State                        0x08001c09   Thumb Code    12  driver_testpower.o(i.Dri_TestPB1_State)
    Dri_TestPowerHardware_Init               0x08001c19   Thumb Code    28  driver_testpower.o(i.Dri_TestPowerHardware_Init)
    Dri_Timer6Hardware_Init                  0x08001c39   Thumb Code    88  driver_timer.o(i.Dri_Timer6Hardware_Init)
    Dri_Voice_DataOne                        0x08001c95   Thumb Code    28  driver_voice.o(i.Dri_Voice_DataOne)
    Dri_Voice_DataZero                       0x08001cb1   Thumb Code    28  driver_voice.o(i.Dri_Voice_DataZero)
    Dri_Voice_GPIO_Init                      0x08001ccd   Thumb Code   112  driver_voice.o(i.Dri_Voice_GPIO_Init)
    EXTI1_IRQHandler                         0x08001d45   Thumb Code   144  stm32f4xx_it.o(i.EXTI1_IRQHandler)
    EXTI9_5_IRQHandler                       0x08001de1   Thumb Code   158  stm32f4xx_it.o(i.EXTI9_5_IRQHandler)
    EXTI_ClearITPendingBit                   0x08001e91   Thumb Code     6  stm32f4xx_exti.o(i.EXTI_ClearITPendingBit)
    EXTI_GetITStatus                         0x08001e9d   Thumb Code    20  stm32f4xx_exti.o(i.EXTI_GetITStatus)
    EXTI_Init                                0x08001eb5   Thumb Code   142  stm32f4xx_exti.o(i.EXTI_Init)
    FLASH_ClearFlag                          0x08001f49   Thumb Code     6  stm32f4xx_flash.o(i.FLASH_ClearFlag)
    FLASH_DataCacheCmd                       0x08001f55   Thumb Code    30  stm32f4xx_flash.o(i.FLASH_DataCacheCmd)
    FLASH_EraseSector                        0x08001f79   Thumb Code   130  stm32f4xx_flash.o(i.FLASH_EraseSector)
    FLASH_GetStatus                          0x08002001   Thumb Code    80  stm32f4xx_flash.o(i.FLASH_GetStatus)
    FLASH_InstructionCacheCmd                0x08002055   Thumb Code    30  stm32f4xx_flash.o(i.FLASH_InstructionCacheCmd)
    FLASH_Lock                               0x08002079   Thumb Code    14  stm32f4xx_flash.o(i.FLASH_Lock)
    FLASH_PrefetchBufferCmd                  0x0800208d   Thumb Code    30  stm32f4xx_flash.o(i.FLASH_PrefetchBufferCmd)
    FLASH_ProgramHalfWord                    0x080020b1   Thumb Code    74  stm32f4xx_flash.o(i.FLASH_ProgramHalfWord)
    FLASH_SetLatency                         0x08002101   Thumb Code     6  stm32f4xx_flash.o(i.FLASH_SetLatency)
    FLASH_Unlock                             0x0800210d   Thumb Code    24  stm32f4xx_flash.o(i.FLASH_Unlock)
    FLASH_WaitForLastOperation               0x08002131   Thumb Code    34  stm32f4xx_flash.o(i.FLASH_WaitForLastOperation)
    FLOW_Ack                                 0x08002155   Thumb Code    68  driver_sdp31.o(i.FLOW_Ack)
    FLOW_No_Ack                              0x080021a1   Thumb Code    78  driver_sdp31.o(i.FLOW_No_Ack)
    FLOW_Read_Byte                           0x080021f9   Thumb Code   110  driver_sdp31.o(i.FLOW_Read_Byte)
    FLOW_Start                               0x08002271   Thumb Code    78  driver_sdp31.o(i.FLOW_Start)
    FLOW_Stop                                0x080022c9   Thumb Code    78  driver_sdp31.o(i.FLOW_Stop)
    FLOW_Wait_Ack                            0x08002321   Thumb Code   126  driver_sdp31.o(i.FLOW_Wait_Ack)
    FLOW_Write_Byte                          0x080023a9   Thumb Code   120  driver_sdp31.o(i.FLOW_Write_Byte)
    GPIO_Init                                0x08002429   Thumb Code   144  stm32f4xx_gpio.o(i.GPIO_Init)
    GPIO_PinAFConfig                         0x080024b9   Thumb Code    70  stm32f4xx_gpio.o(i.GPIO_PinAFConfig)
    GPIO_ReadInputDataBit                    0x080024ff   Thumb Code    18  stm32f4xx_gpio.o(i.GPIO_ReadInputDataBit)
    GPIO_WriteBit                            0x08002511   Thumb Code    12  stm32f4xx_gpio.o(i.GPIO_WriteBit)
    HardFault_Handler                        0x0800251d   Thumb Code     4  stm32f4xx_it.o(i.HardFault_Handler)
    Hardware_Init                            0x08002521   Thumb Code   186  application_main.o(i.Hardware_Init)
    IWDG_ReloadCounter                       0x080025f9   Thumb Code    10  stm32f4xx_iwdg.o(i.IWDG_ReloadCounter)
    Kalman_Filter                            0x08002609   Thumb Code   212  add_function.o(i.Kalman_Filter)
    MeasureStack                             0x080026e9   Thumb Code    34  application_main.o(i.MeasureStack)
    MemManage_Handler                        0x08002719   Thumb Code     4  stm32f4xx_it.o(i.MemManage_Handler)
    Mid_Blower_Init                          0x0800271d   Thumb Code     8  middle_blower.o(i.Mid_Blower_Init)
    Mid_CALCoefficient                       0x08002725   Thumb Code  1080  application_calibration.o(i.Mid_CALCoefficient)
    Mid_CalBlower_RPM                        0x08002b61   Thumb Code   458  middle_blower.o(i.Mid_CalBlower_RPM)
    Mid_CalculateFlow                        0x08002d4d   Thumb Code   636  middle_flow.o(i.Mid_CalculateFlow)
    Mid_CalculatePRESS                       0x08002fd5   Thumb Code   138  middle_pressure.o(i.Mid_CalculatePRESS)
    Mid_CalibratePRESS                       0x0800307d   Thumb Code   120  application_calibration.o(i.Mid_CalibratePRESS)
    Mid_DelayIncreasePRESS                   0x080030fd   Thumb Code   348  middle_comfortfunction.o(i.Mid_DelayIncreasePRESS)
    Mid_EEPROM_Init                          0x08003279   Thumb Code    14  middle_eeprom.o(i.Mid_EEPROM_Init)
    Mid_Feed_IWDG                            0x08003287   Thumb Code     8  middle_watchdog.o(i.Mid_Feed_IWDG)
    Mid_Flash_Init                           0x0800328f   Thumb Code     8  middle_flash.o(i.Mid_Flash_Init)
    Mid_Flow_Init                            0x08003297   Thumb Code    18  middle_flow.o(i.Mid_Flow_Init)
    Mid_IncreasePID                          0x080032a9   Thumb Code   456  middle_pid.o(i.Mid_IncreasePID)
    Mid_IncreasePID_Init                     0x08003489   Thumb Code    76  middle_pid.o(i.Mid_IncreasePID_Init)
    Mid_Key_Init                             0x080034e5   Thumb Code     8  middle_key.o(i.Mid_Key_Init)
    Mid_Pressure_Init                        0x080034ed   Thumb Code     8  middle_pressure.o(i.Mid_Pressure_Init)
    Mid_RGB_Init                             0x080034f5   Thumb Code     8  middle_rgb.o(i.Mid_RGB_Init)
    Mid_RTC_Init                             0x080034fd   Thumb Code     8  middle_rtc.o(i.Mid_RTC_Init)
    Mid_ReadCALData_Power                    0x08003505   Thumb Code   232  middle_flash.o(i.Mid_ReadCALData_Power)
    Mid_SDP31Data_Process                    0x080035f5   Thumb Code   232  middle_flow.o(i.Mid_SDP31Data_Process)
    Mid_SDP31_RESET                          0x080036f1   Thumb Code    38  middle_flow.o(i.Mid_SDP31_RESET)
    Mid_SDP31_ReadData                       0x08003717   Thumb Code   140  middle_flow.o(i.Mid_SDP31_ReadData)
    Mid_SDP31_WriteCMD                       0x080037a3   Thumb Code    46  middle_flow.o(i.Mid_SDP31_WriteCMD)
    Mid_SendToBlower                         0x080037d1   Thumb Code    98  middle_blower.o(i.Mid_SendToBlower)
    Mid_Set_RTC                              0x08003841   Thumb Code    12  middle_rtc.o(i.Mid_Set_RTC)
    Mid_TestPower                            0x0800384d   Thumb Code     8  middle_testpower.o(i.Mid_TestPower)
    Mid_TestPower_Init                       0x08003855   Thumb Code     8  middle_testpower.o(i.Mid_TestPower_Init)
    Mid_Timer6_Init                          0x0800385d   Thumb Code    14  middle_timer.o(i.Mid_Timer6_Init)
    Mid_Voice_Init                           0x0800386b   Thumb Code    32  middle_voice.o(i.Mid_Voice_Init)
    Mid_Voice_SendData                       0x0800388b   Thumb Code    46  middle_voice.o(i.Mid_Voice_SendData)
    Mid_Voice_Start                          0x080038b9   Thumb Code    16  driver_voice.o(i.Mid_Voice_Start)
    Mid_Voice_Stop                           0x080038c9   Thumb Code    16  driver_voice.o(i.Mid_Voice_Stop)
    Mid_WriteCALData                         0x080038d9   Thumb Code    12  middle_flash.o(i.Mid_WriteCALData)
    MoveRight_Range                          0x080038e5   Thumb Code    36  add_function.o(i.MoveRight_Range)
    NMI_Handler                              0x08003909   Thumb Code     2  stm32f4xx_it.o(i.NMI_Handler)
    NVIC_Init                                0x0800390d   Thumb Code   106  misc.o(i.NVIC_Init)
    NVIC_PriorityGroupConfig                 0x08003985   Thumb Code    10  misc.o(i.NVIC_PriorityGroupConfig)
    PWR_BackupAccessCmd                      0x08003999   Thumb Code     6  stm32f4xx_pwr.o(i.PWR_BackupAccessCmd)
    PowerOnCheck_Task                        0x080039a5   Thumb Code   112  application_main.o(i.PowerOnCheck_Task)
    PowerOn_ValueInit                        0x08003a4d   Thumb Code    46  application_main.o(i.PowerOn_ValueInit)
    RCC_AHB1PeriphClockCmd                   0x08003a89   Thumb Code    26  stm32f4xx_rcc.o(i.RCC_AHB1PeriphClockCmd)
    RCC_APB1PeriphClockCmd                   0x08003aa9   Thumb Code    26  stm32f4xx_rcc.o(i.RCC_APB1PeriphClockCmd)
    RCC_APB2PeriphClockCmd                   0x08003ac9   Thumb Code    26  stm32f4xx_rcc.o(i.RCC_APB2PeriphClockCmd)
    RCC_GetClocksFreq                        0x08003ae9   Thumb Code   440  stm32f4xx_rcc.o(i.RCC_GetClocksFreq)
    RCC_GetFlagStatus                        0x08003cb1   Thumb Code    60  stm32f4xx_rcc.o(i.RCC_GetFlagStatus)
    RCC_LSEConfig                            0x08003cf1   Thumb Code    40  stm32f4xx_rcc.o(i.RCC_LSEConfig)
    RCC_RTCCLKCmd                            0x08003d1d   Thumb Code     6  stm32f4xx_rcc.o(i.RCC_RTCCLKCmd)
    RCC_RTCCLKConfig                         0x08003d29   Thumb Code    50  stm32f4xx_rcc.o(i.RCC_RTCCLKConfig)
    RTC_EnterInitMode                        0x08003d99   Thumb Code    76  stm32f4xx_rtc.o(i.RTC_EnterInitMode)
    RTC_ExitInitMode                         0x08003de9   Thumb Code    14  stm32f4xx_rtc.o(i.RTC_ExitInitMode)
    RTC_Init                                 0x08003dfd   Thumb Code    94  stm32f4xx_rtc.o(i.RTC_Init)
    RTC_SetDate                              0x08003e61   Thumb Code   190  stm32f4xx_rtc.o(i.RTC_SetDate)
    RTC_SetTime                              0x08003f29   Thumb Code   198  stm32f4xx_rtc.o(i.RTC_SetTime)
    RTC_WaitForSynchro                       0x08003ff9   Thumb Code    92  stm32f4xx_rtc.o(i.RTC_WaitForSynchro)
    SYSCFG_EXTILineConfig                    0x08004059   Thumb Code    60  stm32f4xx_syscfg.o(i.SYSCFG_EXTILineConfig)
    Send_BlowerCRC8                          0x08004099   Thumb Code    58  add_function.o(i.Send_BlowerCRC8)
    SysTick_Handler                          0x080041f5   Thumb Code    16  stm32f4xx_it.o(i.SysTick_Handler)
    SystemInit                               0x08004205   Thumb Code    88  system_stm32f4xx.o(i.SystemInit)
    TIM6_DAC_IRQHandler                      0x0800426d   Thumb Code   314  stm32f4xx_it.o(i.TIM6_DAC_IRQHandler)
    TIM_ClearITPendingBit                    0x080043c5   Thumb Code     6  stm32f4xx_tim.o(i.TIM_ClearITPendingBit)
    TIM_Cmd                                  0x080043cb   Thumb Code    24  stm32f4xx_tim.o(i.TIM_Cmd)
    TIM_GetITStatus                          0x080043e3   Thumb Code    34  stm32f4xx_tim.o(i.TIM_GetITStatus)
    TIM_ITConfig                             0x08004405   Thumb Code    18  stm32f4xx_tim.o(i.TIM_ITConfig)
    TIM_TimeBaseInit                         0x08004419   Thumb Code   104  stm32f4xx_tim.o(i.TIM_TimeBaseInit)
    USART2_IRQHandler                        0x0800449d   Thumb Code   210  stm32f4xx_it.o(i.USART2_IRQHandler)
    USART_ClearITPendingBit                  0x08004589   Thumb Code    30  stm32f4xx_usart.o(i.USART_ClearITPendingBit)
    USART_Cmd                                0x080045a7   Thumb Code    24  stm32f4xx_usart.o(i.USART_Cmd)
    USART_GetFlagStatus                      0x080045bf   Thumb Code    26  stm32f4xx_usart.o(i.USART_GetFlagStatus)
    USART_GetITStatus                        0x080045d9   Thumb Code    84  stm32f4xx_usart.o(i.USART_GetITStatus)
    USART_ITConfig                           0x0800462d   Thumb Code    74  stm32f4xx_usart.o(i.USART_ITConfig)
    USART_Init                               0x08004679   Thumb Code   204  stm32f4xx_usart.o(i.USART_Init)
    USART_ReceiveData                        0x0800474d   Thumb Code    10  stm32f4xx_usart.o(i.USART_ReceiveData)
    USART_SendData                           0x08004757   Thumb Code     8  stm32f4xx_usart.o(i.USART_SendData)
    UsageFault_Handler                       0x0800475f   Thumb Code     4  stm32f4xx_it.o(i.UsageFault_Handler)
    __hardfp_sqrt                            0x08004763   Thumb Code   122  sqrt.o(i.__hardfp_sqrt)
    __scatterload_copy                       0x080047dd   Thumb Code    14  handlers.o(i.__scatterload_copy)
    __scatterload_null                       0x080047eb   Thumb Code     2  handlers.o(i.__scatterload_null)
    __scatterload_zeroinit                   0x080047ed   Thumb Code    14  handlers.o(i.__scatterload_zeroinit)
    __set_errno                              0x080047fd   Thumb Code     6  errno.o(i.__set_errno)
    main                                     0x08004809   Thumb Code   158  application_main.o(i.main)
    pvPortMalloc                             0x08005311   Thumb Code   234  heap_4.o(i.pvPortMalloc)
    pxPortInitialiseStack                    0x08005411   Thumb Code    38  port.o(i.pxPortInitialiseStack)
    udelay_100us                             0x0800543d   Thumb Code    32  add_function.o(i.udelay_100us)
    udelay_1us                               0x0800545d   Thumb Code    28  add_function.o(i.udelay_1us)
    uxListRemove                             0x08005479   Thumb Code    40  list.o(i.uxListRemove)
    uxTaskGetNumberOfTasks                   0x080054a1   Thumb Code     6  tasks.o(i.uxTaskGetNumberOfTasks)
    uxTaskGetStackHighWaterMark              0x080054ad   Thumb Code    34  tasks.o(i.uxTaskGetStackHighWaterMark)
    uxTaskResetEventItemValue                0x080054d5   Thumb Code    24  tasks.o(i.uxTaskResetEventItemValue)
    vEventGroupClearBitsCallback             0x080054f1   Thumb Code    16  event_groups.o(i.vEventGroupClearBitsCallback)
    vEventGroupSetBitsCallback               0x08005501   Thumb Code    16  event_groups.o(i.vEventGroupSetBitsCallback)
    vListInitialise                          0x08005511   Thumb Code    26  list.o(i.vListInitialise)
    vListInitialiseItem                      0x0800552b   Thumb Code     6  list.o(i.vListInitialiseItem)
    vListInsert                              0x08005531   Thumb Code    52  list.o(i.vListInsert)
    vListInsertEnd                           0x08005565   Thumb Code    24  list.o(i.vListInsertEnd)
    vPortEnterCritical                       0x0800557d   Thumb Code    30  port.o(i.vPortEnterCritical)
    vPortExitCritical                        0x080055a1   Thumb Code    28  port.o(i.vPortExitCritical)
    vPortFree                                0x080055c1   Thumb Code    96  heap_4.o(i.vPortFree)
    vPortSetupTimerInterrupt                 0x08005629   Thumb Code    36  port.o(i.vPortSetupTimerInterrupt)
    vQueueAddToRegistry                      0x08005651   Thumb Code    66  queue.o(i.vQueueAddToRegistry)
    vQueueWaitForMessageRestricted           0x08005699   Thumb Code    74  queue.o(i.vQueueWaitForMessageRestricted)
    vTaskDelay                               0x080056e5   Thumb Code    46  tasks.o(i.vTaskDelay)
    vTaskDelete                              0x08005719   Thumb Code   198  tasks.o(i.vTaskDelete)
    vTaskInternalSetTimeOutState             0x08005805   Thumb Code    14  tasks.o(i.vTaskInternalSetTimeOutState)
    vTaskMissedYield                         0x0800581d   Thumb Code     8  tasks.o(i.vTaskMissedYield)
    vTaskPlaceOnEventList                    0x08005829   Thumb Code    28  tasks.o(i.vTaskPlaceOnEventList)
    vTaskPlaceOnEventListRestricted          0x08005849   Thumb Code    74  tasks.o(i.vTaskPlaceOnEventListRestricted)
    vTaskPlaceOnUnorderedEventList           0x08005899   Thumb Code    78  tasks.o(i.vTaskPlaceOnUnorderedEventList)
    vTaskRemoveFromUnorderedEventList        0x080058ed   Thumb Code   206  tasks.o(i.vTaskRemoveFromUnorderedEventList)
    vTaskStartScheduler                      0x080059cd   Thumb Code    70  tasks.o(i.vTaskStartScheduler)
    vTaskSuspendAll                          0x08005a25   Thumb Code    12  tasks.o(i.vTaskSuspendAll)
    vTaskSwitchContext                       0x08005a35   Thumb Code    84  tasks.o(i.vTaskSwitchContext)
    xEventGroupClearBits                     0x08005a9d   Thumb Code    32  event_groups.o(i.xEventGroupClearBits)
    xEventGroupClearBitsFromISR              0x08005abd   Thumb Code    24  event_groups.o(i.xEventGroupClearBitsFromISR)
    xEventGroupCreate                        0x08005ad9   Thumb Code    26  event_groups.o(i.xEventGroupCreate)
    xEventGroupSetBits                       0x08005af3   Thumb Code   146  event_groups.o(i.xEventGroupSetBits)
    xEventGroupSetBitsFromISR                0x08005b85   Thumb Code    30  event_groups.o(i.xEventGroupSetBitsFromISR)
    xEventGroupWaitBits                      0x08005ba9   Thumb Code   198  event_groups.o(i.xEventGroupWaitBits)
    xPortStartScheduler                      0x08005c75   Thumb Code    58  port.o(i.xPortStartScheduler)
    xPortSysTickHandler                      0x08005cbd   Thumb Code    46  port.o(i.xPortSysTickHandler)
    xQueueGenericCreate                      0x08005cf1   Thumb Code    76  queue.o(i.xQueueGenericCreate)
    xQueueGenericReset                       0x08005d3d   Thumb Code   156  queue.o(i.xQueueGenericReset)
    xQueueGenericSend                        0x08005ddd   Thumb Code   276  queue.o(i.xQueueGenericSend)
    xQueueGenericSendFromISR                 0x08005ef5   Thumb Code   154  queue.o(i.xQueueGenericSendFromISR)
    xQueueReceive                            0x08005f91   Thumb Code   256  queue.o(i.xQueueReceive)
    xQueueReceiveFromISR                     0x08006095   Thumb Code   142  queue.o(i.xQueueReceiveFromISR)
    xTaskCheckForTimeOut                     0x08006125   Thumb Code   112  tasks.o(i.xTaskCheckForTimeOut)
    xTaskCreate                              0x080061a1   Thumb Code    56  tasks.o(i.xTaskCreate)
    xTaskGetSchedulerState                   0x080061d9   Thumb Code    24  tasks.o(i.xTaskGetSchedulerState)
    xTaskGetTickCount                        0x080061f9   Thumb Code     6  tasks.o(i.xTaskGetTickCount)
    xTaskIncrementTick                       0x08006205   Thumb Code   372  tasks.o(i.xTaskIncrementTick)
    xTaskRemoveFromEventList                 0x080063a5   Thumb Code   256  tasks.o(i.xTaskRemoveFromEventList)
    xTaskResumeAll                           0x080064bd   Thumb Code   344  tasks.o(i.xTaskResumeAll)
    xTimerCreateTimerTask                    0x08006639   Thumb Code    42  timers.o(i.xTimerCreateTimerTask)
    xTimerPendFunctionCallFromISR            0x08006679   Thumb Code    48  timers.o(i.xTimerPendFunctionCallFromISR)
    Region$$Table$$Base                      0x080066bc   Number         0  anon$$obj.o(Region$$Table)
    Region$$Table$$Limit                     0x080066dc   Number         0  anon$$obj.o(Region$$Table)
    flag_flow                                0x20000000   Data           4  application_calibration.o(.data)
    flag_press                               0x20000004   Data           4  application_calibration.o(.data)
    flag_stopblo                             0x20000008   Data           4  application_calibration.o(.data)
    flag_stopcali                            0x2000000c   Data           4  application_calibration.o(.data)
    flag_startcali                           0x20000010   Data           4  application_calibration.o(.data)
    flag_model                               0x20000014   Data           4  application_calibration.o(.data)
    flag_rtc                                 0x20000018   Data           4  application_calibration.o(.data)
    flag_4                                   0x2000001c   Data           4  application_calibration.o(.data)
    flag_runcommand                          0x20000020   Data           1  application_receiveblower.o(.data)
    sensorbuff_sdp_nofilter                  0x20000024   Data           4  middle_flow.o(.data)
    sensorbuff_sdp_filter                    0x20000028   Data           4  middle_flow.o(.data)
    BlowerSendQueue                          0x2000002c   Data           8  use_struct.o(.data)
    BlowerReceiveQueue                       0x20000034   Data           8  use_struct.o(.data)
    RECMotorTaskHandle                       0x2000003c   Data           4  freertos_define.o(.data)
    CONBlowerTaskHandle                      0x20000040   Data           4  freertos_define.o(.data)
    MachineOnOffTaskHandle                   0x20000044   Data           4  freertos_define.o(.data)
    MeasureTaskHandle                        0x20000048   Data           4  freertos_define.o(.data)
    CALDataTaskHandle                        0x2000004c   Data           4  freertos_define.o(.data)
    BlowerStateQueue_Handle                  0x20000050   Data           4  freertos_define.o(.data)
    BlowerRECQueue_Handle                    0x20000054   Data           4  freertos_define.o(.data)
    BlowerSendQueue_Handle                   0x20000058   Data           4  freertos_define.o(.data)
    CALDataQueue_Handle                      0x2000005c   Data           4  freertos_define.o(.data)
    RunParamQueue_Handle                     0x20000060   Data           4  freertos_define.o(.data)
    PowerOnSemaphore_Handle                  0x20000064   Data           4  freertos_define.o(.data)
    MachineStateEvent_Handle                 0x20000068   Data           4  freertos_define.o(.data)
    FeedDogEvent_Handle                      0x2000006c   Data           4  freertos_define.o(.data)
    pxCurrentTCB                             0x20000070   Data           4  tasks.o(.data)
    sendqueue                                0x200000e4   Data           8  stm32f4xx_it.o(.data)
    flag_send                                0x200000ec   Data           1  stm32f4xx_it.o(.data)
    SystemCoreClock                          0x20000100   Data           4  system_stm32f4xx.o(.data)
    AHBPrescTable                            0x20000104   Data          16  system_stm32f4xx.o(.data)
    depth                                    0x20000118   Data          20  application_main.o(.bss)
    Blower_State                             0x20000144   Data          12  use_struct.o(.bss)
    Run_Param                                0x20000150   Data          40  use_struct.o(.bss)
    Set_Param                                0x20000178   Data          24  use_struct.o(.bss)
    CalibrationData                          0x20000190   Data          64  use_struct.o(.bss)
    Machine_State                            0x200001d0   Data          25  use_struct.o(.bss)
    Machine_Time                             0x200001ec   Data          48  use_struct.o(.bss)
    IncreasePID                              0x2000021c   Data          60  use_struct.o(.bss)
    Flow_Kalman                              0x20000258   Data          16  use_struct.o(.bss)
    Calibration                              0x20000268   Data          20  use_struct.o(.bss)
    SetConsumable_Warn                       0x2000027c   Data          25  use_struct.o(.bss)
    xQueueRegistry                           0x20000298   Data          80  queue.o(.bss)
    __initial_sp                             0x200199f8   Data           0  startup_stm32f446xx.o(STACK)



==============================================================================

Memory Map of the image

  Image Entry point : 0x080001c5

  Load Region LR_IROM1 (Base: 0x08000000, Size: 0x000067f4, Max: 0x00080000, ABSOLUTE)

    Execution Region ER_IROM1 (Exec base: 0x08000000, Load base: 0x08000000, Size: 0x000066dc, Max: 0x00080000, ABSOLUTE)

    Exec Addr    Load Addr    Size         Type   Attr      Idx    E Section Name        Object

    0x08000000   0x08000000   0x000001c4   Data   RO         8821    RESET               startup_stm32f446xx.o
    0x080001c4   0x080001c4   0x00000000   Code   RO         8838  * .ARM.Collect$$$$00000000  mc_w.l(entry.o)
    0x080001c4   0x080001c4   0x00000004   Code   RO         9130    .ARM.Collect$$$$00000001  mc_w.l(entry2.o)
    0x080001c8   0x080001c8   0x00000004   Code   RO         9133    .ARM.Collect$$$$00000004  mc_w.l(entry5.o)
    0x080001cc   0x080001cc   0x00000000   Code   RO         9135    .ARM.Collect$$$$00000008  mc_w.l(entry7b.o)
    0x080001cc   0x080001cc   0x00000000   Code   RO         9137    .ARM.Collect$$$$0000000A  mc_w.l(entry8b.o)
    0x080001cc   0x080001cc   0x00000008   Code   RO         9138    .ARM.Collect$$$$0000000B  mc_w.l(entry9a.o)
    0x080001d4   0x080001d4   0x00000004   Code   RO         9145    .ARM.Collect$$$$0000000E  mc_w.l(entry12b.o)
    0x080001d8   0x080001d8   0x00000000   Code   RO         9140    .ARM.Collect$$$$0000000F  mc_w.l(entry10a.o)
    0x080001d8   0x080001d8   0x00000000   Code   RO         9142    .ARM.Collect$$$$00000011  mc_w.l(entry11a.o)
    0x080001d8   0x080001d8   0x00000004   Code   RO         9131    .ARM.Collect$$$$00002712  mc_w.l(entry2.o)
    0x080001dc   0x080001dc   0x000000be   Code   RO         3067    .emb_text           port.o
    0x0800029a   0x0800029a   0x00000002   PAD
    0x0800029c   0x0800029c   0x00000024   Code   RO         8822    .text               startup_stm32f446xx.o
    0x080002c0   0x080002c0   0x00000024   Code   RO         8841    .text               mc_w.l(memcpya.o)
    0x080002e4   0x080002e4   0x00000024   Code   RO         8843    .text               mc_w.l(memseta.o)
    0x08000308   0x08000308   0x0000014e   Code   RO         9112    .text               mf_w.l(dadd.o)
    0x08000456   0x08000456   0x000000e4   Code   RO         9114    .text               mf_w.l(dmul.o)
    0x0800053a   0x0800053a   0x000000de   Code   RO         9116    .text               mf_w.l(ddiv.o)
    0x08000618   0x08000618   0x0000001a   Code   RO         9118    .text               mf_w.l(dfltui.o)
    0x08000632   0x08000632   0x0000003e   Code   RO         9120    .text               mf_w.l(dfixi.o)
    0x08000670   0x08000670   0x00000032   Code   RO         9122    .text               mf_w.l(dfixui.o)
    0x080006a2   0x080006a2   0x00000026   Code   RO         9124    .text               mf_w.l(f2d.o)
    0x080006c8   0x080006c8   0x00000030   Code   RO         9126    .text               mf_w.l(cdcmple.o)
    0x080006f8   0x080006f8   0x00000038   Code   RO         9128    .text               mf_w.l(d2f.o)
    0x08000730   0x08000730   0x0000001e   Code   RO         9153    .text               mc_w.l(llshl.o)
    0x0800074e   0x0800074e   0x00000020   Code   RO         9155    .text               mc_w.l(llushr.o)
    0x0800076e   0x0800076e   0x00000024   Code   RO         9157    .text               mc_w.l(llsshr.o)
    0x08000792   0x08000792   0x00000000   Code   RO         9166    .text               mc_w.l(iusefp.o)
    0x08000792   0x08000792   0x0000006e   Code   RO         9167    .text               mf_w.l(fepilogue.o)
    0x08000800   0x08000800   0x000000ba   Code   RO         9169    .text               mf_w.l(depilogue.o)
    0x080008ba   0x080008ba   0x000000a2   Code   RO         9171    .text               mf_w.l(dsqrt.o)
    0x0800095c   0x0800095c   0x00000024   Code   RO         9177    .text               mc_w.l(init.o)
    0x08000980   0x08000980   0x00000006   Code   RO         3301    i.ADC_ClearFlag     stm32f4xx_adc.o
    0x08000986   0x08000986   0x00000016   Code   RO         3303    i.ADC_Cmd           stm32f4xx_adc.o
    0x0800099c   0x0800099c   0x00000016   Code   RO         3306    i.ADC_ContinuousModeCmd  stm32f4xx_adc.o
    0x080009b2   0x080009b2   0x00000008   Code   RO         3315    i.ADC_GetConversionValue  stm32f4xx_adc.o
    0x080009ba   0x080009ba   0x00000012   Code   RO         3316    i.ADC_GetFlagStatus  stm32f4xx_adc.o
    0x080009cc   0x080009cc   0x00000054   Code   RO         3323    i.ADC_Init          stm32f4xx_adc.o
    0x08000a20   0x08000a20   0x000000b8   Code   RO         3328    i.ADC_RegularChannelConfig  stm32f4xx_adc.o
    0x08000ad8   0x08000ad8   0x0000000a   Code   RO         3330    i.ADC_SoftwareStartConv  stm32f4xx_adc.o
    0x08000ae2   0x08000ae2   0x00000002   PAD
    0x08000ae4   0x08000ae4   0x00000178   Code   RO          406    i.App_Cali_Debug_Function  application_calibration.o
    0x08000c5c   0x08000c5c   0x00000228   Code   RO          407    i.App_Calibration_Task  application_calibration.o
    0x08000e84   0x08000e84   0x00000190   Code   RO          382    i.App_ControlBlower_Task  application_controlblower.o
    0x08001014   0x08001014   0x00000044   Code   RO          346    i.App_MachineOff_ClearParam  application_machine_onoff.o
    0x08001058   0x08001058   0x00000090   Code   RO          347    i.App_MachineOn_SetParam  application_machine_onoff.o
    0x080010e8   0x080010e8   0x00000140   Code   RO          348    i.App_Machine_OnOff_Task  application_machine_onoff.o
    0x08001228   0x08001228   0x000000bc   Code   RO          477    i.App_ReceiveBlower_Task  application_receiveblower.o
    0x080012e4   0x080012e4   0x00000052   Code   RO         1623    i.Average_Filter_Int  add_function.o
    0x08001336   0x08001336   0x00000004   Code   RO         3150    i.BusFault_Handler  stm32f4xx_it.o
    0x0800133a   0x0800133a   0x0000000e   Code   RO         1625    i.Calculate_DataComplement  add_function.o
    0x08001348   0x08001348   0x0000003a   Code   RO         1626    i.Check_BlowerCRC8  add_function.o
    0x08001382   0x08001382   0x0000003a   Code   RO         1627    i.Check_SensorCRC8  add_function.o
    0x080013bc   0x080013bc   0x00000138   Code   RO            4    i.CreateTask_Task   application_main.o
    0x080014f4   0x080014f4   0x00000002   Code   RO         3151    i.DebugMon_Handler  stm32f4xx_it.o
    0x080014f6   0x080014f6   0x00000002   PAD
    0x080014f8   0x080014f8   0x00000018   Code   RO         1130    i.Dri_BlowerControlSend  driver_blower.o
    0x08001510   0x08001510   0x00000114   Code   RO         1131    i.Dri_BlowerHardware_Init  driver_blower.o
    0x08001624   0x08001624   0x00000060   Code   RO         1485    i.Dri_EEPROM_SCLENWC_Init  driver_eeprom.o
    0x08001684   0x08001684   0x0000003c   Code   RO         1486    i.Dri_EEPROM_SDA_State  driver_eeprom.o
    0x080016c0   0x080016c0   0x0000001c   Code   RO         1226    i.Dri_FlashHardware_Init  driver_flash.o
    0x080016dc   0x080016dc   0x00000006   Code   RO         1227    i.Dri_Flash_Read    driver_flash.o
    0x080016e2   0x080016e2   0x00000002   PAD
    0x080016e4   0x080016e4   0x000001d0   Code   RO         1228    i.Dri_Flash_Write   driver_flash.o
    0x080018b4   0x080018b4   0x0000002c   Code   RO         1382    i.Dri_Flow_SCL_Init  driver_sdp31.o
    0x080018e0   0x080018e0   0x00000040   Code   RO         1383    i.Dri_Flow_SDA_State  driver_sdp31.o
    0x08001920   0x08001920   0x000000c8   Code   RO         1262    i.Dri_KeyHardware_Init  driver_key.o
    0x080019e8   0x080019e8   0x00000054   Code   RO         1160    i.Dri_PHardware_Init  driver_pressure.o
    0x08001a3c   0x08001a3c   0x00000088   Code   RO         1559    i.Dri_RGBHardware_Init  driver_rgb.o
    0x08001ac4   0x08001ac4   0x00000040   Code   RO         1191    i.Dri_RTCHardware_Init  driver_rtc.o
    0x08001b04   0x08001b04   0x00000064   Code   RO         1161    i.Dri_ReadPRESS_V   driver_pressure.o
    0x08001b68   0x08001b68   0x00000014   Code   RO         1311    i.Dri_Set_CAP       driver_voice.o
    0x08001b7c   0x08001b7c   0x00000014   Code   RO         1312    i.Dri_Set_Data      driver_voice.o
    0x08001b90   0x08001b90   0x00000018   Code   RO         1313    i.Dri_Set_Power     driver_voice.o
    0x08001ba8   0x08001ba8   0x00000060   Code   RO         1192    i.Dri_Set_RTCTime   driver_rtc.o
    0x08001c08   0x08001c08   0x00000010   Code   RO         1593    i.Dri_TestPB1_State  driver_testpower.o
    0x08001c18   0x08001c18   0x00000020   Code   RO         1594    i.Dri_TestPowerHardware_Init  driver_testpower.o
    0x08001c38   0x08001c38   0x0000005c   Code   RO         1286    i.Dri_Timer6Hardware_Init  driver_timer.o
    0x08001c94   0x08001c94   0x0000001c   Code   RO         1314    i.Dri_Voice_DataOne  driver_voice.o
    0x08001cb0   0x08001cb0   0x0000001c   Code   RO         1315    i.Dri_Voice_DataZero  driver_voice.o
    0x08001ccc   0x08001ccc   0x00000078   Code   RO         1316    i.Dri_Voice_GPIO_Init  driver_voice.o
    0x08001d44   0x08001d44   0x0000009c   Code   RO         3152    i.EXTI1_IRQHandler  stm32f4xx_it.o
    0x08001de0   0x08001de0   0x000000b0   Code   RO         3153    i.EXTI9_5_IRQHandler  stm32f4xx_it.o
    0x08001e90   0x08001e90   0x0000000c   Code   RO         4704    i.EXTI_ClearITPendingBit  stm32f4xx_exti.o
    0x08001e9c   0x08001e9c   0x00000018   Code   RO         4708    i.EXTI_GetITStatus  stm32f4xx_exti.o
    0x08001eb4   0x08001eb4   0x00000094   Code   RO         4709    i.EXTI_Init         stm32f4xx_exti.o
    0x08001f48   0x08001f48   0x0000000c   Code   RO         4769    i.FLASH_ClearFlag   stm32f4xx_flash.o
    0x08001f54   0x08001f54   0x00000024   Code   RO         4770    i.FLASH_DataCacheCmd  stm32f4xx_flash.o
    0x08001f78   0x08001f78   0x00000088   Code   RO         4775    i.FLASH_EraseSector  stm32f4xx_flash.o
    0x08002000   0x08002000   0x00000054   Code   RO         4777    i.FLASH_GetStatus   stm32f4xx_flash.o
    0x08002054   0x08002054   0x00000024   Code   RO         4779    i.FLASH_InstructionCacheCmd  stm32f4xx_flash.o
    0x08002078   0x08002078   0x00000014   Code   RO         4781    i.FLASH_Lock        stm32f4xx_flash.o
    0x0800208c   0x0800208c   0x00000024   Code   RO         4801    i.FLASH_PrefetchBufferCmd  stm32f4xx_flash.o
    0x080020b0   0x080020b0   0x00000050   Code   RO         4804    i.FLASH_ProgramHalfWord  stm32f4xx_flash.o
    0x08002100   0x08002100   0x0000000c   Code   RO         4806    i.FLASH_SetLatency  stm32f4xx_flash.o
    0x0800210c   0x0800210c   0x00000024   Code   RO         4807    i.FLASH_Unlock      stm32f4xx_flash.o
    0x08002130   0x08002130   0x00000022   Code   RO         4808    i.FLASH_WaitForLastOperation  stm32f4xx_flash.o
    0x08002152   0x08002152   0x00000002   PAD
    0x08002154   0x08002154   0x0000004c   Code   RO         1384    i.FLOW_Ack          driver_sdp31.o
    0x080021a0   0x080021a0   0x00000058   Code   RO         1385    i.FLOW_No_Ack       driver_sdp31.o
    0x080021f8   0x080021f8   0x00000078   Code   RO         1386    i.FLOW_Read_Byte    driver_sdp31.o
    0x08002270   0x08002270   0x00000058   Code   RO         1387    i.FLOW_Start        driver_sdp31.o
    0x080022c8   0x080022c8   0x00000058   Code   RO         1388    i.FLOW_Stop         driver_sdp31.o
    0x08002320   0x08002320   0x00000088   Code   RO         1389    i.FLOW_Wait_Ack     driver_sdp31.o
    0x080023a8   0x080023a8   0x00000080   Code   RO         1390    i.FLOW_Write_Byte   driver_sdp31.o
    0x08002428   0x08002428   0x00000090   Code   RO         5328    i.GPIO_Init         stm32f4xx_gpio.o
    0x080024b8   0x080024b8   0x00000046   Code   RO         5329    i.GPIO_PinAFConfig  stm32f4xx_gpio.o
    0x080024fe   0x080024fe   0x00000012   Code   RO         5332    i.GPIO_ReadInputDataBit  stm32f4xx_gpio.o
    0x08002510   0x08002510   0x0000000c   Code   RO         5340    i.GPIO_WriteBit     stm32f4xx_gpio.o
    0x0800251c   0x0800251c   0x00000004   Code   RO         3154    i.HardFault_Handler  stm32f4xx_it.o
    0x08002520   0x08002520   0x000000d8   Code   RO            5    i.Hardware_Init     application_main.o
    0x080025f8   0x080025f8   0x00000010   Code   RO         5845    i.IWDG_ReloadCounter  stm32f4xx_iwdg.o
    0x08002608   0x08002608   0x000000e0   Code   RO         1629    i.Kalman_Filter     add_function.o
    0x080026e8   0x080026e8   0x00000030   Code   RO            6    i.MeasureStack      application_main.o
    0x08002718   0x08002718   0x00000004   Code   RO         3155    i.MemManage_Handler  stm32f4xx_it.o
    0x0800271c   0x0800271c   0x00000008   Code   RO          614    i.Mid_Blower_Init   middle_blower.o
    0x08002724   0x08002724   0x0000043c   Code   RO          408    i.Mid_CALCoefficient  application_calibration.o
    0x08002b60   0x08002b60   0x000001ec   Code   RO          615    i.Mid_CalBlower_RPM  middle_blower.o
    0x08002d4c   0x08002d4c   0x00000288   Code   RO          753    i.Mid_CalculateFlow  middle_flow.o
    0x08002fd4   0x08002fd4   0x000000a8   Code   RO          650    i.Mid_CalculatePRESS  middle_pressure.o
    0x0800307c   0x0800307c   0x00000080   Code   RO          409    i.Mid_CalibratePRESS  application_calibration.o
    0x080030fc   0x080030fc   0x0000017c   Code   RO          578    i.Mid_DelayIncreasePRESS  middle_comfortfunction.o
    0x08003278   0x08003278   0x0000000e   Code   RO          979    i.Mid_EEPROM_Init   middle_eeprom.o
    0x08003286   0x08003286   0x00000008   Code   RO         1100    i.Mid_Feed_IWDG     middle_watchdog.o
    0x0800328e   0x0800328e   0x00000008   Code   RO          846    i.Mid_Flash_Init    middle_flash.o
    0x08003296   0x08003296   0x00000012   Code   RO          754    i.Mid_Flow_Init     middle_flow.o
    0x080032a8   0x080032a8   0x000001e0   Code   RO          541    i.Mid_IncreasePID   middle_pid.o
    0x08003488   0x08003488   0x0000005c   Code   RO          542    i.Mid_IncreasePID_Init  middle_pid.o
    0x080034e4   0x080034e4   0x00000008   Code   RO          882    i.Mid_Key_Init      middle_key.o
    0x080034ec   0x080034ec   0x00000008   Code   RO          651    i.Mid_Pressure_Init  middle_pressure.o
    0x080034f4   0x080034f4   0x00000008   Code   RO         1029    i.Mid_RGB_Init      middle_rgb.o
    0x080034fc   0x080034fc   0x00000008   Code   RO          811    i.Mid_RTC_Init      middle_rtc.o
    0x08003504   0x08003504   0x000000f0   Code   RO          847    i.Mid_ReadCALData_Power  middle_flash.o
    0x080035f4   0x080035f4   0x000000fc   Code   RO          755    i.Mid_SDP31Data_Process  middle_flow.o
    0x080036f0   0x080036f0   0x00000026   Code   RO          756    i.Mid_SDP31_RESET   middle_flow.o
    0x08003716   0x08003716   0x0000008c   Code   RO          757    i.Mid_SDP31_ReadData  middle_flow.o
    0x080037a2   0x080037a2   0x0000002e   Code   RO          758    i.Mid_SDP31_WriteCMD  middle_flow.o
    0x080037d0   0x080037d0   0x00000070   Code   RO          616    i.Mid_SendToBlower  middle_blower.o
    0x08003840   0x08003840   0x0000000c   Code   RO          812    i.Mid_Set_RTC       middle_rtc.o
    0x0800384c   0x0800384c   0x00000008   Code   RO         1070    i.Mid_TestPower     middle_testpower.o
    0x08003854   0x08003854   0x00000008   Code   RO         1071    i.Mid_TestPower_Init  middle_testpower.o
    0x0800385c   0x0800385c   0x0000000e   Code   RO          906    i.Mid_Timer6_Init   middle_timer.o
    0x0800386a   0x0800386a   0x00000020   Code   RO          933    i.Mid_Voice_Init    middle_voice.o
    0x0800388a   0x0800388a   0x0000002e   Code   RO          934    i.Mid_Voice_SendData  middle_voice.o
    0x080038b8   0x080038b8   0x00000010   Code   RO         1317    i.Mid_Voice_Start   driver_voice.o
    0x080038c8   0x080038c8   0x00000010   Code   RO         1318    i.Mid_Voice_Stop    driver_voice.o
    0x080038d8   0x080038d8   0x0000000c   Code   RO          848    i.Mid_WriteCALData  middle_flash.o
    0x080038e4   0x080038e4   0x00000024   Code   RO         1632    i.MoveRight_Range   add_function.o
    0x08003908   0x08003908   0x00000002   Code   RO         3156    i.NMI_Handler       stm32f4xx_it.o
    0x0800390a   0x0800390a   0x00000002   PAD
    0x0800390c   0x0800390c   0x00000078   Code   RO         3249    i.NVIC_Init         misc.o
    0x08003984   0x08003984   0x00000014   Code   RO         3250    i.NVIC_PriorityGroupConfig  misc.o
    0x08003998   0x08003998   0x0000000c   Code   RO         6116    i.PWR_BackupAccessCmd  stm32f4xx_pwr.o
    0x080039a4   0x080039a4   0x000000a8   Code   RO            7    i.PowerOnCheck_Task  application_main.o
    0x08003a4c   0x08003a4c   0x0000003c   Code   RO            8    i.PowerOn_ValueInit  application_main.o
    0x08003a88   0x08003a88   0x00000020   Code   RO         6451    i.RCC_AHB1PeriphClockCmd  stm32f4xx_rcc.o
    0x08003aa8   0x08003aa8   0x00000020   Code   RO         6460    i.RCC_APB1PeriphClockCmd  stm32f4xx_rcc.o
    0x08003ac8   0x08003ac8   0x00000020   Code   RO         6463    i.RCC_APB2PeriphClockCmd  stm32f4xx_rcc.o
    0x08003ae8   0x08003ae8   0x000001c8   Code   RO         6474    i.RCC_GetClocksFreq  stm32f4xx_rcc.o
    0x08003cb0   0x08003cb0   0x00000040   Code   RO         6475    i.RCC_GetFlagStatus  stm32f4xx_rcc.o
    0x08003cf0   0x08003cf0   0x0000002c   Code   RO         6483    i.RCC_LSEConfig     stm32f4xx_rcc.o
    0x08003d1c   0x08003d1c   0x0000000c   Code   RO         6497    i.RCC_RTCCLKCmd     stm32f4xx_rcc.o
    0x08003d28   0x08003d28   0x0000003c   Code   RO         6498    i.RCC_RTCCLKConfig  stm32f4xx_rcc.o
    0x08003d64   0x08003d64   0x00000016   Code   RO         6838    i.RTC_Bcd2ToByte    stm32f4xx_rtc.o
    0x08003d7a   0x08003d7a   0x0000001c   Code   RO         6840    i.RTC_ByteToBcd2    stm32f4xx_rtc.o
    0x08003d96   0x08003d96   0x00000002   PAD
    0x08003d98   0x08003d98   0x00000050   Code   RO         6850    i.RTC_EnterInitMode  stm32f4xx_rtc.o
    0x08003de8   0x08003de8   0x00000014   Code   RO         6851    i.RTC_ExitInitMode  stm32f4xx_rtc.o
    0x08003dfc   0x08003dfc   0x00000064   Code   RO         6864    i.RTC_Init          stm32f4xx_rtc.o
    0x08003e60   0x08003e60   0x000000c8   Code   RO         6870    i.RTC_SetDate       stm32f4xx_rtc.o
    0x08003f28   0x08003f28   0x000000d0   Code   RO         6871    i.RTC_SetTime       stm32f4xx_rtc.o
    0x08003ff8   0x08003ff8   0x00000060   Code   RO         6887    i.RTC_WaitForSynchro  stm32f4xx_rtc.o
    0x08004058   0x08004058   0x00000040   Code   RO         7847    i.SYSCFG_EXTILineConfig  stm32f4xx_syscfg.o
    0x08004098   0x08004098   0x0000003a   Code   RO         1633    i.Send_BlowerCRC8   add_function.o
    0x080040d2   0x080040d2   0x00000002   PAD
    0x080040d4   0x080040d4   0x00000120   Code   RO         8781    i.SetSysClock       system_stm32f4xx.o
    0x080041f4   0x080041f4   0x00000010   Code   RO         3157    i.SysTick_Handler   stm32f4xx_it.o
    0x08004204   0x08004204   0x00000068   Code   RO         8783    i.SystemInit        system_stm32f4xx.o
    0x0800426c   0x0800426c   0x00000158   Code   RO         3158    i.TIM6_DAC_IRQHandler  stm32f4xx_it.o
    0x080043c4   0x080043c4   0x00000006   Code   RO         7915    i.TIM_ClearITPendingBit  stm32f4xx_tim.o
    0x080043ca   0x080043ca   0x00000018   Code   RO         7920    i.TIM_Cmd           stm32f4xx_tim.o
    0x080043e2   0x080043e2   0x00000022   Code   RO         7941    i.TIM_GetITStatus   stm32f4xx_tim.o
    0x08004404   0x08004404   0x00000012   Code   RO         7945    i.TIM_ITConfig      stm32f4xx_tim.o
    0x08004416   0x08004416   0x00000002   PAD
    0x08004418   0x08004418   0x00000084   Code   RO         7992    i.TIM_TimeBaseInit  stm32f4xx_tim.o
    0x0800449c   0x0800449c   0x000000ec   Code   RO         3160    i.USART2_IRQHandler  stm32f4xx_it.o
    0x08004588   0x08004588   0x0000001e   Code   RO         8471    i.USART_ClearITPendingBit  stm32f4xx_usart.o
    0x080045a6   0x080045a6   0x00000018   Code   RO         8474    i.USART_Cmd         stm32f4xx_usart.o
    0x080045be   0x080045be   0x0000001a   Code   RO         8477    i.USART_GetFlagStatus  stm32f4xx_usart.o
    0x080045d8   0x080045d8   0x00000054   Code   RO         8478    i.USART_GetITStatus  stm32f4xx_usart.o
    0x0800462c   0x0800462c   0x0000004a   Code   RO         8480    i.USART_ITConfig    stm32f4xx_usart.o
    0x08004676   0x08004676   0x00000002   PAD
    0x08004678   0x08004678   0x000000d4   Code   RO         8481    i.USART_Init        stm32f4xx_usart.o
    0x0800474c   0x0800474c   0x0000000a   Code   RO         8488    i.USART_ReceiveData  stm32f4xx_usart.o
    0x08004756   0x08004756   0x00000008   Code   RO         8491    i.USART_SendData    stm32f4xx_usart.o
    0x0800475e   0x0800475e   0x00000004   Code   RO         3161    i.UsageFault_Handler  stm32f4xx_it.o
    0x08004762   0x08004762   0x0000007a   Code   RO         8826    i.__hardfp_sqrt     m_wm.l(sqrt.o)
    0x080047dc   0x080047dc   0x0000000e   Code   RO         9183    i.__scatterload_copy  mc_w.l(handlers.o)
    0x080047ea   0x080047ea   0x00000002   Code   RO         9184    i.__scatterload_null  mc_w.l(handlers.o)
    0x080047ec   0x080047ec   0x0000000e   Code   RO         9185    i.__scatterload_zeroinit  mc_w.l(handlers.o)
    0x080047fa   0x080047fa   0x00000002   PAD
    0x080047fc   0x080047fc   0x0000000c   Code   RO         9161    i.__set_errno       mc_w.l(errno.o)
    0x08004808   0x08004808   0x000000d0   Code   RO            9    i.main              application_main.o
    0x080048d8   0x080048d8   0x000000d4   Code   RO         2358    i.prvAddCurrentTaskToDelayedList  tasks.o
    0x080049ac   0x080049ac   0x000000f8   Code   RO         2359    i.prvAddNewTaskToReadyList  tasks.o
    0x08004aa4   0x08004aa4   0x00000064   Code   RO         2796    i.prvCheckForValidListAndQueue  timers.o
    0x08004b08   0x08004b08   0x00000048   Code   RO         2360    i.prvCheckTasksWaitingTermination  tasks.o
    0x08004b50   0x08004b50   0x0000002a   Code   RO         1967    i.prvCopyDataFromQueue  queue.o
    0x08004b7a   0x08004b7a   0x0000006a   Code   RO         1968    i.prvCopyDataToQueue  queue.o
    0x08004be4   0x08004be4   0x00000068   Code   RO         2361    i.prvCreateIdleTasks  tasks.o
    0x08004c4c   0x08004c4c   0x0000005a   Code   RO         2362    i.prvCreateTask     tasks.o
    0x08004ca6   0x08004ca6   0x00000012   Code   RO         2363    i.prvDeleteTCB      tasks.o
    0x08004cb8   0x08004cb8   0x00000028   Code   RO         2797    i.prvGetNextExpireTime  timers.o
    0x08004ce0   0x08004ce0   0x0000006c   Code   RO         2988    i.prvHeapInit       heap_4.o
    0x08004d4c   0x08004d4c   0x00000028   Code   RO         2364    i.prvIdleTask       tasks.o
    0x08004d74   0x08004d74   0x0000002a   Code   RO         1969    i.prvInitialiseNewQueue  queue.o
    0x08004d9e   0x08004d9e   0x00000088   Code   RO         2365    i.prvInitialiseNewTask  tasks.o
    0x08004e26   0x08004e26   0x00000002   PAD
    0x08004e28   0x08004e28   0x00000068   Code   RO         2366    i.prvInitialiseTaskLists  tasks.o
    0x08004e90   0x08004e90   0x00000068   Code   RO         2989    i.prvInsertBlockIntoFreeList  heap_4.o
    0x08004ef8   0x08004ef8   0x00000058   Code   RO         2799    i.prvInsertTimerInActiveList  timers.o
    0x08004f50   0x08004f50   0x0000001a   Code   RO         1970    i.prvIsQueueEmpty   queue.o
    0x08004f6a   0x08004f6a   0x0000001e   Code   RO         1971    i.prvIsQueueFull    queue.o
    0x08004f88   0x08004f88   0x00000044   Code   RO         2800    i.prvProcessExpiredTimer  timers.o
    0x08004fcc   0x08004fcc   0x0000011c   Code   RO         2801    i.prvProcessReceivedCommands  timers.o
    0x080050e8   0x080050e8   0x00000074   Code   RO         2802    i.prvProcessTimerOrBlockTask  timers.o
    0x0800515c   0x0800515c   0x00000028   Code   RO         2803    i.prvReloadTimer    timers.o
    0x08005184   0x08005184   0x00000030   Code   RO         2368    i.prvResetNextTaskUnblockTime  tasks.o
    0x080051b4   0x080051b4   0x0000002c   Code   RO         2804    i.prvSampleTimeNow  timers.o
    0x080051e0   0x080051e0   0x00000044   Code   RO         2805    i.prvSwitchTimerLists  timers.o
    0x08005224   0x08005224   0x00000020   Code   RO         2371    i.prvTaskCheckFreeStackSpace  tasks.o
    0x08005244   0x08005244   0x00000016   Code   RO         3068    i.prvTaskExitError  port.o
    0x0800525a   0x0800525a   0x0000001e   Code   RO         1790    i.prvTestWaitCondition  event_groups.o
    0x08005278   0x08005278   0x0000001a   Code   RO         2806    i.prvTimerTask      timers.o
    0x08005292   0x08005292   0x0000007e   Code   RO         1972    i.prvUnlockQueue    queue.o
    0x08005310   0x08005310   0x00000100   Code   RO         2991    i.pvPortMalloc      heap_4.o
    0x08005410   0x08005410   0x0000002c   Code   RO         3069    i.pxPortInitialiseStack  port.o
    0x0800543c   0x0800543c   0x00000020   Code   RO         1634    i.udelay_100us      add_function.o
    0x0800545c   0x0800545c   0x0000001c   Code   RO         1635    i.udelay_1us        add_function.o
    0x08005478   0x08005478   0x00000028   Code   RO         1915    i.uxListRemove      list.o
    0x080054a0   0x080054a0   0x0000000c   Code   RO         2376    i.uxTaskGetNumberOfTasks  tasks.o
    0x080054ac   0x080054ac   0x00000028   Code   RO         2377    i.uxTaskGetStackHighWaterMark  tasks.o
    0x080054d4   0x080054d4   0x0000001c   Code   RO         2382    i.uxTaskResetEventItemValue  tasks.o
    0x080054f0   0x080054f0   0x00000010   Code   RO         1792    i.vEventGroupClearBitsCallback  event_groups.o
    0x08005500   0x08005500   0x00000010   Code   RO         1794    i.vEventGroupSetBitsCallback  event_groups.o
    0x08005510   0x08005510   0x0000001a   Code   RO         1916    i.vListInitialise   list.o
    0x0800552a   0x0800552a   0x00000006   Code   RO         1917    i.vListInitialiseItem  list.o
    0x08005530   0x08005530   0x00000034   Code   RO         1918    i.vListInsert       list.o
    0x08005564   0x08005564   0x00000018   Code   RO         1919    i.vListInsertEnd    list.o
    0x0800557c   0x0800557c   0x00000024   Code   RO         3071    i.vPortEnterCritical  port.o
    0x080055a0   0x080055a0   0x00000020   Code   RO         3072    i.vPortExitCritical  port.o
    0x080055c0   0x080055c0   0x00000068   Code   RO         2992    i.vPortFree         heap_4.o
    0x08005628   0x08005628   0x00000028   Code   RO         3073    i.vPortSetupTimerInterrupt  port.o
    0x08005650   0x08005650   0x00000048   Code   RO         1980    i.vQueueAddToRegistry  queue.o
    0x08005698   0x08005698   0x0000004a   Code   RO         1984    i.vQueueWaitForMessageRestricted  queue.o
    0x080056e2   0x080056e2   0x00000002   PAD
    0x080056e4   0x080056e4   0x00000034   Code   RO         2383    i.vTaskDelay        tasks.o
    0x08005718   0x08005718   0x000000ec   Code   RO         2384    i.vTaskDelete       tasks.o
    0x08005804   0x08005804   0x00000018   Code   RO         2388    i.vTaskInternalSetTimeOutState  tasks.o
    0x0800581c   0x0800581c   0x0000000c   Code   RO         2390    i.vTaskMissedYield  tasks.o
    0x08005828   0x08005828   0x00000020   Code   RO         2391    i.vTaskPlaceOnEventList  tasks.o
    0x08005848   0x08005848   0x00000050   Code   RO         2392    i.vTaskPlaceOnEventListRestricted  tasks.o
    0x08005898   0x08005898   0x00000054   Code   RO         2393    i.vTaskPlaceOnUnorderedEventList  tasks.o
    0x080058ec   0x080058ec   0x000000e0   Code   RO         2395    i.vTaskRemoveFromUnorderedEventList  tasks.o
    0x080059cc   0x080059cc   0x00000058   Code   RO         2400    i.vTaskStartScheduler  tasks.o
    0x08005a24   0x08005a24   0x00000010   Code   RO         2402    i.vTaskSuspendAll   tasks.o
    0x08005a34   0x08005a34   0x00000068   Code   RO         2403    i.vTaskSwitchContext  tasks.o
    0x08005a9c   0x08005a9c   0x00000020   Code   RO         1796    i.xEventGroupClearBits  event_groups.o
    0x08005abc   0x08005abc   0x0000001c   Code   RO         1797    i.xEventGroupClearBitsFromISR  event_groups.o
    0x08005ad8   0x08005ad8   0x0000001a   Code   RO         1798    i.xEventGroupCreate  event_groups.o
    0x08005af2   0x08005af2   0x00000092   Code   RO         1800    i.xEventGroupSetBits  event_groups.o
    0x08005b84   0x08005b84   0x00000024   Code   RO         1801    i.xEventGroupSetBitsFromISR  event_groups.o
    0x08005ba8   0x08005ba8   0x000000cc   Code   RO         1803    i.xEventGroupWaitBits  event_groups.o
    0x08005c74   0x08005c74   0x00000048   Code   RO         3074    i.xPortStartScheduler  port.o
    0x08005cbc   0x08005cbc   0x00000034   Code   RO         3075    i.xPortSysTickHandler  port.o
    0x08005cf0   0x08005cf0   0x0000004c   Code   RO         1985    i.xQueueGenericCreate  queue.o
    0x08005d3c   0x08005d3c   0x000000a0   Code   RO         1986    i.xQueueGenericReset  queue.o
    0x08005ddc   0x08005ddc   0x00000118   Code   RO         1987    i.xQueueGenericSend  queue.o
    0x08005ef4   0x08005ef4   0x0000009a   Code   RO         1988    i.xQueueGenericSendFromISR  queue.o
    0x08005f8e   0x08005f8e   0x00000002   PAD
    0x08005f90   0x08005f90   0x00000104   Code   RO         1994    i.xQueueReceive     queue.o
    0x08006094   0x08006094   0x0000008e   Code   RO         1995    i.xQueueReceiveFromISR  queue.o
    0x08006122   0x08006122   0x00000002   PAD
    0x08006124   0x08006124   0x0000007c   Code   RO         2406    i.xTaskCheckForTimeOut  tasks.o
    0x080061a0   0x080061a0   0x00000038   Code   RO         2407    i.xTaskCreate       tasks.o
    0x080061d8   0x080061d8   0x00000020   Code   RO         2418    i.xTaskGetSchedulerState  tasks.o
    0x080061f8   0x080061f8   0x0000000c   Code   RO         2419    i.xTaskGetTickCount  tasks.o
    0x08006204   0x08006204   0x000001a0   Code   RO         2421    i.xTaskIncrementTick  tasks.o
    0x080063a4   0x080063a4   0x00000118   Code   RO         2422    i.xTaskRemoveFromEventList  tasks.o
    0x080064bc   0x080064bc   0x0000017c   Code   RO         2423    i.xTaskResumeAll    tasks.o
    0x08006638   0x08006638   0x00000040   Code   RO         2815    i.xTimerCreateTimerTask  timers.o
    0x08006678   0x08006678   0x00000034   Code   RO         2824    i.xTimerPendFunctionCallFromISR  timers.o
    0x080066ac   0x080066ac   0x0000000e   Data   RO          411    .constdata          application_calibration.o
    0x080066ba   0x080066ba   0x00000002   PAD
    0x080066bc   0x080066bc   0x00000020   Data   RO         9181    Region$$Table       anon$$obj.o


    Execution Region RW_IRAM1 (Exec base: 0x20000000, Load base: 0x080066dc, Size: 0x000199f8, Max: 0x00020000, ABSOLUTE)

    Exec Addr    Load Addr    Size         Type   Attr      Idx    E Section Name        Object

    0x20000000   0x080066dc   0x00000020   Data   RW          412    .data               application_calibration.o
    0x20000020   0x080066fc   0x00000001   Data   RW          478    .data               application_receiveblower.o
    0x20000021   0x080066fd   0x00000003   PAD
    0x20000024   0x08006700   0x00000008   Data   RW          759    .data               middle_flow.o
    0x2000002c   0x08006708   0x00000010   Data   RW         1721    .data               use_struct.o
    0x2000003c   0x08006718   0x00000034   Data   RW         1745    .data               freertos_define.o
    0x20000070   0x0800674c   0x00000040   Data   RW         2426    .data               tasks.o
    0x200000b0   0x0800678c   0x00000014   Data   RW         2826    .data               timers.o
    0x200000c4   0x080067a0   0x0000001c   Data   RW         2999    .data               heap_4.o
    0x200000e0   0x080067bc   0x00000004   Data   RW         3076    .data               port.o
    0x200000e4   0x080067c0   0x00000009   Data   RW         3162    .data               stm32f4xx_it.o
    0x200000ed   0x080067c9   0x00000010   Data   RW         6507    .data               stm32f4xx_rcc.o
    0x200000fd   0x080067d9   0x00000003   PAD
    0x20000100   0x080067dc   0x00000014   Data   RW         8784    .data               system_stm32f4xx.o
    0x20000114   0x080067f0   0x00000004   Data   RW         9162    .data               mc_w.l(errno.o)
    0x20000118        -       0x00000014   Zero   RW           10    .bss                application_main.o
    0x2000012c        -       0x00000018   Zero   RW          410    .bss                application_calibration.o
    0x20000144        -       0x00000151   Zero   RW         1720    .bss                use_struct.o
    0x20000295   0x080067f4   0x00000003   PAD
    0x20000298        -       0x00000050   Zero   RW         1997    .bss                queue.o
    0x200002e8        -       0x000002e4   Zero   RW         2425    .bss                tasks.o
    0x200005cc        -       0x00000028   Zero   RW         2825    .bss                timers.o
    0x200005f4        -       0x00019000   Zero   RW         2998    .bss                heap_4.o
    0x200195f4   0x080067f4   0x00000004   PAD
    0x200195f8        -       0x00000400   Zero   RW         8819    STACK               startup_stm32f446xx.o


==============================================================================

Image component sizes


      Code (inc. data)   RO Data    RW Data    ZI Data      Debug   Object Name

       590         12          0          0          0       7474   add_function.o
      2140        100         14         32         24       4335   application_calibration.o
       400         14          0          0          0       1037   application_controlblower.o
       532         56          0          0          0       2274   application_machine_onoff.o
      1012        338          0          0         20     386620   application_main.o
       188         18          0          1          0       1027   application_receiveblower.o
       300         18          0          0          0       1438   driver_blower.o
       156         12          0          0          0       1281   driver_eeprom.o
       498         10          0          0          0       2720   driver_flash.o
       200         10          0          0          0        755   driver_key.o
       184         12          0          0          0       1415   driver_pressure.o
       136          8          0          0          0        631   driver_rgb.o
       160          0          0          0          0       1625   driver_rtc.o
       832         76          0          0          0       5406   driver_sdp31.o
        48          8          0          0          0       1173   driver_testpower.o
        92          4          0          0          0        758   driver_timer.o
       272         22          0          0          0       4579   driver_voice.o
       534         16          0          0          0      24284   event_groups.o
         0          0          0         52          0        999   freertos_define.o
       572         58          0         28     102400       5371   heap_4.o
       148          0          0          0          0       3634   list.o
       612         48          0          0          0       2017   middle_blower.o
       380         32          0          0          0       1353   middle_comfortfunction.o
        14          0          0          0          0        538   middle_eeprom.o
       260          8          0          0          0       2304   middle_flash.o
      1142         32          0          8          0       4948   middle_flow.o
         8          0          0          0          0        527   middle_key.o
       572         40          0          0          0       1525   middle_pid.o
       176         30          0          0          0       1293   middle_pressure.o
         8          0          0          0          0        527   middle_rgb.o
        20          0          0          0          0       1433   middle_rtc.o
        16          0          0          0          0       1109   middle_testpower.o
        14          0          0          0          0        534   middle_timer.o
        78          0          0          0          0       1262   middle_voice.o
         8          0          0          0          0        536   middle_watchdog.o
       140         24          0          0          0       1659   misc.o
       488         56          0          4          0      10460   port.o
      1590         18          0          0         80      17773   queue.o
        36          8        452          0       1024        876   startup_stm32f446xx.o
       354         10          0          0          0       6465   stm32f4xx_adc.o
       184         16          0          0          0       2252   stm32f4xx_exti.o
       522         64          0          0          0       7147   stm32f4xx_flash.o
       244          0          0          0          0       3211   stm32f4xx_gpio.o
       948         86          0          9          0       6747   stm32f4xx_it.o
        16          6          0          0          0        533   stm32f4xx_iwdg.o
        12          6          0          0          0        570   stm32f4xx_pwr.o
       732         58          0         16          0       7438   stm32f4xx_rcc.o
       754         40          0          0          0       6415   stm32f4xx_rtc.o
        64          4          0          0          0        692   stm32f4xx_syscfg.o
       214         28          0          0          0       3910   stm32f4xx_tim.o
       468          8          0          0          0       6487   stm32f4xx_usart.o
       392         32          0         20          0       2009   system_stm32f4xx.o
      3436        418          0         64        740      41690   tasks.o
       990        116          0         20         40      13056   timers.o
         0          0          0         16        337       4448   use_struct.o

    ----------------------------------------------------------------------
     23914       1980        500        276     104672     622580   Object Totals
         0          0         32          0          0          0   (incl. Generated)
        28          0          2          6          7          0   (incl. Padding)

    ----------------------------------------------------------------------

      Code (inc. data)   RO Data    RW Data    ZI Data      Debug   Library Member Name

       122          0          0          0          0        148   sqrt.o
         0          0          0          0          0          0   entry.o
         0          0          0          0          0          0   entry10a.o
         0          0          0          0          0          0   entry11a.o
         4          0          0          0          0          0   entry12b.o
         8          4          0          0          0          0   entry2.o
         4          0          0          0          0          0   entry5.o
         0          0          0          0          0          0   entry7b.o
         0          0          0          0          0          0   entry8b.o
         8          4          0          0          0          0   entry9a.o
        12          6          0          4          0         68   errno.o
        30          0          0          0          0          0   handlers.o
        36          8          0          0          0         68   init.o
         0          0          0          0          0          0   iusefp.o
        30          0          0          0          0         68   llshl.o
        36          0          0          0          0         68   llsshr.o
        32          0          0          0          0         68   llushr.o
        36          0          0          0          0         68   memcpya.o
        36          0          0          0          0        108   memseta.o
        48          0          0          0          0         68   cdcmple.o
        56          0          0          0          0         88   d2f.o
       334          0          0          0          0        148   dadd.o
       222          0          0          0          0        100   ddiv.o
       186          0          0          0          0        176   depilogue.o
        62          0          0          0          0         80   dfixi.o
        50          0          0          0          0         76   dfixui.o
        26          0          0          0          0         76   dfltui.o
       228          0          0          0          0         96   dmul.o
       162          0          0          0          0        100   dsqrt.o
        38          0          0          0          0         68   f2d.o
       110          0          0          0          0        168   fepilogue.o

    ----------------------------------------------------------------------
      1918         22          0          4          0       1908   Library Totals
         2          0          0          0          0          0   (incl. Padding)

    ----------------------------------------------------------------------

      Code (inc. data)   RO Data    RW Data    ZI Data      Debug   Library Name

       122          0          0          0          0        148   m_wm.l
       272         22          0          4          0        516   mc_w.l
      1522          0          0          0          0       1244   mf_w.l

    ----------------------------------------------------------------------
      1918         22          0          4          0       1908   Library Totals

    ----------------------------------------------------------------------

==============================================================================


      Code (inc. data)   RO Data    RW Data    ZI Data      Debug   

     25832       2002        500        280     104672     600560   Grand Totals
     25832       2002        500        280     104672     600560   ELF Image Totals
     25832       2002        500        280          0          0   ROM Totals

==============================================================================

    Total RO  Size (Code + RO Data)                26332 (  25.71kB)
    Total RW  Size (RW Data + ZI Data)            104952 ( 102.49kB)
    Total ROM Size (Code + RO Data + RW Data)      26612 (  25.99kB)

==============================================================================

