<html>
<body>
<pre>
<h1>µVision Build Log</h1>
<h2>Tool Versions:</h2>
IDE-Version: ¦ÌVision V5.36.0.0
Copyright (C) 2021 ARM Ltd and ARM Germany GmbH. All rights reserved.
License Information: 123 123, 123, LIC=NQQMA-1LI2Q-QDBKD-81MZN-2GW9L-3C7CX
 
Tool Versions:
Toolchain:       MDK-ARM Plus  Version: 5.36.0.0
Toolchain Path:  E:\KEIL\KEIL5\ARM\ARMCC\Bin
C Compiler:      Armcc.exe V5.06 update 7 (build 960)
Assembler:       Armasm.exe V5.06 update 7 (build 960)
Linker/Locator:  ArmLink.exe V5.06 update 7 (build 960)
Library Manager: ArmAr.exe V5.06 update 7 (build 960)
Hex Converter:   FromElf.exe V5.06 update 7 (build 960)
CPU DLL:         SARMCM3.DLL V5.36.0.0
Dialog DLL:      DCM.DLL V1.17.3.0
Target DLL:      STLink\ST-LINKIII-KEIL_SWO.dll V3.0.9.0
Dialog DLL:      TCM.DLL V1.53.0.0
 
<h2>Project:</h2>
E:\1.MRS\2.MRS-Project\1.Ventilator\3.miniVentilator\1.Project-miniVentilator\8.Project\project.uvprojx
Project File Date:  09/12/2025

<h2>Output:</h2>
*** Using Compiler 'V5.06 update 7 (build 960)', folder: 'E:\KEIL\KEIL5\ARM\ARMCC\Bin'
Rebuild target 'project'
compiling Middle_RTC.c...
compiling Middle_Algorithm.c...
compiling Application_ControlBlower.c...
..\1.Application\Application_ControlBlower.c(13): warning:  #177-D: variable "run_param"  was declared but never referenced
  	Run_Param_t run_param;
..\1.Application\Application_ControlBlower.c: 1 warning, 0 errors
compiling Middle_Pressure.c...
compiling Middle_ComfortFunction.c...
compiling Application_MaskDetection.c...
compiling Middle_TestMask.c...
compiling Application_ReceiveBlower.c...
compiling Middle_PID.c...
compiling Application_Machine_OnOff.c...
..\1.Application\Application_Machine_OnOff.c(11): warning:  #550-D: variable "measure_flow"  was set but never used
  	int measure_flow = 0;
..\1.Application\Application_Machine_OnOff.c: 1 warning, 0 errors
compiling Middle_Blower.c...
compiling Middle_Flow.c...
compiling Middle_Alarm.c...
compiling Application_Calibration.c...
compiling Application_Main.c...
compiling Middle_Key.c...
compiling Middle_Timer.c...
compiling Middle_Flash.c...
compiling Middle_TestPower.c...
compiling Middle_WatchDog.c...
compiling Middle_Voice.c...
compiling Middle_EEPROM.c...
compiling Driver_Key.c...
compiling Middle_Parameter.c...
compiling Middle_RGB.c...
compiling Driver_Timer.c...
compiling Driver_Blower.c...
compiling Driver_RTC.c...
compiling Driver_Flash.c...
compiling Driver_Pressure.c...
compiling Driver_Voice.c...
compiling Driver_TestPower.c...
compiling Driver_RGB.c...
compiling Driver_SDP31.c...
compiling Driver_GZP6891D.c...
compiling Use_Struct.c...
compiling Add_Function.c...
compiling FreeRTOS_Define.c...
compiling croutine.c...
compiling Driver_EEPROM.c...
compiling event_groups.c...
compiling list.c...
compiling queue.c...
compiling stream_buffer.c...
compiling tasks.c...
compiling timers.c...
compiling misc.c...
compiling port.c...
compiling heap_4.c...
compiling stm32f4xx_crc.c...
compiling stm32f4xx_adc.c...
compiling stm32f4xx_cryp_des.c...
compiling stm32f4xx_can.c...
compiling stm32f4xx_it.c...
compiling stm32f4xx_cryp_tdes.c...
compiling stm32f4xx_cec.c...
compiling stm32f4xx_cryp.c...
compiling stm32f4xx_dac.c...
compiling stm32f4xx_cryp_aes.c...
compiling stm32f4xx_dbgmcu.c...
compiling stm32f4xx_dcmi.c...
compiling stm32f4xx_dfsdm.c...
compiling stm32f4xx_dma2d.c...
compiling stm32f4xx_dma.c...
compiling stm32f4xx_flash_ramfunc.c...
compiling stm32f4xx_exti.c...
compiling stm32f4xx_hash.c...
compiling stm32f4xx_dsi.c...
compiling stm32f4xx_gpio.c...
compiling stm32f4xx_hash_sha1.c...
compiling stm32f4xx_hash_md5.c...
compiling stm32f4xx_flash.c...
compiling stm32f4xx_iwdg.c...
compiling stm32f4xx_i2c.c...
compiling stm32f4xx_fmpi2c.c...
compiling stm32f4xx_lptim.c...
compiling stm32f4xx_ltdc.c...
compiling stm32f4xx_rng.c...
compiling stm32f4xx_pwr.c...
compiling stm32f4xx_spdifrx.c...
compiling stm32f4xx_qspi.c...
compiling stm32f4xx_sai.c...
compiling stm32f4xx_syscfg.c...
compiling stm32f4xx_sdio.c...
compiling stm32f4xx_usart.c...
compiling stm32f4xx_spi.c...
compiling stm32f4xx_rcc.c...
compiling systick.c...
compiling stm32f4xx_wwdg.c...
compiling stm32f4xx_rtc.c...
compiling stm32f4xx_tim.c...
assembling startup_stm32f446xx.s...
compiling system_stm32f4xx.c...
linking...
Program Size: Code=25540 RO-data=500 RW-data=276 ZI-data=53452  
FromELF: creating hex file...
".\Objects\project.axf" - 0 Error(s), 2 Warning(s).

<h2>Software Packages used:</h2>

Package Vendor: Keil
                https://www.keil.com/pack/Keil.STM32F4xx_DFP.2.17.1.pack
                Keil.STM32F4xx_DFP.2.17.1
                STMicroelectronics STM32F4 Series Device Support, Drivers and Examples

<h2>Collection of Component include folders:</h2>
  E:\KEIL\KEIL5\ARM\PACK\Keil\STM32F4xx_DFP\2.17.1\Drivers\CMSIS\Device\ST\STM32F4xx\Include

<h2>Collection of Component Files used:</h2>
Build Time Elapsed:  00:00:10
</pre>
</body>
</html>
